 pandamat

 Timestamp is 57e40cf4 (Fri Sep 23 00:55:16 2016)

 Preferred load address is 10000000

 Start         Length     Name                   Class
 0001:00000000 00000f60H .text$di                CODE
 0001:00000f60 00036a20H .text$mn                CODE
 0001:00037980 00001ef0H .text$x                 CODE
 0001:00039870 00000091H .text$yd                CODE
 0002:00000000 00000150H .idata$5                DATA
 0002:00000150 00000004H .00cfg                  DATA
 0002:00000154 00000004H .CRT$XCA                DATA
 0002:00000158 0000001cH .CRT$XCC                DATA
 0002:00000174 00000008H .CRT$XCL                DATA
 0002:0000017c 000003a4H .CRT$XCU                DATA
 0002:00000520 00000004H .CRT$XCZ                DATA
 0002:00000524 00000004H .CRT$XIA                DATA
 0002:00000528 00000018H .CRT$XIC                DATA
 0002:00000540 00000004H .CRT$XIZ                DATA
 0002:00000544 00000004H .CRT$XLA                DATA
 0002:00000548 00000004H .CRT$XLZ                DATA
 0002:0000054c 00000004H .CRT$XPA                DATA
 0002:00000550 00000008H .CRT$XPX                DATA
 0002:00000558 00000004H .CRT$XPXA               DATA
 0002:0000055c 00000004H .CRT$XPZ                DATA
 0002:00000560 00000004H .CRT$XTA                DATA
 0002:00000564 0000000cH .CRT$XTZ                DATA
 0002:00000570 0000d734H .rdata                  DATA
 0002:0000dca4 00000018H .rdata$T                DATA
 0002:0000dcbc 000009f4H .rdata$r                DATA
 0002:0000e6b0 000001ecH .rdata$sxdata           DATA
 0002:0000e89c 00000480H .rdata$zzzdbg           DATA
 0002:0000ed1c 00000004H .rtc$IAA                DATA
 0002:0000ed20 00000004H .rtc$IZZ                DATA
 0002:0000ed24 00000004H .rtc$TAA                DATA
 0002:0000ed28 00000008H .rtc$TZZ                DATA
 0002:0000ed30 00002604H .xdata$x                DATA
 0002:00011334 00000020H .didat$2                DATA
 0002:00011354 00000020H .didat$3                DATA
 0002:00011374 000000b0H .didat$4                DATA
 0002:00011424 00000a08H .didat$6                DATA
 0002:00011e2c 000000b4H .didat$7                DATA
 0002:00011ee0 00000054H .edata                  DATA
 0002:00011f34 00000014H .idata$2                DATA
 0002:00011f48 00000014H .idata$3                DATA
 0002:00011f5c 00000150H .idata$4                DATA
 0002:000120ac 000005feH .idata$6                DATA
 0003:00000000 000009e0H .data                   DATA
 0003:000009e0 00000518H .data$r                 DATA
 0003:00000ef8 000000b0H .didat$5                DATA
 0003:00000fa8 00001188H .bss                    DATA
 0004:00000000 000000c4H .gfids$x                DATA
 0004:000000c4 00000274H .gfids$y                DATA
 0005:00000000 00000004H .tls                    DATA
 0005:00000004 00000004H .tls$                   DATA
 0005:00000008 00000001H .tls$ZZZ                DATA
 0006:00000000 00000060H .rsrc$01                DATA
 0006:00000060 00000180H .rsrc$02                DATA

  Address         Publics by Value              Rva+Base       Lib:Object

 0000:00000000       ___guard_fids_count        00000000     <absolute>
 0000:00000000       ___guard_longjmp_table     00000000     <absolute>
 0000:00000000       ___guard_longjmp_count     00000000     <absolute>
 0000:00000000       ___guard_iat_table         00000000     <absolute>
 0000:00000000       ___guard_iat_count         00000000     <absolute>
 0000:00000000       __except_list              00000000     <absolute>
 0000:00000000       ___guard_fids_table        00000000     <absolute>
 0000:00000000       ___dynamic_value_reloc_table 00000000     <absolute>
 0000:0000002c       __tls_array                0000002c     <absolute>
 0000:0000007b       ___safe_se_handler_count   0000007b     <absolute>
 0000:00000100       ___guard_flags             00000100     <absolute>
 0000:00000000       ___ImageBase               10000000     <linker-defined>
 0001:00000f70       ?NODE_SET_METHOD@node@@YAXV?$Local@VObject@v8@@@v8@@PBDP6AXABV?$FunctionCallbackInfo@VValue@v8@@@3@@Z@Z 10001f70 f i addon.obj
 0001:00001030       ?PandaMat@@YAXABV?$FunctionCallbackInfo@VValue@v8@@@v8@@@Z 10002030 f   addon.obj
 0001:00001040       ?InitAll@@YAXV?$Local@VObject@v8@@@v8@@0@Z 10002040 f   addon.obj
 0001:00001070       ___local_stdio_printf_options 10002070 f i pandamat.obj
 0001:00001080       __vsprintf_s_l             10002080 f i pandamat.obj
 0001:000010c0       _sprintf_s                 100020c0 f i pandamat.obj
 0001:000010e0       ?what@exception@stdext@@UBEPBDXZ 100020e0 f i pandamat.obj
 0001:000010f0       ?_Raise@exception@stdext@@QBEXXZ 100020f0 f i pandamat.obj
 0001:00001120       @_guard_check_icall_nop@4  10002120 f i LIBCMT:guard_support.obj
 0001:00001120       ___except_validate_jump_buffer 10002120 f i libvcruntime:jbcxrval.obj
 0001:00001120       ??3@YAXPAX0@Z              10002120 f i pandapool.obj
 0001:00001120       ___except_validate_context_record 10002120 f i libvcruntime:jbcxrval.obj
 0001:00001120       ?_Doraise@exception@stdext@@MBEXXZ 10002120 f i pandamat.obj
 0001:00001120       ?_Lock@?$basic_streambuf@DU?$char_traits@D@std@@@std@@UAEXXZ 10002120 f i pandamat.obj
 0001:00001120       ?_Unlock@?$basic_streambuf@DU?$char_traits@D@std@@@std@@UAEXXZ 10002120 f i pandamat.obj
 0001:00001130       ??_Eexception@stdext@@UAEPAXI@Z 10002130 f i * CIL library *:* CIL module *
 0001:00001130       ??_Eruntime_error@std@@UAEPAXI@Z 10002130 f i * CIL library *:* CIL module *
 0001:00001130       ??_Glogic_error@std@@UAEPAXI@Z 10002130 f i pandapool.obj
 0001:00001130       ??_Ebad_alloc@stdext@@UAEPAXI@Z 10002130 f i * CIL library *:* CIL module *
 0001:00001130       ??_Gruntime_error@std@@UAEPAXI@Z 10002130 f i pandamat.obj
 0001:00001130       ??_Elogic_error@std@@UAEPAXI@Z 10002130 f i * CIL library *:* CIL module *
 0001:00001130       ??_Gexception@stdext@@UAEPAXI@Z 10002130 f i pandamat.obj
 0001:00001130       ??_Gbad_alloc@stdext@@UAEPAXI@Z 10002130 f i pandapool.obj
 0001:00001160       ??1failure@ios_base@std@@UAE@XZ 10002160 f i pandamat.obj
 0001:00001160       ??1runtime_error@std@@UAE@XZ 10002160 f i pandamat.obj
 0001:00001160       ??1bad_alloc@stdext@@UAE@XZ 10002160 f i pandapool.obj
 0001:00001160       ??1logic_error@std@@UAE@XZ 10002160 f i pandapool.obj
 0001:00001170       ??0_Locinfo@std@@QAE@PBD@Z 10002170 f i pandamat.obj
 0001:00001230       ??1_Locinfo@std@@QAE@XZ    10002230 f i pandamat.obj
 0001:000012d0       ??_E_Facet_base@std@@UAEPAXI@Z 100022d0 f i * CIL library *:* CIL module *
 0001:000012d0       ??_G_Facet_base@std@@UAEPAXI@Z 100022d0 f i pandamat.obj
 0001:00001300       ??Bid@locale@std@@QAEIXZ   10002300 f i pandamat.obj
 0001:00001340       ?_Incref@facet@locale@std@@UAEXXZ 10002340 f i pandamat.obj
 0001:00001350       ?_Decref@facet@locale@std@@UAEPAV_Facet_base@3@XZ 10002350 f i pandamat.obj
 0001:00001370       ??1facet@locale@std@@MAE@XZ 10002370 f i pandamat.obj
 0001:00001380       ??1locale@std@@QAE@XZ      10002380 f i pandamat.obj
 0001:000013a0       ?c_str@locale@std@@QBEPBDXZ 100023a0 f i pandamat.obj
 0001:000013c0       ?_Getfacet@locale@std@@QBEPBVfacet@12@I@Z 100023c0 f i pandamat.obj
 0001:00001400       ?_Getcat@?$ctype@D@std@@SAIPAPBVfacet@locale@2@PBV42@@Z 10002400 f i pandamat.obj
 0001:000014c0       ?do_tolower@?$ctype@D@std@@MBEDD@Z 100024c0 f i pandamat.obj
 0001:000014e0       ?do_tolower@?$ctype@D@std@@MBEPBDPADPBD@Z 100024e0 f i pandamat.obj
 0001:00001520       ?do_toupper@?$ctype@D@std@@MBEDD@Z 10002520 f i pandamat.obj
 0001:00001540       ?do_toupper@?$ctype@D@std@@MBEPBDPADPBD@Z 10002540 f i pandamat.obj
 0001:00001580       ?do_widen@?$ctype@D@std@@MBEDD@Z 10002580 f i pandamat.obj
 0001:00001590       ?do_widen@?$ctype@D@std@@MBEPBDPBD0PAD@Z 10002590 f i pandamat.obj
 0001:000015b0       ?do_narrow@?$ctype@D@std@@MBEDDD@Z 100025b0 f i pandamat.obj
 0001:000015c0       ?do_narrow@?$ctype@D@std@@MBEPBDPBD0DPAD@Z 100025c0 f i pandamat.obj
 0001:000015e0       ??_E?$ctype@D@std@@MAEPAXI@Z 100025e0 f i * CIL library *:* CIL module *
 0001:000015e0       ??_G?$ctype@D@std@@MAEPAXI@Z 100025e0 f i pandamat.obj
 0001:00001630       ??_G_Iostream_error_category@std@@UAEPAXI@Z 10002630 f i pandamat.obj
 0001:00001630       ??_E_Iostream_error_category@std@@UAEPAXI@Z 10002630 f i * CIL library *:* CIL module *
 0001:00001630       ??_Gerror_category@std@@UAEPAXI@Z 10002630 f i pandamat.obj
 0001:00001630       ??_Eerror_category@std@@UAEPAXI@Z 10002630 f i * CIL library *:* CIL module *
 0001:00001660       ?message@error_code@std@@QBE?AV?$basic_string@DU?$char_traits@D@std@@V?$allocator@D@2@@2@XZ 10002660 f i pandamat.obj
 0001:00001690       ?default_error_condition@error_category@std@@UBE?AVerror_condition@2@H@Z 10002690 f i pandamat.obj
 0001:000016a0       ?equivalent@error_category@std@@UBE_NHABVerror_condition@2@@Z 100026a0 f i pandamat.obj
 0001:00001700       ?equivalent@error_category@std@@UBE_NABVerror_code@2@H@Z 10002700 f i pandamat.obj
 0001:00001730       ?_Makestr@_System_error@std@@CA?AV?$basic_string@DU?$char_traits@D@std@@V?$allocator@D@2@@2@Verror_code@2@V32@@Z 10002730 f i pandamat.obj
 0001:000017f0       ??0_System_error@std@@IAE@Verror_code@1@ABV?$basic_string@DU?$char_traits@D@std@@V?$allocator@D@2@@1@@Z 100027f0 f i pandamat.obj
 0001:00001890       ??_Efailure@ios_base@std@@UAEPAXI@Z 10002890 f i * CIL library *:* CIL module *
 0001:00001890       ??_Gfailure@ios_base@std@@UAEPAXI@Z 10002890 f i pandamat.obj
 0001:00001890       ??_G_System_error@std@@UAEPAXI@Z 10002890 f i pandamat.obj
 0001:00001890       ??_Gsystem_error@std@@UAEPAXI@Z 10002890 f i pandamat.obj
 0001:00001890       ??_Esystem_error@std@@UAEPAXI@Z 10002890 f i * CIL library *:* CIL module *
 0001:00001890       ??_E_System_error@std@@UAEPAXI@Z 10002890 f i * CIL library *:* CIL module *
 0001:000018c0       ??0system_error@std@@QAE@Verror_code@1@PBD@Z 100028c0 f i pandamat.obj
 0001:00001980       ?message@_Generic_error_category@std@@UBE?AV?$basic_string@DU?$char_traits@D@std@@V?$allocator@D@2@@2@H@Z 10002980 f i pandamat.obj
 0001:000019f0       ?name@_Iostream_error_category@std@@UBEPBDXZ 100029f0 f i pandamat.obj
 0001:00001a00       ?message@_Iostream_error_category@std@@UBE?AV?$basic_string@DU?$char_traits@D@std@@V?$allocator@D@2@@2@H@Z 10002a00 f i pandamat.obj
 0001:00001a50       ??0failure@ios_base@std@@QAE@PBDABVerror_code@2@@Z 10002a50 f i pandamat.obj
 0001:00001a80       ?clear@ios_base@std@@QAEXH_N@Z 10002a80 f i pandamat.obj
 0001:00001b70       ?getloc@ios_base@std@@QBE?AVlocale@2@XZ 10002b70 f i pandamat.obj
 0001:00001ba0       ?_Init@ios_base@std@@IAEXXZ 10002ba0 f i pandamat.obj
 0001:00001c50       ??_Eios_base@std@@UAEPAXI@Z 10002c50 f i * CIL library *:* CIL module *
 0001:00001c50       ??_Gios_base@std@@UAEPAXI@Z 10002c50 f i pandamat.obj
 0001:00001c80       ?NODE_SET_PROTOTYPE_METHOD@node@@YAXV?$Local@VFunctionTemplate@v8@@@v8@@PBDP6AXABV?$FunctionCallbackInfo@VValue@v8@@@3@@Z@Z 10002c80 f i pandamat.obj
 0001:00001d60       ??1ObjectWrap@node@@UAE@XZ 10002d60 f i pandamat.obj
 0001:00001e10       ?Wrap@ObjectWrap@node@@IAEXV?$Local@VObject@v8@@@v8@@@Z 10002e10 f i pandamat.obj
 0001:00001ec0       ?Ref@ObjectWrap@node@@MAEXXZ 10002ec0 f i pandamat.obj
 0001:00001ef0       ?Unref@ObjectWrap@node@@MAEXXZ 10002ef0 f i pandamat.obj
 0001:00001f80       ?WeakCallback@ObjectWrap@node@@CAXABV?$WeakCallbackInfo@VObjectWrap@node@@@v8@@@Z 10002f80 f i pandamat.obj
 0001:00001fd0       ??_GObjectWrap@node@@UAEPAXI@Z 10002fd0 f i pandamat.obj
 0001:00001fd0       ??_EObjectWrap@node@@UAEPAXI@Z 10002fd0 f i * CIL library *:* CIL module *
 0001:00001ff0       ??1OperationData@@QAE@XZ   10002ff0 f i pandamat.obj
 0001:00002180       ??1?$map@V?$basic_string@DU?$char_traits@D@std@@V?$allocator@D@2@@std@@V?$Mat@N@arma@@U?$less@V?$basic_string@DU?$char_traits@D@std@@V?$allocator@D@2@@std@@@2@V?$allocator@U?$pair@$$CBV?$basic_string@DU?$char_traits@D@std@@V?$allocator@D@2@@std@@V?$Mat@N@arma@@@std@@@2@@std@@QAE@XZ 10003180 f i pandamat.obj
 0001:000021a0       ??1?$map@V?$basic_string@DU?$char_traits@D@std@@V?$allocator@D@2@@std@@NU?$less@V?$basic_string@DU?$char_traits@D@std@@V?$allocator@D@2@@std@@@2@V?$allocator@U?$pair@$$CBV?$basic_string@DU?$char_traits@D@std@@V?$allocator@D@2@@std@@N@std@@@2@@std@@QAE@XZ 100031a0 f i pandamat.obj
 0001:000021a0       ??1?$map@V?$basic_string@DU?$char_traits@D@std@@V?$allocator@D@2@@std@@_NU?$less@V?$basic_string@DU?$char_traits@D@std@@V?$allocator@D@2@@std@@@2@V?$allocator@U?$pair@$$CBV?$basic_string@DU?$char_traits@D@std@@V?$allocator@D@2@@std@@_N@std@@@2@@std@@QAE@XZ 100031a0 f i pandamat.obj
 0001:000021a0       ??1?$map@V?$basic_string@DU?$char_traits@D@std@@V?$allocator@D@2@@std@@W4parameterType@@U?$less@V?$basic_string@DU?$char_traits@D@std@@V?$allocator@D@2@@std@@@2@V?$allocator@U?$pair@$$CBV?$basic_string@DU?$char_traits@D@std@@V?$allocator@D@2@@std@@W4parameterType@@@std@@@2@@std@@QAE@XZ 100031a0 f i pandamat.obj
 0001:000021c0       ??1?$map@V?$basic_string@DU?$char_traits@D@std@@V?$allocator@D@2@@std@@V12@U?$less@V?$basic_string@DU?$char_traits@D@std@@V?$allocator@D@2@@std@@@2@V?$allocator@U?$pair@$$CBV?$basic_string@DU?$char_traits@D@std@@V?$allocator@D@2@@std@@V12@@std@@@2@@std@@QAE@XZ 100031c0 f i pandamat.obj
 0001:000021e0       ??_EPandaMat@@UAEPAXI@Z    100031e0 f i * CIL library *:* CIL module *
 0001:000021e0       ??_GPandaMat@@UAEPAXI@Z    100031e0 f i pandamat.obj
 0001:00002220       ??1OperationCollection@@QAE@XZ 10003220 f i pandamat.obj
 0001:000022e0       ??1PandaPool@@QAE@XZ       100032e0 f i pandamat.obj
 0001:00002430       ??1?$map@IV?$basic_string@DU?$char_traits@D@std@@V?$allocator@D@2@@std@@U?$less@I@2@V?$allocator@U?$pair@$$CBIV?$basic_string@DU?$char_traits@D@std@@V?$allocator@D@2@@std@@@std@@@2@@std@@QAE@XZ 10003430 f i pandamat.obj
 0001:00002450       ??1?$map@IVNormalize@@U?$less@I@std@@V?$allocator@U?$pair@$$CBIVNormalize@@@std@@@3@@std@@QAE@XZ 10003450 f i pandamat.obj
 0001:00002450       ??1?$map@IVTranspose@@U?$less@I@std@@V?$allocator@U?$pair@$$CBIVTranspose@@@std@@@3@@std@@QAE@XZ 10003450 f i pandamat.obj
 0001:00002450       ??1?$map@IVAdd@@U?$less@I@std@@V?$allocator@U?$pair@$$CBIVAdd@@@std@@@3@@std@@QAE@XZ 10003450 f i pandamat.obj
 0001:00002450       ??1?$map@IVDot@@U?$less@I@std@@V?$allocator@U?$pair@$$CBIVDot@@@std@@@3@@std@@QAE@XZ 10003450 f i pandamat.obj
 0001:00002470       ??1?$map@I_NU?$less@I@std@@V?$allocator@U?$pair@$$CBI_N@std@@@2@@std@@QAE@XZ 10003470 f i pandamat.obj
 0001:00002470       ??1?$map@IW4exceptions@@U?$less@I@std@@V?$allocator@U?$pair@$$CBIW4exceptions@@@std@@@3@@std@@QAE@XZ 10003470 f i pandamat.obj
 0001:00002470       ??1?$map@IPAVIsolate@v8@@U?$less@I@std@@V?$allocator@U?$pair@$$CBIPAVIsolate@v8@@@std@@@4@@std@@QAE@XZ 10003470 f i pandamat.obj
 0001:00002470       ??1?$map@INU?$less@I@std@@V?$allocator@U?$pair@$$CBIN@std@@@2@@std@@QAE@XZ 10003470 f i pandamat.obj
 0001:00002490       ??1?$map@IV?$Mat@N@arma@@U?$less@I@std@@V?$allocator@U?$pair@$$CBIV?$Mat@N@arma@@@std@@@4@@std@@QAE@XZ 10003490 f i pandamat.obj
 0001:000024b0       ?setState@PandaMat@@IAEXIW4exceptions@@V?$basic_string@DU?$char_traits@D@std@@V?$allocator@D@2@@std@@@Z 100034b0 f   pandamat.obj
 0001:00002540       ?send@PandaMat@@IAEXIPAVOperation@@PBDI@Z 10003540 f   pandamat.obj
 0001:00002600       ?getResult@PandaMat@@IAEXIPAVOperation@@@Z 10003600 f   pandamat.obj
 0001:00002650       ?getOperation@PandaMat@@IAEPAVOperation@@IPBD@Z 10003650 f   pandamat.obj
 0001:00002760       ??1OperationResult@@QAE@XZ 10003760 f i pandamat.obj
 0001:00002760       ??1?$pair@IV?$basic_string@DU?$char_traits@D@std@@V?$allocator@D@2@@std@@@std@@QAE@XZ 10003760 f i pandapool.obj
 0001:000027a0       ?packResult@PandaMat@@IAE?AV?$Local@VObject@v8@@@v8@@I@Z 100037a0 f   pandamat.obj
 0001:00002a40       ?Operate@PandaMat@@CAXABV?$FunctionCallbackInfo@VValue@v8@@@v8@@@Z 10003a40 f   pandamat.obj
 0001:00002f90       ?saveData@PandaMat@@CAXABV?$FunctionCallbackInfo@VValue@v8@@@v8@@@Z 10003f90 f   pandamat.obj
 0001:00003240       ?removeData@PandaMat@@CAXABV?$FunctionCallbackInfo@VValue@v8@@@v8@@@Z 10004240 f   pandamat.obj
 0001:000033f0       ?getData@PandaMat@@CAXABV?$FunctionCallbackInfo@VValue@v8@@@v8@@@Z 100043f0 f   pandamat.obj
 0001:00003660       ?New@PandaMat@@CAXABV?$FunctionCallbackInfo@VValue@v8@@@v8@@@Z 10004660 f   pandamat.obj
 0001:000037c0       ?Init@PandaMat@@SAXPAVIsolate@v8@@@Z 100047c0 f   pandamat.obj
 0001:000038c0       ?NewInstance@PandaMat@@SAXABV?$FunctionCallbackInfo@VValue@v8@@@v8@@@Z 100048c0 f   pandamat.obj
 0001:00003950       ??1?$_Yarn@_W@std@@QAE@XZ  10004950 f i pandamat.obj
 0001:00003950       ??1?$_Yarn@D@std@@QAE@XZ   10004950 f i pandamat.obj
 0001:00003970       ?compare@?$basic_string@DU?$char_traits@D@std@@V?$allocator@D@2@@std@@QBEHPBD@Z 10004970 f i pandamat.obj
 0001:000039c0       ??1?$pair@V?$basic_string@DU?$char_traits@D@std@@V?$allocator@D@2@@std@@N@std@@QAE@XZ 100049c0 f i pandapool.obj
 0001:000039c0       ??1?$basic_string@DU?$char_traits@D@std@@V?$allocator@D@2@@std@@QAE@XZ 100049c0 f i pandamat.obj
 0001:000039c0       ??1?$pair@V?$basic_string@DU?$char_traits@D@std@@V?$allocator@D@2@@std@@W4parameterType@@@std@@QAE@XZ 100049c0 f i pandapool.obj
 0001:000039c0       ??1?$pair@V?$basic_string@DU?$char_traits@D@std@@V?$allocator@D@2@@std@@_N@std@@QAE@XZ 100049c0 f i pandapool.obj
 0001:00003a00       ??4?$basic_string@DU?$char_traits@D@std@@V?$allocator@D@2@@std@@QAEAAV01@$$QAV01@@Z 10004a00 f i pandamat.obj
 0001:00003a00       ?assign@?$basic_string@DU?$char_traits@D@std@@V?$allocator@D@2@@std@@QAEAAV12@$$QAV12@@Z 10004a00 f i pandamat.obj
 0001:00003a60       ??0?$basic_string@DU?$char_traits@D@std@@V?$allocator@D@2@@std@@QAE@$$QAV01@@Z 10004a60 f i pandamat.obj
 0001:00003ae0       ??0?$basic_string@DU?$char_traits@D@std@@V?$allocator@D@2@@std@@QAE@PBD@Z 10004ae0 f i pandamat.obj
 0001:00003b30       ??0?$basic_string@DU?$char_traits@D@std@@V?$allocator@D@2@@std@@QAE@ABV01@@Z 10004b30 f i pandamat.obj
 0001:00003b60       ?seekpos@?$basic_stringbuf@DU?$char_traits@D@std@@V?$allocator@D@2@@std@@MAE?AV?$fpos@U_Mbstatet@@@2@V32@H@Z 10004b60 f i pandamat.obj
 0001:00003c90       ?seekoff@?$basic_stringbuf@DU?$char_traits@D@std@@V?$allocator@D@2@@std@@MAE?AV?$fpos@U_Mbstatet@@@2@_JHH@Z 10004c90 f i pandamat.obj
 0001:00003e70       ?underflow@?$basic_stringbuf@DU?$char_traits@D@std@@V?$allocator@D@2@@std@@MAEHXZ 10004e70 f i pandamat.obj
 0001:00003ed0       ?pbackfail@?$basic_stringbuf@DU?$char_traits@D@std@@V?$allocator@D@2@@std@@MAEHH@Z 10004ed0 f i pandamat.obj
 0001:00003f30       ?overflow@?$basic_stringbuf@DU?$char_traits@D@std@@V?$allocator@D@2@@std@@MAEHH@Z 10004f30 f i pandamat.obj
 0001:000040f0       ?flush@?$basic_ostream@DU?$char_traits@D@std@@@std@@QAEAAV12@XZ 100050f0 f i pandamat.obj
 0001:00004190       ?put@?$basic_ostream@DU?$char_traits@D@std@@@std@@QAEAAV12@D@Z 10005190 f i pandamat.obj
 0001:000042a0       ??6?$basic_ostream@DU?$char_traits@D@std@@@std@@QAEAAV01@I@Z 100052a0 f i pandamat.obj
 0001:000043e0       ??1?$basic_ostream@DU?$char_traits@D@std@@@std@@UAE@XZ 100053e0 f i pandamat.obj
 0001:00004400       ?imbue@?$basic_streambuf@DU?$char_traits@D@std@@@std@@MAEXABVlocale@2@@Z 10005400 f i pandamat.obj
 0001:00004410       ?sync@?$basic_streambuf@DU?$char_traits@D@std@@@std@@MAEHXZ 10005410 f i pandamat.obj
 0001:00004420       ?setbuf@?$basic_streambuf@DU?$char_traits@D@std@@@std@@MAEPAV12@PAD_J@Z 10005420 f i pandamat.obj
 0001:00004430       ?seekpos@?$basic_streambuf@DU?$char_traits@D@std@@@std@@MAE?AV?$fpos@U_Mbstatet@@@2@V32@H@Z 10005430 f i pandamat.obj
 0001:00004460       ?seekoff@?$basic_streambuf@DU?$char_traits@D@std@@@std@@MAE?AV?$fpos@U_Mbstatet@@@2@_JHH@Z 10005460 f i pandamat.obj
 0001:00004490       ?xsputn@?$basic_streambuf@DU?$char_traits@D@std@@@std@@MAE_JPBD_J@Z 10005490 f i pandamat.obj
 0001:000045a0       ?xsgetn@?$basic_streambuf@DU?$char_traits@D@std@@@std@@MAE_JPAD_J@Z 100055a0 f i pandamat.obj
 0001:000046d0       ?uflow@?$basic_streambuf@DU?$char_traits@D@std@@@std@@MAEHXZ 100056d0 f i pandamat.obj
 0001:00004700       ?underflow@?$basic_streambuf@DU?$char_traits@D@std@@@std@@MAEHXZ 10005700 f i pandamat.obj
 0001:00004710       ?showmanyc@?$basic_streambuf@DU?$char_traits@D@std@@@std@@MAE_JXZ 10005710 f i pandamat.obj
 0001:00004720       ?pbackfail@?$basic_streambuf@DU?$char_traits@D@std@@@std@@MAEHH@Z 10005720 f i pandamat.obj
 0001:00004720       ?overflow@?$basic_streambuf@DU?$char_traits@D@std@@@std@@MAEHH@Z 10005720 f i pandamat.obj
 0001:00004730       ??1?$basic_streambuf@DU?$char_traits@D@std@@@std@@UAE@XZ 10005730 f i pandamat.obj
 0001:00004770       ??1?$basic_ios@DU?$char_traits@D@std@@@std@@UAE@XZ 10005770 f i pandamat.obj
 0001:00004780       ??_E?$basic_stringbuf@DU?$char_traits@D@std@@V?$allocator@D@2@@std@@UAEPAXI@Z 10005780 f i * CIL library *:* CIL module *
 0001:00004780       ??_G?$basic_stringbuf@DU?$char_traits@D@std@@V?$allocator@D@2@@std@@UAEPAXI@Z 10005780 f i pandamat.obj
 0001:000047e0       ??_G?$basic_ostream@DU?$char_traits@D@std@@@std@@UAEPAXI@Z 100057e0 f i pandamat.obj
 0001:000047e0       ??_E?$basic_ostream@DU?$char_traits@D@std@@@std@@UAEPAXI@Z 100057e0 f i * CIL library *:* CIL module *
 0001:00004830       ??_G?$basic_streambuf@DU?$char_traits@D@std@@@std@@UAEPAXI@Z 10005830 f i pandamat.obj
 0001:00004830       ??_E?$basic_streambuf@DU?$char_traits@D@std@@@std@@UAEPAXI@Z 10005830 f i * CIL library *:* CIL module *
 0001:00004880       ??_E?$basic_ios@DU?$char_traits@D@std@@@std@@UAEPAXI@Z 10005880 f i * CIL library *:* CIL module *
 0001:00004880       ??_G?$basic_ios@DU?$char_traits@D@std@@@std@@UAEPAXI@Z 10005880 f i pandamat.obj
 0001:000048b0       ??_D?$basic_ostream@DU?$char_traits@D@std@@@std@@QAEXXZ 100058b0 f i pandamat.obj
 0001:000048e0       ??1sentry@?$basic_ostream@DU?$char_traits@D@std@@@std@@QAE@XZ 100058e0 f i pandamat.obj
 0001:00004960       ??0sentry@?$basic_ostream@DU?$char_traits@D@std@@@std@@QAE@AAV12@@Z 10005960 f i pandamat.obj
 0001:00004a00       ?do_put@?$num_put@DV?$ostreambuf_iterator@DU?$char_traits@D@std@@@std@@@std@@MBE?AV?$ostreambuf_iterator@DU?$char_traits@D@std@@@2@V32@AAVios_base@2@DPBX@Z 10005a00 f i pandamat.obj
 0001:00004a70       ?do_put@?$num_put@DV?$ostreambuf_iterator@DU?$char_traits@D@std@@@std@@@std@@MBE?AV?$ostreambuf_iterator@DU?$char_traits@D@std@@@2@V32@AAVios_base@2@DO@Z 10005a70 f i pandamat.obj
 0001:00004c10       ?do_put@?$num_put@DV?$ostreambuf_iterator@DU?$char_traits@D@std@@@std@@@std@@MBE?AV?$ostreambuf_iterator@DU?$char_traits@D@std@@@2@V32@AAVios_base@2@DN@Z 10005c10 f i pandamat.obj
 0001:00004db0       ?do_put@?$num_put@DV?$ostreambuf_iterator@DU?$char_traits@D@std@@@std@@@std@@MBE?AV?$ostreambuf_iterator@DU?$char_traits@D@std@@@2@V32@AAVios_base@2@D_K@Z 10005db0 f i pandamat.obj
 0001:00004e30       ?do_put@?$num_put@DV?$ostreambuf_iterator@DU?$char_traits@D@std@@@std@@@std@@MBE?AV?$ostreambuf_iterator@DU?$char_traits@D@std@@@2@V32@AAVios_base@2@D_J@Z 10005e30 f i pandamat.obj
 0001:00004eb0       ?do_put@?$num_put@DV?$ostreambuf_iterator@DU?$char_traits@D@std@@@std@@@std@@MBE?AV?$ostreambuf_iterator@DU?$char_traits@D@std@@@2@V32@AAVios_base@2@DK@Z 10005eb0 f i pandamat.obj
 0001:00004f30       ?do_put@?$num_put@DV?$ostreambuf_iterator@DU?$char_traits@D@std@@@std@@@std@@MBE?AV?$ostreambuf_iterator@DU?$char_traits@D@std@@@2@V32@AAVios_base@2@DJ@Z 10005f30 f i pandamat.obj
 0001:00004fb0       ?do_put@?$num_put@DV?$ostreambuf_iterator@DU?$char_traits@D@std@@@std@@@std@@MBE?AV?$ostreambuf_iterator@DU?$char_traits@D@std@@@2@V32@AAVios_base@2@D_N@Z 10005fb0 f i pandamat.obj
 0001:00005180       ?put@?$num_put@DV?$ostreambuf_iterator@DU?$char_traits@D@std@@@std@@@std@@QBE?AV?$ostreambuf_iterator@DU?$char_traits@D@std@@@2@V32@AAVios_base@2@DK@Z 10006180 f i pandamat.obj
 0001:000051b0       ?_Tidy@?$basic_string@DU?$char_traits@D@std@@V?$allocator@D@2@@std@@QAEX_NI@Z 100061b0 f i pandamat.obj
 0001:00005210       ?_Traits_compare@?$basic_string@DU?$char_traits@D@std@@V?$allocator@D@2@@std@@SAHQBDI0I@Z 10006210 f i pandamat.obj
 0001:000052a0       ?erase@?$basic_string@DU?$char_traits@D@std@@V?$allocator@D@2@@std@@QAEAAV12@II@Z 100062a0 f i pandamat.obj
 0001:00005340       ?assign@?$basic_string@DU?$char_traits@D@std@@V?$allocator@D@2@@std@@QAEAAV12@ID@Z 10006340 f i pandamat.obj
 0001:00005410       ?assign@?$basic_string@DU?$char_traits@D@std@@V?$allocator@D@2@@std@@QAEAAV12@PBDI@Z 10006410 f i pandamat.obj
 0001:00005510       ?assign@?$basic_string@DU?$char_traits@D@std@@V?$allocator@D@2@@std@@QAEAAV12@ABV12@II@Z 10006510 f i pandamat.obj
 0001:00005620       ?append@?$basic_string@DU?$char_traits@D@std@@V?$allocator@D@2@@std@@QAEAAV12@ID@Z 10006620 f i pandamat.obj
 0001:000056c0       ?append@?$basic_string@DU?$char_traits@D@std@@V?$allocator@D@2@@std@@QAEAAV12@PBDI@Z 100066c0 f i pandamat.obj
 0001:000057f0       ?append@?$basic_string@DU?$char_traits@D@std@@V?$allocator@D@2@@std@@QAEAAV12@ABV12@II@Z 100067f0 f i pandamat.obj
 0001:000058f0       ?_Assign_rv@?$basic_string@DU?$char_traits@D@std@@V?$allocator@D@2@@std@@QAEX$$QAV12@@Z 100068f0 f i pandamat.obj
 0001:00005960       ?_Tidy@?$basic_stringbuf@DU?$char_traits@D@std@@V?$allocator@D@2@@std@@IAEXXZ 10006960 f i pandamat.obj
 0001:00005a10       ?str@?$basic_stringbuf@DU?$char_traits@D@std@@V?$allocator@D@2@@std@@QBE?AV?$basic_string@DU?$char_traits@D@std@@V?$allocator@D@2@@2@XZ 10006a10 f i pandamat.obj
 0001:00005b20       ?allocate@?$allocator@D@std@@QAEPADI@Z 10006b20 f i pandamat.obj
 0001:00005b70       ?deallocate@?$allocator@D@std@@QAEXPADI@Z 10006b70 f i pandamat.obj
 0001:00005b70       ?deallocate@?$_Wrap_alloc@V?$allocator@D@std@@@std@@QAEXPADI@Z 10006b70 f i pandamat.obj
 0001:00005bc0       ??0?$basic_ostream@DU?$char_traits@D@std@@@std@@QAE@PAV?$basic_streambuf@DU?$char_traits@D@std@@@1@_N@Z 10006bc0 f i pandamat.obj
 0001:00005c90       ?_Pnavail@?$basic_streambuf@DU?$char_traits@D@std@@@std@@IBE_JXZ 10006c90 f i pandamat.obj
 0001:00005cb0       ?_Gnavail@?$basic_streambuf@DU?$char_traits@D@std@@@std@@IBE_JXZ 10006cb0 f i pandamat.obj
 0001:00005cd0       ??_E?$num_put@DV?$ostreambuf_iterator@DU?$char_traits@D@std@@@std@@@std@@MAEPAXI@Z 10006cd0 f i * CIL library *:* CIL module *
 0001:00005cd0       ??_G?$num_put@DV?$ostreambuf_iterator@DU?$char_traits@D@std@@@std@@@std@@MAEPAXI@Z 10006cd0 f i pandamat.obj
 0001:00005d00       ?do_truename@?$numpunct@D@std@@MBE?AV?$basic_string@DU?$char_traits@D@std@@V?$allocator@D@2@@2@XZ 10006d00 f i pandamat.obj
 0001:00005d60       ?do_falsename@?$numpunct@D@std@@MBE?AV?$basic_string@DU?$char_traits@D@std@@V?$allocator@D@2@@2@XZ 10006d60 f i pandamat.obj
 0001:00005dc0       ?do_grouping@?$numpunct@D@std@@MBE?AV?$basic_string@DU?$char_traits@D@std@@V?$allocator@D@2@@2@XZ 10006dc0 f i pandamat.obj
 0001:00005e20       ?do_thousands_sep@?$numpunct@D@std@@MBEDXZ 10006e20 f i pandamat.obj
 0001:00005e30       ?do_decimal_point@?$numpunct@D@std@@MBEDXZ 10006e30 f i pandamat.obj
 0001:00005e40       ?truename@?$numpunct@D@std@@QBE?AV?$basic_string@DU?$char_traits@D@std@@V?$allocator@D@2@@2@XZ 10006e40 f i pandamat.obj
 0001:00005e60       ?falsename@?$numpunct@D@std@@QBE?AV?$basic_string@DU?$char_traits@D@std@@V?$allocator@D@2@@2@XZ 10006e60 f i pandamat.obj
 0001:00005e80       ?erase@?$_Tree@V?$_Tmap_traits@IPAVIsolate@v8@@U?$less@I@std@@V?$allocator@U?$pair@$$CBIPAVIsolate@v8@@@std@@@4@$0A@@std@@@std@@QAE?AV?$_Tree_iterator@V?$_Tree_val@U?$_Tree_simple_types@U?$pair@$$CBIPAVIsolate@v8@@@std@@@std@@@std@@@2@V?$_Tree_const_iterator@V?$_Tree_val@U?$_Tree_simple_types@U?$pair@$$CBIPAVIsolate@v8@@@std@@@std@@@std@@@2@0@Z 10006e80 f i pandamat.obj
 0001:00005e80       ?erase@?$_Tree@V?$_Tmap_traits@IW4parameterType@@U?$less@I@std@@V?$allocator@U?$pair@$$CBIW4parameterType@@@std@@@3@$0A@@std@@@std@@QAE?AV?$_Tree_iterator@V?$_Tree_val@U?$_Tree_simple_types@U?$pair@$$CBIW4parameterType@@@std@@@std@@@std@@@2@V?$_Tree_const_iterator@V?$_Tree_val@U?$_Tree_simple_types@U?$pair@$$CBIW4parameterType@@@std@@@std@@@std@@@2@0@Z 10006e80 f i pandamat.obj
 0001:00005e80       ?erase@?$_Tree@V?$_Tmap_traits@INU?$less@I@std@@V?$allocator@U?$pair@$$CBIN@std@@@2@$0A@@std@@@std@@QAE?AV?$_Tree_iterator@V?$_Tree_val@U?$_Tree_simple_types@U?$pair@$$CBIN@std@@@std@@@std@@@2@V?$_Tree_const_iterator@V?$_Tree_val@U?$_Tree_simple_types@U?$pair@$$CBIN@std@@@std@@@std@@@2@0@Z 10006e80 f i pandamat.obj
 0001:00005e80       ?erase@?$_Tree@V?$_Tmap_traits@IW4exceptions@@U?$less@I@std@@V?$allocator@U?$pair@$$CBIW4exceptions@@@std@@@3@$0A@@std@@@std@@QAE?AV?$_Tree_iterator@V?$_Tree_val@U?$_Tree_simple_types@U?$pair@$$CBIW4exceptions@@@std@@@std@@@std@@@2@V?$_Tree_const_iterator@V?$_Tree_val@U?$_Tree_simple_types@U?$pair@$$CBIW4exceptions@@@std@@@std@@@std@@@2@0@Z 10006e80 f i pandamat.obj
 0001:00005e80       ?erase@?$_Tree@V?$_Tmap_traits@I_NU?$less@I@std@@V?$allocator@U?$pair@$$CBI_N@std@@@2@$0A@@std@@@std@@QAE?AV?$_Tree_iterator@V?$_Tree_val@U?$_Tree_simple_types@U?$pair@$$CBI_N@std@@@std@@@std@@@2@V?$_Tree_const_iterator@V?$_Tree_val@U?$_Tree_simple_types@U?$pair@$$CBI_N@std@@@std@@@std@@@2@0@Z 10006e80 f i pandamat.obj
 0001:00005f30       ?erase@?$_Tree@V?$_Tmap_traits@IV?$Mat@N@arma@@U?$less@I@std@@V?$allocator@U?$pair@$$CBIV?$Mat@N@arma@@@std@@@4@$0A@@std@@@std@@QAE?AV?$_Tree_iterator@V?$_Tree_val@U?$_Tree_simple_types@U?$pair@$$CBIV?$Mat@N@arma@@@std@@@std@@@std@@@2@V?$_Tree_const_iterator@V?$_Tree_val@U?$_Tree_simple_types@U?$pair@$$CBIV?$Mat@N@arma@@@std@@@std@@@std@@@2@0@Z 10006f30 f i pandamat.obj
 0001:00005ff0       ?erase@?$_Tree@V?$_Tmap_traits@IVNormalize@@U?$less@I@std@@V?$allocator@U?$pair@$$CBIVNormalize@@@std@@@3@$0A@@std@@@std@@QAE?AV?$_Tree_iterator@V?$_Tree_val@U?$_Tree_simple_types@U?$pair@$$CBIVNormalize@@@std@@@std@@@std@@@2@V?$_Tree_const_iterator@V?$_Tree_val@U?$_Tree_simple_types@U?$pair@$$CBIVNormalize@@@std@@@std@@@std@@@2@0@Z 10006ff0 f i pandamat.obj
 0001:00005ff0       ?erase@?$_Tree@V?$_Tmap_traits@IVSqrtDist@@U?$less@I@std@@V?$allocator@U?$pair@$$CBIVSqrtDist@@@std@@@3@$0A@@std@@@std@@QAE?AV?$_Tree_iterator@V?$_Tree_val@U?$_Tree_simple_types@U?$pair@$$CBIVSqrtDist@@@std@@@std@@@std@@@2@V?$_Tree_const_iterator@V?$_Tree_val@U?$_Tree_simple_types@U?$pair@$$CBIVSqrtDist@@@std@@@std@@@std@@@2@0@Z 10006ff0 f i pandamat.obj
 0001:00005ff0       ?erase@?$_Tree@V?$_Tmap_traits@IVTranspose@@U?$less@I@std@@V?$allocator@U?$pair@$$CBIVTranspose@@@std@@@3@$0A@@std@@@std@@QAE?AV?$_Tree_iterator@V?$_Tree_val@U?$_Tree_simple_types@U?$pair@$$CBIVTranspose@@@std@@@std@@@std@@@2@V?$_Tree_const_iterator@V?$_Tree_val@U?$_Tree_simple_types@U?$pair@$$CBIVTranspose@@@std@@@std@@@std@@@2@0@Z 10006ff0 f i pandamat.obj
 0001:00005ff0       ?erase@?$_Tree@V?$_Tmap_traits@IVDot@@U?$less@I@std@@V?$allocator@U?$pair@$$CBIVDot@@@std@@@3@$0A@@std@@@std@@QAE?AV?$_Tree_iterator@V?$_Tree_val@U?$_Tree_simple_types@U?$pair@$$CBIVDot@@@std@@@std@@@std@@@2@V?$_Tree_const_iterator@V?$_Tree_val@U?$_Tree_simple_types@U?$pair@$$CBIVDot@@@std@@@std@@@std@@@2@0@Z 10006ff0 f i pandamat.obj
 0001:00005ff0       ?erase@?$_Tree@V?$_Tmap_traits@IVAdd@@U?$less@I@std@@V?$allocator@U?$pair@$$CBIVAdd@@@std@@@3@$0A@@std@@@std@@QAE?AV?$_Tree_iterator@V?$_Tree_val@U?$_Tree_simple_types@U?$pair@$$CBIVAdd@@@std@@@std@@@std@@@2@V?$_Tree_const_iterator@V?$_Tree_val@U?$_Tree_simple_types@U?$pair@$$CBIVAdd@@@std@@@std@@@std@@@2@0@Z 10006ff0 f i pandamat.obj
 0001:000060a0       ?erase@?$_Tree@V?$_Tmap_traits@IV?$basic_string@DU?$char_traits@D@std@@V?$allocator@D@2@@std@@U?$less@I@2@V?$allocator@U?$pair@$$CBIV?$basic_string@DU?$char_traits@D@std@@V?$allocator@D@2@@std@@@std@@@2@$0A@@std@@@std@@QAE?AV?$_Tree_iterator@V?$_Tree_val@U?$_Tree_simple_types@U?$pair@$$CBIV?$basic_string@DU?$char_traits@D@std@@V?$allocator@D@2@@std@@@std@@@std@@@std@@@2@V?$_Tree_const_iterator@V?$_Tree_val@U?$_Tree_simple_types@U?$pair@$$CBIV?$basic_string@DU?$char_traits@D@std@@V?$allocator@D@2@@std@@@std@@@std@@@std@@@2@0@Z 100070a0 f i pandamat.obj
 0001:00006160       ?erase@?$_Tree@V?$_Tmap_traits@V?$basic_string@DU?$char_traits@D@std@@V?$allocator@D@2@@std@@W4parameterType@@U?$less@V?$basic_string@DU?$char_traits@D@std@@V?$allocator@D@2@@std@@@2@V?$allocator@U?$pair@$$CBV?$basic_string@DU?$char_traits@D@std@@V?$allocator@D@2@@std@@W4parameterType@@@std@@@2@$0A@@std@@@std@@QAE?AV?$_Tree_iterator@V?$_Tree_val@U?$_Tree_simple_types@U?$pair@$$CBV?$basic_string@DU?$char_traits@D@std@@V?$allocator@D@2@@std@@W4parameterType@@@std@@@std@@@std@@@2@V?$_Tree_const_iterator@V?$_Tree_val@U?$_Tree_simple_types@U?$pair@$$CBV?$basic_string@DU?$char_traits@D@std@@V?$allocator@D@2@@std@@W4parameterType@@@std@@@std@@@std@@@2@0@Z 10007160 f i pandamat.obj
 0001:00006160       ?erase@?$_Tree@V?$_Tmap_traits@V?$basic_string@DU?$char_traits@D@std@@V?$allocator@D@2@@std@@NU?$less@V?$basic_string@DU?$char_traits@D@std@@V?$allocator@D@2@@std@@@2@V?$allocator@U?$pair@$$CBV?$basic_string@DU?$char_traits@D@std@@V?$allocator@D@2@@std@@N@std@@@2@$0A@@std@@@std@@QAE?AV?$_Tree_iterator@V?$_Tree_val@U?$_Tree_simple_types@U?$pair@$$CBV?$basic_string@DU?$char_traits@D@std@@V?$allocator@D@2@@std@@N@std@@@std@@@std@@@2@V?$_Tree_const_iterator@V?$_Tree_val@U?$_Tree_simple_types@U?$pair@$$CBV?$basic_string@DU?$char_traits@D@std@@V?$allocator@D@2@@std@@N@std@@@std@@@std@@@2@0@Z 10007160 f i pandamat.obj
 0001:00006160       ?erase@?$_Tree@V?$_Tmap_traits@V?$basic_string@DU?$char_traits@D@std@@V?$allocator@D@2@@std@@_NU?$less@V?$basic_string@DU?$char_traits@D@std@@V?$allocator@D@2@@std@@@2@V?$allocator@U?$pair@$$CBV?$basic_string@DU?$char_traits@D@std@@V?$allocator@D@2@@std@@_N@std@@@2@$0A@@std@@@std@@QAE?AV?$_Tree_iterator@V?$_Tree_val@U?$_Tree_simple_types@U?$pair@$$CBV?$basic_string@DU?$char_traits@D@std@@V?$allocator@D@2@@std@@_N@std@@@std@@@std@@@2@V?$_Tree_const_iterator@V?$_Tree_val@U?$_Tree_simple_types@U?$pair@$$CBV?$basic_string@DU?$char_traits@D@std@@V?$allocator@D@2@@std@@_N@std@@@std@@@std@@@2@0@Z 10007160 f i pandamat.obj
 0001:00006220       ?erase@?$_Tree@V?$_Tmap_traits@V?$basic_string@DU?$char_traits@D@std@@V?$allocator@D@2@@std@@V12@U?$less@V?$basic_string@DU?$char_traits@D@std@@V?$allocator@D@2@@std@@@2@V?$allocator@U?$pair@$$CBV?$basic_string@DU?$char_traits@D@std@@V?$allocator@D@2@@std@@V12@@std@@@2@$0A@@std@@@std@@QAE?AV?$_Tree_iterator@V?$_Tree_val@U?$_Tree_simple_types@U?$pair@$$CBV?$basic_string@DU?$char_traits@D@std@@V?$allocator@D@2@@std@@V12@@std@@@std@@@std@@@2@V?$_Tree_const_iterator@V?$_Tree_val@U?$_Tree_simple_types@U?$pair@$$CBV?$basic_string@DU?$char_traits@D@std@@V?$allocator@D@2@@std@@V12@@std@@@std@@@std@@@2@0@Z 10007220 f i pandamat.obj
 0001:000062e0       ?erase@?$_Tree@V?$_Tmap_traits@V?$basic_string@DU?$char_traits@D@std@@V?$allocator@D@2@@std@@V?$Mat@N@arma@@U?$less@V?$basic_string@DU?$char_traits@D@std@@V?$allocator@D@2@@std@@@2@V?$allocator@U?$pair@$$CBV?$basic_string@DU?$char_traits@D@std@@V?$allocator@D@2@@std@@V?$Mat@N@arma@@@std@@@2@$0A@@std@@@std@@QAE?AV?$_Tree_iterator@V?$_Tree_val@U?$_Tree_simple_types@U?$pair@$$CBV?$basic_string@DU?$char_traits@D@std@@V?$allocator@D@2@@std@@V?$Mat@N@arma@@@std@@@std@@@std@@@2@V?$_Tree_const_iterator@V?$_Tree_val@U?$_Tree_simple_types@U?$pair@$$CBV?$basic_string@DU?$char_traits@D@std@@V?$allocator@D@2@@std@@V?$Mat@N@arma@@@std@@@std@@@std@@@2@0@Z 100072e0 f i pandamat.obj
 0001:000063a0       ??1_Sentry_base@?$basic_ostream@DU?$char_traits@D@std@@@std@@QAE@XZ 100073a0 f i pandamat.obj
 0001:000063c0       ?_Rep@?$num_put@DV?$ostreambuf_iterator@DU?$char_traits@D@std@@@std@@@std@@ABA?AV?$ostreambuf_iterator@DU?$char_traits@D@std@@@2@V32@DI@Z 100073c0 f i pandamat.obj
 0001:00006430       ?_Put@?$num_put@DV?$ostreambuf_iterator@DU?$char_traits@D@std@@@std@@@std@@ABA?AV?$ostreambuf_iterator@DU?$char_traits@D@std@@@2@V32@PBDI@Z 10007430 f i pandamat.obj
 0001:000064b0       ?_Iput@?$num_put@DV?$ostreambuf_iterator@DU?$char_traits@D@std@@@std@@@std@@ABA?AV?$ostreambuf_iterator@DU?$char_traits@D@std@@@2@V32@AAVios_base@2@DPADI@Z 100074b0 f i pandamat.obj
 0001:00006830       ?_Ifmt@?$num_put@DV?$ostreambuf_iterator@DU?$char_traits@D@std@@@std@@@std@@ABAPADPADPBDH@Z 10007830 f i pandamat.obj
 0001:000068c0       ?_Fput@?$num_put@DV?$ostreambuf_iterator@DU?$char_traits@D@std@@@std@@@std@@ABA?AV?$ostreambuf_iterator@DU?$char_traits@D@std@@@2@V32@AAVios_base@2@DPBDI@Z 100078c0 f i pandamat.obj
 0001:00006ca0       ?_Ffmt@?$num_put@DV?$ostreambuf_iterator@DU?$char_traits@D@std@@@std@@@std@@ABAPADPADDH@Z 10007ca0 f i pandamat.obj
 0001:00006d60       ?_Chassign@?$basic_string@DU?$char_traits@D@std@@V?$allocator@D@2@@std@@QAEXIID@Z 10007d60 f i pandamat.obj
 0001:00006db0       ?_Init@?$basic_streambuf@DU?$char_traits@D@std@@@std@@IAEXXZ 10007db0 f i pandamat.obj
 0001:00006e10       ??0?$basic_streambuf@DU?$char_traits@D@std@@@std@@IAE@XZ 10007e10 f i pandamat.obj
 0001:00006ed0       ??_G?$numpunct@D@std@@MAEPAXI@Z 10007ed0 f i pandamat.obj
 0001:00006ed0       ??_E?$numpunct@D@std@@MAEPAXI@Z 10007ed0 f i * CIL library *:* CIL module *
 0001:00006f20       ?grouping@?$numpunct@D@std@@QBE?AV?$basic_string@DU?$char_traits@D@std@@V?$allocator@D@2@@2@XZ 10007f20 f i pandamat.obj
 0001:00006f40       ?clear@?$_Tree@V?$_Tmap_traits@IPAVIsolate@v8@@U?$less@I@std@@V?$allocator@U?$pair@$$CBIPAVIsolate@v8@@@std@@@4@$0A@@std@@@std@@QAEXXZ 10007f40 f i pandamat.obj
 0001:00006f40       ?clear@?$_Tree@V?$_Tmap_traits@IW4parameterType@@U?$less@I@std@@V?$allocator@U?$pair@$$CBIW4parameterType@@@std@@@3@$0A@@std@@@std@@QAEXXZ 10007f40 f i pandamat.obj
 0001:00006f40       ?clear@?$_Tree@V?$_Tmap_traits@IW4exceptions@@U?$less@I@std@@V?$allocator@U?$pair@$$CBIW4exceptions@@@std@@@3@$0A@@std@@@std@@QAEXXZ 10007f40 f i pandamat.obj
 0001:00006f40       ?clear@?$_Tree@V?$_Tmap_traits@INU?$less@I@std@@V?$allocator@U?$pair@$$CBIN@std@@@2@$0A@@std@@@std@@QAEXXZ 10007f40 f i pandamat.obj
 0001:00006f40       ?clear@?$_Tree@V?$_Tmap_traits@I_NU?$less@I@std@@V?$allocator@U?$pair@$$CBI_N@std@@@2@$0A@@std@@@std@@QAEXXZ 10007f40 f i pandamat.obj
 0001:00006f90       ?erase@?$_Tree@V?$_Tmap_traits@IW4exceptions@@U?$less@I@std@@V?$allocator@U?$pair@$$CBIW4exceptions@@@std@@@3@$0A@@std@@@std@@QAE?AV?$_Tree_iterator@V?$_Tree_val@U?$_Tree_simple_types@U?$pair@$$CBIW4exceptions@@@std@@@std@@@std@@@2@V?$_Tree_const_iterator@V?$_Tree_val@U?$_Tree_simple_types@U?$pair@$$CBIW4exceptions@@@std@@@std@@@std@@@2@@Z 10007f90 f i pandamat.obj
 0001:00006f90       ?erase@?$_Tree@V?$_Tmap_traits@IPAVIsolate@v8@@U?$less@I@std@@V?$allocator@U?$pair@$$CBIPAVIsolate@v8@@@std@@@4@$0A@@std@@@std@@QAE?AV?$_Tree_iterator@V?$_Tree_val@U?$_Tree_simple_types@U?$pair@$$CBIPAVIsolate@v8@@@std@@@std@@@std@@@2@V?$_Tree_const_iterator@V?$_Tree_val@U?$_Tree_simple_types@U?$pair@$$CBIPAVIsolate@v8@@@std@@@std@@@std@@@2@@Z 10007f90 f i pandamat.obj
 0001:00006f90       ?erase@?$_Tree@V?$_Tmap_traits@IW4parameterType@@U?$less@I@std@@V?$allocator@U?$pair@$$CBIW4parameterType@@@std@@@3@$0A@@std@@@std@@QAE?AV?$_Tree_iterator@V?$_Tree_val@U?$_Tree_simple_types@U?$pair@$$CBIW4parameterType@@@std@@@std@@@std@@@2@V?$_Tree_const_iterator@V?$_Tree_val@U?$_Tree_simple_types@U?$pair@$$CBIW4parameterType@@@std@@@std@@@std@@@2@@Z 10007f90 f i pandamat.obj
 0001:00006f90       ?erase@?$_Tree@V?$_Tmap_traits@INU?$less@I@std@@V?$allocator@U?$pair@$$CBIN@std@@@2@$0A@@std@@@std@@QAE?AV?$_Tree_iterator@V?$_Tree_val@U?$_Tree_simple_types@U?$pair@$$CBIN@std@@@std@@@std@@@2@V?$_Tree_const_iterator@V?$_Tree_val@U?$_Tree_simple_types@U?$pair@$$CBIN@std@@@std@@@std@@@2@@Z 10007f90 f i pandamat.obj
 0001:00006f90       ?erase@?$_Tree@V?$_Tmap_traits@I_NU?$less@I@std@@V?$allocator@U?$pair@$$CBI_N@std@@@2@$0A@@std@@@std@@QAE?AV?$_Tree_iterator@V?$_Tree_val@U?$_Tree_simple_types@U?$pair@$$CBI_N@std@@@std@@@std@@@2@V?$_Tree_const_iterator@V?$_Tree_val@U?$_Tree_simple_types@U?$pair@$$CBI_N@std@@@std@@@std@@@2@@Z 10007f90 f i pandamat.obj
 0001:00007240       ?erase@?$_Tree@V?$_Tmap_traits@IV?$Mat@N@arma@@U?$less@I@std@@V?$allocator@U?$pair@$$CBIV?$Mat@N@arma@@@std@@@4@$0A@@std@@@std@@QAE?AV?$_Tree_iterator@V?$_Tree_val@U?$_Tree_simple_types@U?$pair@$$CBIV?$Mat@N@arma@@@std@@@std@@@std@@@2@V?$_Tree_const_iterator@V?$_Tree_val@U?$_Tree_simple_types@U?$pair@$$CBIV?$Mat@N@arma@@@std@@@std@@@std@@@2@@Z 10008240 f i pandamat.obj
 0001:00007540       ?clear@?$_Tree@V?$_Tmap_traits@IVAdd@@U?$less@I@std@@V?$allocator@U?$pair@$$CBIVAdd@@@std@@@3@$0A@@std@@@std@@QAEXXZ 10008540 f i pandamat.obj
 0001:00007540       ?clear@?$_Tree@V?$_Tmap_traits@IVDot@@U?$less@I@std@@V?$allocator@U?$pair@$$CBIVDot@@@std@@@3@$0A@@std@@@std@@QAEXXZ 10008540 f i pandamat.obj
 0001:00007540       ?clear@?$_Tree@V?$_Tmap_traits@IVTranspose@@U?$less@I@std@@V?$allocator@U?$pair@$$CBIVTranspose@@@std@@@3@$0A@@std@@@std@@QAEXXZ 10008540 f i pandamat.obj
 0001:00007540       ?clear@?$_Tree@V?$_Tmap_traits@IVNormalize@@U?$less@I@std@@V?$allocator@U?$pair@$$CBIVNormalize@@@std@@@3@$0A@@std@@@std@@QAEXXZ 10008540 f i pandamat.obj
 0001:00007540       ?clear@?$_Tree@V?$_Tmap_traits@IVSqrtDist@@U?$less@I@std@@V?$allocator@U?$pair@$$CBIVSqrtDist@@@std@@@3@$0A@@std@@@std@@QAEXXZ 10008540 f i pandamat.obj
 0001:00007590       ?erase@?$_Tree@V?$_Tmap_traits@IVAdd@@U?$less@I@std@@V?$allocator@U?$pair@$$CBIVAdd@@@std@@@3@$0A@@std@@@std@@QAE?AV?$_Tree_iterator@V?$_Tree_val@U?$_Tree_simple_types@U?$pair@$$CBIVAdd@@@std@@@std@@@std@@@2@V?$_Tree_const_iterator@V?$_Tree_val@U?$_Tree_simple_types@U?$pair@$$CBIVAdd@@@std@@@std@@@std@@@2@@Z 10008590 f i pandamat.obj
 0001:00007590       ?erase@?$_Tree@V?$_Tmap_traits@IVNormalize@@U?$less@I@std@@V?$allocator@U?$pair@$$CBIVNormalize@@@std@@@3@$0A@@std@@@std@@QAE?AV?$_Tree_iterator@V?$_Tree_val@U?$_Tree_simple_types@U?$pair@$$CBIVNormalize@@@std@@@std@@@std@@@2@V?$_Tree_const_iterator@V?$_Tree_val@U?$_Tree_simple_types@U?$pair@$$CBIVNormalize@@@std@@@std@@@std@@@2@@Z 10008590 f i pandamat.obj
 0001:00007590       ?erase@?$_Tree@V?$_Tmap_traits@IVTranspose@@U?$less@I@std@@V?$allocator@U?$pair@$$CBIVTranspose@@@std@@@3@$0A@@std@@@std@@QAE?AV?$_Tree_iterator@V?$_Tree_val@U?$_Tree_simple_types@U?$pair@$$CBIVTranspose@@@std@@@std@@@std@@@2@V?$_Tree_const_iterator@V?$_Tree_val@U?$_Tree_simple_types@U?$pair@$$CBIVTranspose@@@std@@@std@@@std@@@2@@Z 10008590 f i pandamat.obj
 0001:00007590       ?erase@?$_Tree@V?$_Tmap_traits@IVSqrtDist@@U?$less@I@std@@V?$allocator@U?$pair@$$CBIVSqrtDist@@@std@@@3@$0A@@std@@@std@@QAE?AV?$_Tree_iterator@V?$_Tree_val@U?$_Tree_simple_types@U?$pair@$$CBIVSqrtDist@@@std@@@std@@@std@@@2@V?$_Tree_const_iterator@V?$_Tree_val@U?$_Tree_simple_types@U?$pair@$$CBIVSqrtDist@@@std@@@std@@@std@@@2@@Z 10008590 f i pandamat.obj
 0001:00007590       ?erase@?$_Tree@V?$_Tmap_traits@IVDot@@U?$less@I@std@@V?$allocator@U?$pair@$$CBIVDot@@@std@@@3@$0A@@std@@@std@@QAE?AV?$_Tree_iterator@V?$_Tree_val@U?$_Tree_simple_types@U?$pair@$$CBIVDot@@@std@@@std@@@std@@@2@V?$_Tree_const_iterator@V?$_Tree_val@U?$_Tree_simple_types@U?$pair@$$CBIVDot@@@std@@@std@@@std@@@2@@Z 10008590 f i pandamat.obj
 0001:00007840       ?erase@?$_Tree@V?$_Tmap_traits@IV?$basic_string@DU?$char_traits@D@std@@V?$allocator@D@2@@std@@U?$less@I@2@V?$allocator@U?$pair@$$CBIV?$basic_string@DU?$char_traits@D@std@@V?$allocator@D@2@@std@@@std@@@2@$0A@@std@@@std@@QAE?AV?$_Tree_iterator@V?$_Tree_val@U?$_Tree_simple_types@U?$pair@$$CBIV?$basic_string@DU?$char_traits@D@std@@V?$allocator@D@2@@std@@@std@@@std@@@std@@@2@V?$_Tree_const_iterator@V?$_Tree_val@U?$_Tree_simple_types@U?$pair@$$CBIV?$basic_string@DU?$char_traits@D@std@@V?$allocator@D@2@@std@@@std@@@std@@@std@@@2@@Z 10008840 f i pandamat.obj
 0001:00007b50       ?erase@?$_Tree@V?$_Tmap_traits@V?$basic_string@DU?$char_traits@D@std@@V?$allocator@D@2@@std@@W4parameterType@@U?$less@V?$basic_string@DU?$char_traits@D@std@@V?$allocator@D@2@@std@@@2@V?$allocator@U?$pair@$$CBV?$basic_string@DU?$char_traits@D@std@@V?$allocator@D@2@@std@@W4parameterType@@@std@@@2@$0A@@std@@@std@@QAE?AV?$_Tree_iterator@V?$_Tree_val@U?$_Tree_simple_types@U?$pair@$$CBV?$basic_string@DU?$char_traits@D@std@@V?$allocator@D@2@@std@@W4parameterType@@@std@@@std@@@std@@@2@V?$_Tree_const_iterator@V?$_Tree_val@U?$_Tree_simple_types@U?$pair@$$CBV?$basic_string@DU?$char_traits@D@std@@V?$allocator@D@2@@std@@W4parameterType@@@std@@@std@@@std@@@2@@Z 10008b50 f i pandamat.obj
 0001:00007b50       ?erase@?$_Tree@V?$_Tmap_traits@V?$basic_string@DU?$char_traits@D@std@@V?$allocator@D@2@@std@@NU?$less@V?$basic_string@DU?$char_traits@D@std@@V?$allocator@D@2@@std@@@2@V?$allocator@U?$pair@$$CBV?$basic_string@DU?$char_traits@D@std@@V?$allocator@D@2@@std@@N@std@@@2@$0A@@std@@@std@@QAE?AV?$_Tree_iterator@V?$_Tree_val@U?$_Tree_simple_types@U?$pair@$$CBV?$basic_string@DU?$char_traits@D@std@@V?$allocator@D@2@@std@@N@std@@@std@@@std@@@2@V?$_Tree_const_iterator@V?$_Tree_val@U?$_Tree_simple_types@U?$pair@$$CBV?$basic_string@DU?$char_traits@D@std@@V?$allocator@D@2@@std@@N@std@@@std@@@std@@@2@@Z 10008b50 f i pandamat.obj
 0001:00007b50       ?erase@?$_Tree@V?$_Tmap_traits@V?$basic_string@DU?$char_traits@D@std@@V?$allocator@D@2@@std@@_NU?$less@V?$basic_string@DU?$char_traits@D@std@@V?$allocator@D@2@@std@@@2@V?$allocator@U?$pair@$$CBV?$basic_string@DU?$char_traits@D@std@@V?$allocator@D@2@@std@@_N@std@@@2@$0A@@std@@@std@@QAE?AV?$_Tree_iterator@V?$_Tree_val@U?$_Tree_simple_types@U?$pair@$$CBV?$basic_string@DU?$char_traits@D@std@@V?$allocator@D@2@@std@@_N@std@@@std@@@std@@@2@V?$_Tree_const_iterator@V?$_Tree_val@U?$_Tree_simple_types@U?$pair@$$CBV?$basic_string@DU?$char_traits@D@std@@V?$allocator@D@2@@std@@_N@std@@@std@@@std@@@2@@Z 10008b50 f i pandamat.obj
 0001:00007e60       ?erase@?$_Tree@V?$_Tmap_traits@V?$basic_string@DU?$char_traits@D@std@@V?$allocator@D@2@@std@@V12@U?$less@V?$basic_string@DU?$char_traits@D@std@@V?$allocator@D@2@@std@@@2@V?$allocator@U?$pair@$$CBV?$basic_string@DU?$char_traits@D@std@@V?$allocator@D@2@@std@@V12@@std@@@2@$0A@@std@@@std@@QAE?AV?$_Tree_iterator@V?$_Tree_val@U?$_Tree_simple_types@U?$pair@$$CBV?$basic_string@DU?$char_traits@D@std@@V?$allocator@D@2@@std@@V12@@std@@@std@@@std@@@2@V?$_Tree_const_iterator@V?$_Tree_val@U?$_Tree_simple_types@U?$pair@$$CBV?$basic_string@DU?$char_traits@D@std@@V?$allocator@D@2@@std@@V12@@std@@@std@@@std@@@2@@Z 10008e60 f i pandamat.obj
 0001:000081e0       ?erase@?$_Tree@V?$_Tmap_traits@V?$basic_string@DU?$char_traits@D@std@@V?$allocator@D@2@@std@@V?$Mat@N@arma@@U?$less@V?$basic_string@DU?$char_traits@D@std@@V?$allocator@D@2@@std@@@2@V?$allocator@U?$pair@$$CBV?$basic_string@DU?$char_traits@D@std@@V?$allocator@D@2@@std@@V?$Mat@N@arma@@@std@@@2@$0A@@std@@@std@@QAE?AV?$_Tree_iterator@V?$_Tree_val@U?$_Tree_simple_types@U?$pair@$$CBV?$basic_string@DU?$char_traits@D@std@@V?$allocator@D@2@@std@@V?$Mat@N@arma@@@std@@@std@@@std@@@2@V?$_Tree_const_iterator@V?$_Tree_val@U?$_Tree_simple_types@U?$pair@$$CBV?$basic_string@DU?$char_traits@D@std@@V?$allocator@D@2@@std@@V?$Mat@N@arma@@@std@@@std@@@std@@@2@@Z 100091e0 f i pandamat.obj
 0001:00008540       ?_Copy@?$basic_string@DU?$char_traits@D@std@@V?$allocator@D@2@@std@@QAEXII@Z 10009540 f i pandamat.obj
 0001:00008630       ?insert@?$basic_string@DU?$char_traits@D@std@@V?$allocator@D@2@@std@@QAEAAV12@IID@Z 10009630 f i pandamat.obj
 0001:00008730       ?widen@?$basic_ios@DU?$char_traits@D@std@@@std@@QBEDD@Z 10009730 f i pandamat.obj
 0001:000087d0       ?_Rrotate@?$_Tree@V?$_Tmap_traits@V?$basic_string@DU?$char_traits@D@std@@V?$allocator@D@2@@std@@_NU?$less@V?$basic_string@DU?$char_traits@D@std@@V?$allocator@D@2@@std@@@2@V?$allocator@U?$pair@$$CBV?$basic_string@DU?$char_traits@D@std@@V?$allocator@D@2@@std@@_N@std@@@2@$0A@@std@@@std@@IAEXPAU?$_Tree_node@U?$pair@$$CBV?$basic_string@DU?$char_traits@D@std@@V?$allocator@D@2@@std@@_N@std@@PAX@2@@Z 100097d0 f i pandamat.obj
 0001:000087d0       ?_Rrotate@?$_Tree@V?$_Tmap_traits@INU?$less@I@std@@V?$allocator@U?$pair@$$CBIN@std@@@2@$0A@@std@@@std@@IAEXPAU?$_Tree_node@U?$pair@$$CBIN@std@@PAX@2@@Z 100097d0 f i pandamat.obj
 0001:000087d0       ?_Rrotate@?$_Tree@V?$_Tmap_traits@V?$basic_string@DU?$char_traits@D@std@@V?$allocator@D@2@@std@@NU?$less@V?$basic_string@DU?$char_traits@D@std@@V?$allocator@D@2@@std@@@2@V?$allocator@U?$pair@$$CBV?$basic_string@DU?$char_traits@D@std@@V?$allocator@D@2@@std@@N@std@@@2@$0A@@std@@@std@@IAEXPAU?$_Tree_node@U?$pair@$$CBV?$basic_string@DU?$char_traits@D@std@@V?$allocator@D@2@@std@@N@std@@PAX@2@@Z 100097d0 f i pandamat.obj
 0001:000087d0       ?_Rrotate@?$_Tree@V?$_Tmap_traits@IVNormalize@@U?$less@I@std@@V?$allocator@U?$pair@$$CBIVNormalize@@@std@@@3@$0A@@std@@@std@@IAEXPAU?$_Tree_node@U?$pair@$$CBIVNormalize@@@std@@PAX@2@@Z 100097d0 f i pandamat.obj
 0001:000087d0       ?_Rrotate@?$_Tree@V?$_Tmap_traits@IV?$basic_string@DU?$char_traits@D@std@@V?$allocator@D@2@@std@@U?$less@I@2@V?$allocator@U?$pair@$$CBIV?$basic_string@DU?$char_traits@D@std@@V?$allocator@D@2@@std@@@std@@@2@$0A@@std@@@std@@IAEXPAU?$_Tree_node@U?$pair@$$CBIV?$basic_string@DU?$char_traits@D@std@@V?$allocator@D@2@@std@@@std@@PAX@2@@Z 100097d0 f i pandamat.obj
 0001:000087d0       ?_Rrotate@?$_Tree@V?$_Tmap_traits@IVTranspose@@U?$less@I@std@@V?$allocator@U?$pair@$$CBIVTranspose@@@std@@@3@$0A@@std@@@std@@IAEXPAU?$_Tree_node@U?$pair@$$CBIVTranspose@@@std@@PAX@2@@Z 100097d0 f i pandamat.obj
 0001:000087d0       ?_Rrotate@?$_Tree@V?$_Tmap_traits@IPAVIsolate@v8@@U?$less@I@std@@V?$allocator@U?$pair@$$CBIPAVIsolate@v8@@@std@@@4@$0A@@std@@@std@@IAEXPAU?$_Tree_node@U?$pair@$$CBIPAVIsolate@v8@@@std@@PAX@2@@Z 100097d0 f i pandamat.obj
 0001:000087d0       ?_Rrotate@?$_Tree@V?$_Tmap_traits@V?$basic_string@DU?$char_traits@D@std@@V?$allocator@D@2@@std@@V?$Mat@N@arma@@U?$less@V?$basic_string@DU?$char_traits@D@std@@V?$allocator@D@2@@std@@@2@V?$allocator@U?$pair@$$CBV?$basic_string@DU?$char_traits@D@std@@V?$allocator@D@2@@std@@V?$Mat@N@arma@@@std@@@2@$0A@@std@@@std@@IAEXPAU?$_Tree_node@U?$pair@$$CBV?$basic_string@DU?$char_traits@D@std@@V?$allocator@D@2@@std@@V?$Mat@N@arma@@@std@@PAX@2@@Z 100097d0 f i pandamat.obj
 0001:000087d0       ?_Rrotate@?$_Tree@V?$_Tmap_traits@V?$basic_string@DU?$char_traits@D@std@@V?$allocator@D@2@@std@@W4parameterType@@U?$less@V?$basic_string@DU?$char_traits@D@std@@V?$allocator@D@2@@std@@@2@V?$allocator@U?$pair@$$CBV?$basic_string@DU?$char_traits@D@std@@V?$allocator@D@2@@std@@W4parameterType@@@std@@@2@$0A@@std@@@std@@IAEXPAU?$_Tree_node@U?$pair@$$CBV?$basic_string@DU?$char_traits@D@std@@V?$allocator@D@2@@std@@W4parameterType@@@std@@PAX@2@@Z 100097d0 f i pandamat.obj
 0001:000087d0       ?_Rrotate@?$_Tree@V?$_Tmap_traits@IW4parameterType@@U?$less@I@std@@V?$allocator@U?$pair@$$CBIW4parameterType@@@std@@@3@$0A@@std@@@std@@IAEXPAU?$_Tree_node@U?$pair@$$CBIW4parameterType@@@std@@PAX@2@@Z 100097d0 f i pandamat.obj
 0001:000087d0       ?_Rrotate@?$_Tree@V?$_Tmap_traits@V?$basic_string@DU?$char_traits@D@std@@V?$allocator@D@2@@std@@V12@U?$less@V?$basic_string@DU?$char_traits@D@std@@V?$allocator@D@2@@std@@@2@V?$allocator@U?$pair@$$CBV?$basic_string@DU?$char_traits@D@std@@V?$allocator@D@2@@std@@V12@@std@@@2@$0A@@std@@@std@@IAEXPAU?$_Tree_node@U?$pair@$$CBV?$basic_string@DU?$char_traits@D@std@@V?$allocator@D@2@@std@@V12@@std@@PAX@2@@Z 100097d0 f i pandamat.obj
 0001:000087d0       ?_Rrotate@?$_Tree@V?$_Tmap_traits@I_NU?$less@I@std@@V?$allocator@U?$pair@$$CBI_N@std@@@2@$0A@@std@@@std@@IAEXPAU?$_Tree_node@U?$pair@$$CBI_N@std@@PAX@2@@Z 100097d0 f i pandamat.obj
 0001:000087d0       ?_Rrotate@?$_Tree@V?$_Tmap_traits@IVSqrtDist@@U?$less@I@std@@V?$allocator@U?$pair@$$CBIVSqrtDist@@@std@@@3@$0A@@std@@@std@@IAEXPAU?$_Tree_node@U?$pair@$$CBIVSqrtDist@@@std@@PAX@2@@Z 100097d0 f i pandamat.obj
 0001:000087d0       ?_Rrotate@?$_Tree@V?$_Tmap_traits@IVDot@@U?$less@I@std@@V?$allocator@U?$pair@$$CBIVDot@@@std@@@3@$0A@@std@@@std@@IAEXPAU?$_Tree_node@U?$pair@$$CBIVDot@@@std@@PAX@2@@Z 100097d0 f i pandamat.obj
 0001:000087d0       ?_Rrotate@?$_Tree@V?$_Tmap_traits@IW4exceptions@@U?$less@I@std@@V?$allocator@U?$pair@$$CBIW4exceptions@@@std@@@3@$0A@@std@@@std@@IAEXPAU?$_Tree_node@U?$pair@$$CBIW4exceptions@@@std@@PAX@2@@Z 100097d0 f i pandamat.obj
 0001:000087d0       ?_Rrotate@?$_Tree@V?$_Tmap_traits@IVAdd@@U?$less@I@std@@V?$allocator@U?$pair@$$CBIVAdd@@@std@@@3@$0A@@std@@@std@@IAEXPAU?$_Tree_node@U?$pair@$$CBIVAdd@@@std@@PAX@2@@Z 100097d0 f i pandamat.obj
 0001:000087d0       ?_Rrotate@?$_Tree@V?$_Tmap_traits@IV?$Mat@N@arma@@U?$less@I@std@@V?$allocator@U?$pair@$$CBIV?$Mat@N@arma@@@std@@@4@$0A@@std@@@std@@IAEXPAU?$_Tree_node@U?$pair@$$CBIV?$Mat@N@arma@@@std@@PAX@2@@Z 100097d0 f i pandamat.obj
 0001:00008830       ?_Lrotate@?$_Tree@V?$_Tmap_traits@IW4exceptions@@U?$less@I@std@@V?$allocator@U?$pair@$$CBIW4exceptions@@@std@@@3@$0A@@std@@@std@@IAEXPAU?$_Tree_node@U?$pair@$$CBIW4exceptions@@@std@@PAX@2@@Z 10009830 f i pandamat.obj
 0001:00008830       ?_Lrotate@?$_Tree@V?$_Tmap_traits@IV?$Mat@N@arma@@U?$less@I@std@@V?$allocator@U?$pair@$$CBIV?$Mat@N@arma@@@std@@@4@$0A@@std@@@std@@IAEXPAU?$_Tree_node@U?$pair@$$CBIV?$Mat@N@arma@@@std@@PAX@2@@Z 10009830 f i pandamat.obj
 0001:00008830       ?_Lrotate@?$_Tree@V?$_Tmap_traits@INU?$less@I@std@@V?$allocator@U?$pair@$$CBIN@std@@@2@$0A@@std@@@std@@IAEXPAU?$_Tree_node@U?$pair@$$CBIN@std@@PAX@2@@Z 10009830 f i pandamat.obj
 0001:00008830       ?_Lrotate@?$_Tree@V?$_Tmap_traits@IVAdd@@U?$less@I@std@@V?$allocator@U?$pair@$$CBIVAdd@@@std@@@3@$0A@@std@@@std@@IAEXPAU?$_Tree_node@U?$pair@$$CBIVAdd@@@std@@PAX@2@@Z 10009830 f i pandamat.obj
 0001:00008830       ?_Lrotate@?$_Tree@V?$_Tmap_traits@V?$basic_string@DU?$char_traits@D@std@@V?$allocator@D@2@@std@@V?$Mat@N@arma@@U?$less@V?$basic_string@DU?$char_traits@D@std@@V?$allocator@D@2@@std@@@2@V?$allocator@U?$pair@$$CBV?$basic_string@DU?$char_traits@D@std@@V?$allocator@D@2@@std@@V?$Mat@N@arma@@@std@@@2@$0A@@std@@@std@@IAEXPAU?$_Tree_node@U?$pair@$$CBV?$basic_string@DU?$char_traits@D@std@@V?$allocator@D@2@@std@@V?$Mat@N@arma@@@std@@PAX@2@@Z 10009830 f i pandamat.obj
 0001:00008830       ?_Lrotate@?$_Tree@V?$_Tmap_traits@IVTranspose@@U?$less@I@std@@V?$allocator@U?$pair@$$CBIVTranspose@@@std@@@3@$0A@@std@@@std@@IAEXPAU?$_Tree_node@U?$pair@$$CBIVTranspose@@@std@@PAX@2@@Z 10009830 f i pandamat.obj
 0001:00008830       ?_Lrotate@?$_Tree@V?$_Tmap_traits@V?$basic_string@DU?$char_traits@D@std@@V?$allocator@D@2@@std@@_NU?$less@V?$basic_string@DU?$char_traits@D@std@@V?$allocator@D@2@@std@@@2@V?$allocator@U?$pair@$$CBV?$basic_string@DU?$char_traits@D@std@@V?$allocator@D@2@@std@@_N@std@@@2@$0A@@std@@@std@@IAEXPAU?$_Tree_node@U?$pair@$$CBV?$basic_string@DU?$char_traits@D@std@@V?$allocator@D@2@@std@@_N@std@@PAX@2@@Z 10009830 f i pandamat.obj
 0001:00008830       ?_Lrotate@?$_Tree@V?$_Tmap_traits@IVNormalize@@U?$less@I@std@@V?$allocator@U?$pair@$$CBIVNormalize@@@std@@@3@$0A@@std@@@std@@IAEXPAU?$_Tree_node@U?$pair@$$CBIVNormalize@@@std@@PAX@2@@Z 10009830 f i pandamat.obj
 0001:00008830       ?_Lrotate@?$_Tree@V?$_Tmap_traits@V?$basic_string@DU?$char_traits@D@std@@V?$allocator@D@2@@std@@W4parameterType@@U?$less@V?$basic_string@DU?$char_traits@D@std@@V?$allocator@D@2@@std@@@2@V?$allocator@U?$pair@$$CBV?$basic_string@DU?$char_traits@D@std@@V?$allocator@D@2@@std@@W4parameterType@@@std@@@2@$0A@@std@@@std@@IAEXPAU?$_Tree_node@U?$pair@$$CBV?$basic_string@DU?$char_traits@D@std@@V?$allocator@D@2@@std@@W4parameterType@@@std@@PAX@2@@Z 10009830 f i pandamat.obj
 0001:00008830       ?_Lrotate@?$_Tree@V?$_Tmap_traits@IVDot@@U?$less@I@std@@V?$allocator@U?$pair@$$CBIVDot@@@std@@@3@$0A@@std@@@std@@IAEXPAU?$_Tree_node@U?$pair@$$CBIVDot@@@std@@PAX@2@@Z 10009830 f i pandamat.obj
 0001:00008830       ?_Lrotate@?$_Tree@V?$_Tmap_traits@IPAVIsolate@v8@@U?$less@I@std@@V?$allocator@U?$pair@$$CBIPAVIsolate@v8@@@std@@@4@$0A@@std@@@std@@IAEXPAU?$_Tree_node@U?$pair@$$CBIPAVIsolate@v8@@@std@@PAX@2@@Z 10009830 f i pandamat.obj
 0001:00008830       ?_Lrotate@?$_Tree@V?$_Tmap_traits@V?$basic_string@DU?$char_traits@D@std@@V?$allocator@D@2@@std@@V12@U?$less@V?$basic_string@DU?$char_traits@D@std@@V?$allocator@D@2@@std@@@2@V?$allocator@U?$pair@$$CBV?$basic_string@DU?$char_traits@D@std@@V?$allocator@D@2@@std@@V12@@std@@@2@$0A@@std@@@std@@IAEXPAU?$_Tree_node@U?$pair@$$CBV?$basic_string@DU?$char_traits@D@std@@V?$allocator@D@2@@std@@V12@@std@@PAX@2@@Z 10009830 f i pandamat.obj
 0001:00008830       ?_Lrotate@?$_Tree@V?$_Tmap_traits@I_NU?$less@I@std@@V?$allocator@U?$pair@$$CBI_N@std@@@2@$0A@@std@@@std@@IAEXPAU?$_Tree_node@U?$pair@$$CBI_N@std@@PAX@2@@Z 10009830 f i pandamat.obj
 0001:00008830       ?_Lrotate@?$_Tree@V?$_Tmap_traits@V?$basic_string@DU?$char_traits@D@std@@V?$allocator@D@2@@std@@NU?$less@V?$basic_string@DU?$char_traits@D@std@@V?$allocator@D@2@@std@@@2@V?$allocator@U?$pair@$$CBV?$basic_string@DU?$char_traits@D@std@@V?$allocator@D@2@@std@@N@std@@@2@$0A@@std@@@std@@IAEXPAU?$_Tree_node@U?$pair@$$CBV?$basic_string@DU?$char_traits@D@std@@V?$allocator@D@2@@std@@N@std@@PAX@2@@Z 10009830 f i pandamat.obj
 0001:00008830       ?_Lrotate@?$_Tree@V?$_Tmap_traits@IW4parameterType@@U?$less@I@std@@V?$allocator@U?$pair@$$CBIW4parameterType@@@std@@@3@$0A@@std@@@std@@IAEXPAU?$_Tree_node@U?$pair@$$CBIW4parameterType@@@std@@PAX@2@@Z 10009830 f i pandamat.obj
 0001:00008830       ?_Lrotate@?$_Tree@V?$_Tmap_traits@IV?$basic_string@DU?$char_traits@D@std@@V?$allocator@D@2@@std@@U?$less@I@2@V?$allocator@U?$pair@$$CBIV?$basic_string@DU?$char_traits@D@std@@V?$allocator@D@2@@std@@@std@@@2@$0A@@std@@@std@@IAEXPAU?$_Tree_node@U?$pair@$$CBIV?$basic_string@DU?$char_traits@D@std@@V?$allocator@D@2@@std@@@std@@PAX@2@@Z 10009830 f i pandamat.obj
 0001:00008830       ?_Lrotate@?$_Tree@V?$_Tmap_traits@IVSqrtDist@@U?$less@I@std@@V?$allocator@U?$pair@$$CBIVSqrtDist@@@std@@@3@$0A@@std@@@std@@IAEXPAU?$_Tree_node@U?$pair@$$CBIVSqrtDist@@@std@@PAX@2@@Z 10009830 f i pandamat.obj
 0001:00008880       ?_Erase@?$_Tree@V?$_Tmap_traits@INU?$less@I@std@@V?$allocator@U?$pair@$$CBIN@std@@@2@$0A@@std@@@std@@IAEXPAU?$_Tree_node@U?$pair@$$CBIN@std@@PAX@2@@Z 10009880 f i pandamat.obj
 0001:00008880       ?_Erase@?$_Tree@V?$_Tmap_traits@IPAVIsolate@v8@@U?$less@I@std@@V?$allocator@U?$pair@$$CBIPAVIsolate@v8@@@std@@@4@$0A@@std@@@std@@IAEXPAU?$_Tree_node@U?$pair@$$CBIPAVIsolate@v8@@@std@@PAX@2@@Z 10009880 f i pandamat.obj
 0001:00008880       ?_Erase@?$_Tree@V?$_Tmap_traits@IW4exceptions@@U?$less@I@std@@V?$allocator@U?$pair@$$CBIW4exceptions@@@std@@@3@$0A@@std@@@std@@IAEXPAU?$_Tree_node@U?$pair@$$CBIW4exceptions@@@std@@PAX@2@@Z 10009880 f i pandamat.obj
 0001:00008880       ?_Erase@?$_Tree@V?$_Tmap_traits@I_NU?$less@I@std@@V?$allocator@U?$pair@$$CBI_N@std@@@2@$0A@@std@@@std@@IAEXPAU?$_Tree_node@U?$pair@$$CBI_N@std@@PAX@2@@Z 10009880 f i pandamat.obj
 0001:00008880       ?_Erase@?$_Tree@V?$_Tmap_traits@IW4parameterType@@U?$less@I@std@@V?$allocator@U?$pair@$$CBIW4parameterType@@@std@@@3@$0A@@std@@@std@@IAEXPAU?$_Tree_node@U?$pair@$$CBIW4parameterType@@@std@@PAX@2@@Z 10009880 f i pandamat.obj
 0001:000088c0       ?_Erase@?$_Tree@V?$_Tmap_traits@IV?$Mat@N@arma@@U?$less@I@std@@V?$allocator@U?$pair@$$CBIV?$Mat@N@arma@@@std@@@4@$0A@@std@@@std@@IAEXPAU?$_Tree_node@U?$pair@$$CBIV?$Mat@N@arma@@@std@@PAX@2@@Z 100098c0 f i pandamat.obj
 0001:00008950       ?_Erase@?$_Tree@V?$_Tmap_traits@IVNormalize@@U?$less@I@std@@V?$allocator@U?$pair@$$CBIVNormalize@@@std@@@3@$0A@@std@@@std@@IAEXPAU?$_Tree_node@U?$pair@$$CBIVNormalize@@@std@@PAX@2@@Z 10009950 f i pandamat.obj
 0001:00008950       ?_Erase@?$_Tree@V?$_Tmap_traits@IVSqrtDist@@U?$less@I@std@@V?$allocator@U?$pair@$$CBIVSqrtDist@@@std@@@3@$0A@@std@@@std@@IAEXPAU?$_Tree_node@U?$pair@$$CBIVSqrtDist@@@std@@PAX@2@@Z 10009950 f i pandamat.obj
 0001:00008950       ?_Erase@?$_Tree@V?$_Tmap_traits@IVDot@@U?$less@I@std@@V?$allocator@U?$pair@$$CBIVDot@@@std@@@3@$0A@@std@@@std@@IAEXPAU?$_Tree_node@U?$pair@$$CBIVDot@@@std@@PAX@2@@Z 10009950 f i pandamat.obj
 0001:00008950       ?_Erase@?$_Tree@V?$_Tmap_traits@IVTranspose@@U?$less@I@std@@V?$allocator@U?$pair@$$CBIVTranspose@@@std@@@3@$0A@@std@@@std@@IAEXPAU?$_Tree_node@U?$pair@$$CBIVTranspose@@@std@@PAX@2@@Z 10009950 f i pandamat.obj
 0001:00008950       ?_Erase@?$_Tree@V?$_Tmap_traits@IVAdd@@U?$less@I@std@@V?$allocator@U?$pair@$$CBIVAdd@@@std@@@3@$0A@@std@@@std@@IAEXPAU?$_Tree_node@U?$pair@$$CBIVAdd@@@std@@PAX@2@@Z 10009950 f i pandamat.obj
 0001:00008990       ?_Erase@?$_Tree@V?$_Tmap_traits@IV?$basic_string@DU?$char_traits@D@std@@V?$allocator@D@2@@std@@U?$less@I@2@V?$allocator@U?$pair@$$CBIV?$basic_string@DU?$char_traits@D@std@@V?$allocator@D@2@@std@@@std@@@2@$0A@@std@@@std@@IAEXPAU?$_Tree_node@U?$pair@$$CBIV?$basic_string@DU?$char_traits@D@std@@V?$allocator@D@2@@std@@@std@@PAX@2@@Z 10009990 f i pandamat.obj
 0001:00008a20       ?_Erase@?$_Tree@V?$_Tmap_traits@V?$basic_string@DU?$char_traits@D@std@@V?$allocator@D@2@@std@@NU?$less@V?$basic_string@DU?$char_traits@D@std@@V?$allocator@D@2@@std@@@2@V?$allocator@U?$pair@$$CBV?$basic_string@DU?$char_traits@D@std@@V?$allocator@D@2@@std@@N@std@@@2@$0A@@std@@@std@@IAEXPAU?$_Tree_node@U?$pair@$$CBV?$basic_string@DU?$char_traits@D@std@@V?$allocator@D@2@@std@@N@std@@PAX@2@@Z 10009a20 f i pandamat.obj
 0001:00008a20       ?_Erase@?$_Tree@V?$_Tmap_traits@V?$basic_string@DU?$char_traits@D@std@@V?$allocator@D@2@@std@@_NU?$less@V?$basic_string@DU?$char_traits@D@std@@V?$allocator@D@2@@std@@@2@V?$allocator@U?$pair@$$CBV?$basic_string@DU?$char_traits@D@std@@V?$allocator@D@2@@std@@_N@std@@@2@$0A@@std@@@std@@IAEXPAU?$_Tree_node@U?$pair@$$CBV?$basic_string@DU?$char_traits@D@std@@V?$allocator@D@2@@std@@_N@std@@PAX@2@@Z 10009a20 f i pandamat.obj
 0001:00008a20       ?_Erase@?$_Tree@V?$_Tmap_traits@V?$basic_string@DU?$char_traits@D@std@@V?$allocator@D@2@@std@@W4parameterType@@U?$less@V?$basic_string@DU?$char_traits@D@std@@V?$allocator@D@2@@std@@@2@V?$allocator@U?$pair@$$CBV?$basic_string@DU?$char_traits@D@std@@V?$allocator@D@2@@std@@W4parameterType@@@std@@@2@$0A@@std@@@std@@IAEXPAU?$_Tree_node@U?$pair@$$CBV?$basic_string@DU?$char_traits@D@std@@V?$allocator@D@2@@std@@W4parameterType@@@std@@PAX@2@@Z 10009a20 f i pandamat.obj
 0001:00008ab0       ?_Erase@?$_Tree@V?$_Tmap_traits@V?$basic_string@DU?$char_traits@D@std@@V?$allocator@D@2@@std@@V12@U?$less@V?$basic_string@DU?$char_traits@D@std@@V?$allocator@D@2@@std@@@2@V?$allocator@U?$pair@$$CBV?$basic_string@DU?$char_traits@D@std@@V?$allocator@D@2@@std@@V12@@std@@@2@$0A@@std@@@std@@IAEXPAU?$_Tree_node@U?$pair@$$CBV?$basic_string@DU?$char_traits@D@std@@V?$allocator@D@2@@std@@V12@@std@@PAX@2@@Z 10009ab0 f i pandamat.obj
 0001:00008bc0       ?_Erase@?$_Tree@V?$_Tmap_traits@V?$basic_string@DU?$char_traits@D@std@@V?$allocator@D@2@@std@@V?$Mat@N@arma@@U?$less@V?$basic_string@DU?$char_traits@D@std@@V?$allocator@D@2@@std@@@2@V?$allocator@U?$pair@$$CBV?$basic_string@DU?$char_traits@D@std@@V?$allocator@D@2@@std@@V?$Mat@N@arma@@@std@@@2@$0A@@std@@@std@@IAEXPAU?$_Tree_node@U?$pair@$$CBV?$basic_string@DU?$char_traits@D@std@@V?$allocator@D@2@@std@@V?$Mat@N@arma@@@std@@PAX@2@@Z 10009bc0 f i pandamat.obj
 0001:00008cc0       ??E?$_Tree_unchecked_const_iterator@V?$_Tree_val@U?$_Tree_simple_types@U?$pair@$$CBIN@std@@@std@@@std@@U_Iterator_base0@2@@std@@QAEAAV01@XZ 10009cc0 f i pandamat.obj
 0001:00008cc0       ??E?$_Tree_unchecked_const_iterator@V?$_Tree_val@U?$_Tree_simple_types@U?$pair@$$CBIVSqrtDist@@@std@@@std@@@std@@U_Iterator_base0@2@@std@@QAEAAV01@XZ 10009cc0 f i pandamat.obj
 0001:00008cc0       ??E?$_Tree_unchecked_const_iterator@V?$_Tree_val@U?$_Tree_simple_types@U?$pair@$$CBIV?$basic_string@DU?$char_traits@D@std@@V?$allocator@D@2@@std@@@std@@@std@@@std@@U_Iterator_base0@2@@std@@QAEAAV01@XZ 10009cc0 f i pandamat.obj
 0001:00008cc0       ??E?$_Tree_unchecked_const_iterator@V?$_Tree_val@U?$_Tree_simple_types@U?$pair@$$CBIVTranspose@@@std@@@std@@@std@@U_Iterator_base0@2@@std@@QAEAAV01@XZ 10009cc0 f i pandamat.obj
 0001:00008cc0       ??E?$_Tree_unchecked_const_iterator@V?$_Tree_val@U?$_Tree_simple_types@U?$pair@$$CBIVNormalize@@@std@@@std@@@std@@U_Iterator_base0@2@@std@@QAEAAV01@XZ 10009cc0 f i pandamat.obj
 0001:00008cc0       ??E?$_Tree_unchecked_const_iterator@V?$_Tree_val@U?$_Tree_simple_types@U?$pair@$$CBV?$basic_string@DU?$char_traits@D@std@@V?$allocator@D@2@@std@@_N@std@@@std@@@std@@U_Iterator_base0@2@@std@@QAEAAV01@XZ 10009cc0 f i pandamat.obj
 0001:00008cc0       ??E?$_Tree_unchecked_const_iterator@V?$_Tree_val@U?$_Tree_simple_types@U?$pair@$$CBV?$basic_string@DU?$char_traits@D@std@@V?$allocator@D@2@@std@@N@std@@@std@@@std@@U_Iterator_base0@2@@std@@QAEAAV01@XZ 10009cc0 f i pandamat.obj
 0001:00008cc0       ??E?$_Tree_unchecked_const_iterator@V?$_Tree_val@U?$_Tree_simple_types@U?$pair@$$CBV?$basic_string@DU?$char_traits@D@std@@V?$allocator@D@2@@std@@V12@@std@@@std@@@std@@U_Iterator_base0@2@@std@@QAEAAV01@XZ 10009cc0 f i pandamat.obj
 0001:00008cc0       ??E?$_Tree_unchecked_const_iterator@V?$_Tree_val@U?$_Tree_simple_types@U?$pair@$$CBIPAVIsolate@v8@@@std@@@std@@@std@@U_Iterator_base0@2@@std@@QAEAAV01@XZ 10009cc0 f i pandamat.obj
 0001:00008cc0       ??E?$_Tree_unchecked_const_iterator@V?$_Tree_val@U?$_Tree_simple_types@U?$pair@$$CBIW4exceptions@@@std@@@std@@@std@@U_Iterator_base0@2@@std@@QAEAAV01@XZ 10009cc0 f i pandamat.obj
 0001:00008cc0       ??E?$_Tree_unchecked_const_iterator@V?$_Tree_val@U?$_Tree_simple_types@U?$pair@$$CBIV?$Mat@N@arma@@@std@@@std@@@std@@U_Iterator_base0@2@@std@@QAEAAV01@XZ 10009cc0 f i pandamat.obj
 0001:00008cc0       ??E?$_Tree_unchecked_const_iterator@V?$_Tree_val@U?$_Tree_simple_types@U?$pair@$$CBIW4parameterType@@@std@@@std@@@std@@U_Iterator_base0@2@@std@@QAEAAV01@XZ 10009cc0 f i pandamat.obj
 0001:00008cc0       ??E?$_Tree_unchecked_const_iterator@V?$_Tree_val@U?$_Tree_simple_types@U?$pair@$$CBI_N@std@@@std@@@std@@U_Iterator_base0@2@@std@@QAEAAV01@XZ 10009cc0 f i pandamat.obj
 0001:00008cc0       ??E?$_Tree_unchecked_const_iterator@V?$_Tree_val@U?$_Tree_simple_types@U?$pair@$$CBV?$basic_string@DU?$char_traits@D@std@@V?$allocator@D@2@@std@@V?$Mat@N@arma@@@std@@@std@@@std@@U_Iterator_base0@2@@std@@QAEAAV01@XZ 10009cc0 f i pandamat.obj
 0001:00008cc0       ??E?$_Tree_unchecked_const_iterator@V?$_Tree_val@U?$_Tree_simple_types@U?$pair@$$CBIVDot@@@std@@@std@@@std@@U_Iterator_base0@2@@std@@QAEAAV01@XZ 10009cc0 f i pandamat.obj
 0001:00008cc0       ??E?$_Tree_unchecked_const_iterator@V?$_Tree_val@U?$_Tree_simple_types@U?$pair@$$CBV?$basic_string@DU?$char_traits@D@std@@V?$allocator@D@2@@std@@W4parameterType@@@std@@@std@@@std@@U_Iterator_base0@2@@std@@QAEAAV01@XZ 10009cc0 f i pandamat.obj
 0001:00008cc0       ??E?$_Tree_unchecked_const_iterator@V?$_Tree_val@U?$_Tree_simple_types@U?$pair@$$CBIVAdd@@@std@@@std@@@std@@U_Iterator_base0@2@@std@@QAEAAV01@XZ 10009cc0 f i pandamat.obj
 0001:00008d10       ??$use_facet@V?$ctype@D@std@@@std@@YAABV?$ctype@D@0@ABVlocale@0@@Z 10009d10 f i pandamat.obj
 0001:00008e30       ??$_Immortalize@V_Iostream_error_category@std@@@std@@YAAAV_Iostream_error_category@0@XZ 10009e30 f i pandamat.obj
 0001:00008ea0       ??1?$Mat@N@arma@@QAE@XZ    10009ea0 f i pandamat.obj
 0001:00008f00       ??$?6U?$char_traits@D@std@@@std@@YAAAV?$basic_ostream@DU?$char_traits@D@std@@@0@AAV10@PBD@Z 10009f00 f i pandamat.obj
 0001:000091a0       ??$?6U?$char_traits@D@std@@@std@@YAAAV?$basic_ostream@DU?$char_traits@D@std@@@0@AAV10@D@Z 1000a1a0 f i pandamat.obj
 0001:00009450       ??$endl@DU?$char_traits@D@std@@@std@@YAAAV?$basic_ostream@DU?$char_traits@D@std@@@0@AAV10@@Z 1000a450 f i pandamat.obj
 0001:00009490       ??$num2str@I@@YA?AV?$basic_string@DU?$char_traits@D@std@@V?$allocator@D@2@@std@@I@Z 1000a490 f i pandamat.obj
 0001:00009530       ??$Set@VObject@v8@@@?$ReturnValue@VValue@v8@@@v8@@QAEXV?$Local@VObject@v8@@@1@@Z 1000a530 f i pandamat.obj
 0001:00009550       ??$use_facet@V?$num_put@DV?$ostreambuf_iterator@DU?$char_traits@D@std@@@std@@@std@@@std@@YAABV?$num_put@DV?$ostreambuf_iterator@DU?$char_traits@D@std@@@std@@@0@ABVlocale@0@@Z 1000a550 f i pandamat.obj
 0001:00009670       ??$use_facet@V?$numpunct@D@std@@@std@@YAABV?$numpunct@D@0@ABVlocale@0@@Z 1000a670 f i pandamat.obj
 0001:00009790       ??_D?$basic_ostringstream@DU?$char_traits@D@std@@V?$allocator@D@2@@std@@QAEXXZ 1000a790 f i pandamat.obj
 0001:000097b0       ?_Getcat@?$numpunct@D@std@@SAIPAPBVfacet@locale@2@PBV42@@Z 1000a7b0 f i pandamat.obj
 0001:00009870       ?_Getcat@?$num_put@DV?$ostreambuf_iterator@DU?$char_traits@D@std@@@std@@@std@@SAIPAPBVfacet@locale@2@PBV42@@Z 1000a870 f i pandamat.obj
 0001:00009920       ?str@?$basic_ostringstream@DU?$char_traits@D@std@@V?$allocator@D@2@@std@@QBE?AV?$basic_string@DU?$char_traits@D@std@@V?$allocator@D@2@@2@XZ 1000a920 f i pandamat.obj
 0001:00009940       ??1?$basic_ostringstream@DU?$char_traits@D@std@@V?$allocator@D@2@@std@@UAE@XZ 1000a940 f i pandamat.obj
 0001:000099c0       ??0?$basic_ostringstream@DU?$char_traits@D@std@@V?$allocator@D@2@@std@@QAE@H@Z 1000a9c0 f i pandamat.obj
 0001:00009ac0       ?sputn@?$basic_streambuf@DU?$char_traits@D@std@@@std@@QAE_JPBD_J@Z 1000aac0 f i pandamat.obj
 0001:00009ae0       ??_G?$basic_ostringstream@DU?$char_traits@D@std@@V?$allocator@D@2@@std@@UAEPAXI@Z 1000aae0 f i pandamat.obj
 0001:00009ae0       ??_E?$basic_ostringstream@DU?$char_traits@D@std@@V?$allocator@D@2@@std@@UAEPAXI@Z 1000aae0 f i * CIL library *:* CIL module *
 0001:00009b20       ?_Init@?$numpunct@D@std@@IAEXABV_Locinfo@2@_N@Z 1000ab20 f i pandamat.obj
 0001:00009c60       ??1?$pair@V?$basic_string@DU?$char_traits@D@std@@V?$allocator@D@2@@std@@V12@@std@@QAE@XZ 1000ac60 f i pandapool.obj
 0001:00009c60       ??1?$pair@$$CBV?$basic_string@DU?$char_traits@D@std@@V?$allocator@D@2@@std@@V12@@std@@QAE@XZ 1000ac60 f i pandamat.obj
 0001:00009cd0       ??1?$pair@V?$basic_string@DU?$char_traits@D@std@@V?$allocator@D@2@@std@@V?$Mat@N@arma@@@std@@QAE@XZ 1000acd0 f i pandapool.obj
 0001:00009cd0       ??1?$pair@$$CBV?$basic_string@DU?$char_traits@D@std@@V?$allocator@D@2@@std@@V?$Mat@N@arma@@@std@@QAE@XZ 1000acd0 f i pandamat.obj
 0001:00009d70       ??1Transpose@@QAE@XZ       1000ad70 f i pandamat.obj
 0001:00009d70       ??1Add@@QAE@XZ             1000ad70 f i pandamat.obj
 0001:00009d70       ??1Normalize@@QAE@XZ       1000ad70 f i pandamat.obj
 0001:00009d70       ??1SqrtDist@@QAE@XZ        1000ad70 f i pandamat.obj
 0001:00009d70       ??1Dot@@QAE@XZ             1000ad70 f i pandamat.obj
 0001:00009d78       ??_E?$basic_ostream@DU?$char_traits@D@std@@@std@@$4PPPPPPPM@A@AEPAXI@Z 1000ad78 f i pandamat.obj
 0001:00009d80       ??_E?$basic_ostringstream@DU?$char_traits@D@std@@V?$allocator@D@2@@std@@$4PPPPPPPM@A@AEPAXI@Z 1000ad80 f i pandamat.obj
 0001:00009d90       ??0exception@stdext@@QAE@ABV01@@Z 1000ad90 f i pandapool.obj
 0001:00009db0       ?_Doraise@bad_alloc@stdext@@MBEXXZ 1000adb0 f i pandapool.obj
 0001:00009dc0       ??0PandaPool@@QAE@XZ       1000adc0 f   pandapool.obj
 0001:0000a000       ?enter@PandaPool@@QAEIPAVIsolate@v8@@@Z 1000b000 f   pandapool.obj
 0001:0000a250       ?exit@PandaPool@@QAEXI@Z   1000b250 f   pandapool.obj
 0001:0000a3d0       ?setState@PandaPool@@QAEXIW4exceptions@@V?$basic_string@DU?$char_traits@D@std@@V?$allocator@D@2@@std@@@Z 1000b3d0 f   pandapool.obj
 0001:0000a470       ?packMessage@PandaPool@@QAE?AV?$basic_string@DU?$char_traits@D@std@@V?$allocator@D@2@@std@@I@Z 1000b470 f   pandapool.obj
 0001:0000a600       ?save@PandaPool@@QAE?AW4exceptions@@IV?$Local@VValue@v8@@@v8@@PBD@Z 1000b600 f   pandapool.obj
 0001:0000aaa0       ?saveResult@PandaPool@@QAE?AW4exceptions@@IPBD0@Z 1000baa0 f   pandapool.obj
 0001:0000af80       ?saveResult@PandaPool@@QAE?AW4exceptions@@IPBD@Z 1000bf80 f   pandapool.obj
 0001:0000b360       ?check@PandaPool@@QAE?AW4exceptions@@IPBD@Z 1000c360 f   pandapool.obj
 0001:0000b580       ?get@PandaPool@@QAE?AW4exceptions@@IPBD@Z 1000c580 f   pandapool.obj
 0001:0000b9b0       ??1?$pair@IV?$Mat@N@arma@@@std@@QAE@XZ 1000c9b0 f i pandapool.obj
 0001:0000b9b0       ??1?$eGlue@V?$Mat@N@arma@@V?$Op@V?$Mat@N@arma@@Vop_repmat@2@@2@Veglue_minus@2@@arma@@QAE@XZ 1000c9b0 f i normalize.obj
 0001:0000b9b0       ??1?$quasi_unwrap@V?$subview_col@N@arma@@@arma@@QAE@XZ 1000c9b0 f i normalize.obj
 0001:0000ba10       ?remove@PandaPool@@QAE?AW4exceptions@@IPBD@Z 1000ca10 f   pandapool.obj
 0001:0000bc80       ?send@PandaPool@@QAE?AW4exceptions@@IAAVOperationData@@W4parameterType@@PBD2@Z 1000cc80 f   pandapool.obj
 0001:0000bfb0       ?getType@PandaPool@@QAE?AW4parameterType@@V?$Local@VValue@v8@@@v8@@@Z 1000cfb0 f   pandapool.obj
 0001:0000c030       ?getResultMat@PandaPool@@QAE?AV?$Local@VArray@v8@@@v8@@I@Z 1000d030 f   pandapool.obj
 0001:0000c0d0       ?getResultValue@PandaPool@@QAE?AV?$Local@VNumber@v8@@@v8@@I@Z 1000d0d0 f   pandapool.obj
 0001:0000c170       ?getResultString@PandaPool@@QAE?AV?$Local@VString@v8@@@v8@@I@Z 1000d170 f   pandapool.obj
 0001:0000c250       ?getResultBool@PandaPool@@QAE?AV?$Local@VBoolean@v8@@@v8@@I@Z 1000d250 f   pandapool.obj
 0001:0000c2e0       ?getMat@PandaPool@@AAE?AV?$Mat@N@arma@@I@Z 1000d2e0 f   pandapool.obj
 0001:0000c340       ?getValue@PandaPool@@AAENI@Z 1000d340 f   pandapool.obj
 0001:0000c390       ?getString@PandaPool@@AAE?AV?$basic_string@DU?$char_traits@D@std@@V?$allocator@D@2@@std@@I@Z 1000d390 f   pandapool.obj
 0001:0000c410       ?getBool@PandaPool@@AAE_NI@Z 1000d410 f   pandapool.obj
 0001:0000c460       ?getResult@PandaPool@@QAE?AW4exceptions@@IAAVOperationData@@@Z 1000d460 f   pandapool.obj
 0001:0000c6e0       ?unpackArray@PandaPool@@AAEXIV?$Local@VValue@v8@@@v8@@AAV?$Mat@N@arma@@@Z 1000d6e0 f   pandapool.obj
 0001:0000cbe0       ?packArray@PandaPool@@AAEXIAAV?$Mat@N@arma@@AAV?$Local@VArray@v8@@@v8@@@Z 1000dbe0 f   pandapool.obj
 0001:0000cd30       ??0?$map@IW4parameterType@@U?$less@I@std@@V?$allocator@U?$pair@$$CBIW4parameterType@@@std@@@3@@std@@QAE@XZ 1000dd30 f i pandapool.obj
 0001:0000cd80       ?erase@?$_Tree@V?$_Tmap_traits@V?$basic_string@DU?$char_traits@D@std@@V?$allocator@D@2@@std@@W4parameterType@@U?$less@V?$basic_string@DU?$char_traits@D@std@@V?$allocator@D@2@@std@@@2@V?$allocator@U?$pair@$$CBV?$basic_string@DU?$char_traits@D@std@@V?$allocator@D@2@@std@@W4parameterType@@@std@@@2@$0A@@std@@@std@@QAEIABV?$basic_string@DU?$char_traits@D@std@@V?$allocator@D@2@@2@@Z 1000dd80 f i pandapool.obj
 0001:0000cdd0       ?at@?$map@V?$basic_string@DU?$char_traits@D@std@@V?$allocator@D@2@@std@@NU?$less@V?$basic_string@DU?$char_traits@D@std@@V?$allocator@D@2@@std@@@2@V?$allocator@U?$pair@$$CBV?$basic_string@DU?$char_traits@D@std@@V?$allocator@D@2@@std@@N@std@@@2@@std@@QAEAANABV?$basic_string@DU?$char_traits@D@std@@V?$allocator@D@2@@2@@Z 1000ddd0 f i pandapool.obj
 0001:0000cdd0       ?at@?$map@V?$basic_string@DU?$char_traits@D@std@@V?$allocator@D@2@@std@@V12@U?$less@V?$basic_string@DU?$char_traits@D@std@@V?$allocator@D@2@@std@@@2@V?$allocator@U?$pair@$$CBV?$basic_string@DU?$char_traits@D@std@@V?$allocator@D@2@@std@@V12@@std@@@2@@std@@QAEAAV?$basic_string@DU?$char_traits@D@std@@V?$allocator@D@2@@2@ABV32@@Z 1000ddd0 f i pandapool.obj
 0001:0000cdd0       ?at@?$map@V?$basic_string@DU?$char_traits@D@std@@V?$allocator@D@2@@std@@V?$Mat@N@arma@@U?$less@V?$basic_string@DU?$char_traits@D@std@@V?$allocator@D@2@@std@@@2@V?$allocator@U?$pair@$$CBV?$basic_string@DU?$char_traits@D@std@@V?$allocator@D@2@@std@@V?$Mat@N@arma@@@std@@@2@@std@@QAEAAV?$Mat@N@arma@@ABV?$basic_string@DU?$char_traits@D@std@@V?$allocator@D@2@@2@@Z 1000ddd0 f i pandapool.obj
 0001:0000cdd0       ?at@?$map@V?$basic_string@DU?$char_traits@D@std@@V?$allocator@D@2@@std@@_NU?$less@V?$basic_string@DU?$char_traits@D@std@@V?$allocator@D@2@@std@@@2@V?$allocator@U?$pair@$$CBV?$basic_string@DU?$char_traits@D@std@@V?$allocator@D@2@@std@@_N@std@@@2@@std@@QAEAA_NABV?$basic_string@DU?$char_traits@D@std@@V?$allocator@D@2@@2@@Z 1000ddd0 f i pandapool.obj
 0001:0000ce30       ?insert@?$basic_string@DU?$char_traits@D@std@@V?$allocator@D@2@@std@@QAEAAV12@IPBD@Z 1000de30 f i pandapool.obj
 0001:0000ce70       ??4?$basic_string@DU?$char_traits@D@std@@V?$allocator@D@2@@std@@QAEAAV01@PBD@Z 1000de70 f i pandapool.obj
 0001:0000ceb0       ?insert@?$basic_string@DU?$char_traits@D@std@@V?$allocator@D@2@@std@@QAEAAV12@IPBDI@Z 1000deb0 f i pandapool.obj
 0001:0000d000       ?insert@?$basic_string@DU?$char_traits@D@std@@V?$allocator@D@2@@std@@QAEAAV12@IABV12@II@Z 1000e000 f i pandapool.obj
 0001:0000d160       ??0?$Mat@N@arma@@QAE@ABV01@@Z 1000e160 f i pandapool.obj
 0001:0000d200       ??4?$Mat@N@arma@@QAEABV01@ABV01@@Z 1000e200 f i pandapool.obj
 0001:0000d290       ??$?6DU?$char_traits@D@std@@V?$allocator@D@1@@std@@YAAAV?$basic_ostream@DU?$char_traits@D@std@@@0@AAV10@ABV?$basic_string@DU?$char_traits@D@std@@V?$allocator@D@2@@0@@Z 1000e290 f i pandapool.obj
 0001:0000d4f0       ??$insert@U?$pair@IV?$basic_string@DU?$char_traits@D@std@@V?$allocator@D@2@@std@@@std@@X@?$map@IV?$basic_string@DU?$char_traits@D@std@@V?$allocator@D@2@@std@@U?$less@I@2@V?$allocator@U?$pair@$$CBIV?$basic_string@DU?$char_traits@D@std@@V?$allocator@D@2@@std@@@std@@@2@@std@@QAE?AU?$pair@V?$_Tree_iterator@V?$_Tree_val@U?$_Tree_simple_types@U?$pair@$$CBIV?$basic_string@DU?$char_traits@D@std@@V?$allocator@D@2@@std@@@std@@@std@@@std@@@std@@_N@1@$$QAU?$pair@IV?$basic_string@DU?$char_traits@D@std@@V?$allocator@D@2@@std@@@1@@Z 1000e4f0 f i pandapool.obj
 0001:0000d560       ??$?0AAPBDV?$Mat@N@arma@@X$0A@@?$pair@V?$basic_string@DU?$char_traits@D@std@@V?$allocator@D@2@@std@@V?$Mat@N@arma@@@std@@QAE@AAPBD$$QAV?$Mat@N@arma@@@Z 1000e560 f i pandapool.obj
 0001:0000d560       ??$?0AAPBDAAV?$Mat@N@arma@@X$0A@@?$pair@V?$basic_string@DU?$char_traits@D@std@@V?$allocator@D@2@@std@@V?$Mat@N@arma@@@std@@QAE@AAPBDAAV?$Mat@N@arma@@@Z 1000e560 f i pandapool.obj
 0001:0000d5f0       ??$insert@U?$pair@V?$basic_string@DU?$char_traits@D@std@@V?$allocator@D@2@@std@@V?$Mat@N@arma@@@std@@X@?$map@V?$basic_string@DU?$char_traits@D@std@@V?$allocator@D@2@@std@@V?$Mat@N@arma@@U?$less@V?$basic_string@DU?$char_traits@D@std@@V?$allocator@D@2@@std@@@2@V?$allocator@U?$pair@$$CBV?$basic_string@DU?$char_traits@D@std@@V?$allocator@D@2@@std@@V?$Mat@N@arma@@@std@@@2@@std@@QAE?AU?$pair@V?$_Tree_iterator@V?$_Tree_val@U?$_Tree_simple_types@U?$pair@$$CBV?$basic_string@DU?$char_traits@D@std@@V?$allocator@D@2@@std@@V?$Mat@N@arma@@@std@@@std@@@std@@@std@@_N@1@$$QAU?$pair@V?$basic_string@DU?$char_traits@D@std@@V?$allocator@D@2@@std@@V?$Mat@N@arma@@@1@@Z 1000e5f0 f i pandapool.obj
 0001:0000d620       ??$?0AAPBDW4parameterType@@X$0A@@?$pair@V?$basic_string@DU?$char_traits@D@std@@V?$allocator@D@2@@std@@W4parameterType@@@std@@QAE@AAPBD$$QAW4parameterType@@@Z 1000e620 f i pandapool.obj
 0001:0000d680       ??$insert@U?$pair@V?$basic_string@DU?$char_traits@D@std@@V?$allocator@D@2@@std@@W4parameterType@@@std@@X@?$map@V?$basic_string@DU?$char_traits@D@std@@V?$allocator@D@2@@std@@W4parameterType@@U?$less@V?$basic_string@DU?$char_traits@D@std@@V?$allocator@D@2@@std@@@2@V?$allocator@U?$pair@$$CBV?$basic_string@DU?$char_traits@D@std@@V?$allocator@D@2@@std@@W4parameterType@@@std@@@2@@std@@QAE?AU?$pair@V?$_Tree_iterator@V?$_Tree_val@U?$_Tree_simple_types@U?$pair@$$CBV?$basic_string@DU?$char_traits@D@std@@V?$allocator@D@2@@std@@W4parameterType@@@std@@@std@@@std@@@std@@_N@1@$$QAU?$pair@V?$basic_string@DU?$char_traits@D@std@@V?$allocator@D@2@@std@@W4parameterType@@@1@@Z 1000e680 f i pandapool.obj
 0001:0000d6f0       ??$?0AAPBDNX$0A@@?$pair@V?$basic_string@DU?$char_traits@D@std@@V?$allocator@D@2@@std@@N@std@@QAE@AAPBD$$QAN@Z 1000e6f0 f i pandapool.obj
 0001:0000d6f0       ??$?0AAPBDAANX$0A@@?$pair@V?$basic_string@DU?$char_traits@D@std@@V?$allocator@D@2@@std@@N@std@@QAE@AAPBDAAN@Z 1000e6f0 f i pandapool.obj
 0001:0000d750       ??$insert@U?$pair@V?$basic_string@DU?$char_traits@D@std@@V?$allocator@D@2@@std@@N@std@@X@?$map@V?$basic_string@DU?$char_traits@D@std@@V?$allocator@D@2@@std@@NU?$less@V?$basic_string@DU?$char_traits@D@std@@V?$allocator@D@2@@std@@@2@V?$allocator@U?$pair@$$CBV?$basic_string@DU?$char_traits@D@std@@V?$allocator@D@2@@std@@N@std@@@2@@std@@QAE?AU?$pair@V?$_Tree_iterator@V?$_Tree_val@U?$_Tree_simple_types@U?$pair@$$CBV?$basic_string@DU?$char_traits@D@std@@V?$allocator@D@2@@std@@N@std@@@std@@@std@@@std@@_N@1@$$QAU?$pair@V?$basic_string@DU?$char_traits@D@std@@V?$allocator@D@2@@std@@N@1@@Z 1000e750 f i pandapool.obj
[...]
 0003:00001f90       ?tril@solve_opts@arma@@3Uopts_tril@12@B 1004ff90     operation.obj
 0003:00001f94       ?triu@solve_opts@arma@@3Uopts_triu@12@B 1004ff94     operation.obj
 0003:00001f98       ?no_approx@solve_opts@arma@@3Uopts_no_approx@12@B 1004ff98     operation.obj
 0003:00001f9c       ?random_spread@arma@@3Ugmm_seed_random_spread@1@B 1004ff9c     operation.obj
 0003:00001fa0       ?randu@fill@arma@@3U?$fill_class@Ufill_randu@fill@arma@@@12@B 1004ffa0     operation.obj
 0003:00001fa1       ?randn@fill@arma@@3U?$fill_class@Ufill_randn@fill@arma@@@12@B 1004ffa1     operation.obj
 0003:00001fa2       ?endr@arma@@3U?$injector_end_of_row@H@1@B 1004ffa2     operation.obj
 0003:00001fa3       ?none@fill@arma@@3U?$fill_class@Ufill_none@fill@arma@@@12@B 1004ffa3     operation.obj
 0003:00001fa4       ?keep_existing@arma@@3Ugmm_seed_keep_existing@1@B 1004ffa4     operation.obj
 0003:00001fa8       ?random_subset@arma@@3Ugmm_seed_random_subset@1@B 1004ffa8     operation.obj
 0003:00001fac       ?maha_dist@arma@@3Ugmm_dist_maha@1@B 1004ffac     operation.obj
 0003:00001fb0       ?static_spread@arma@@3Ugmm_seed_static_spread@1@B 1004ffb0     operation.obj
 0003:00001fb4       ?equilibrate@solve_opts@arma@@3Uopts_equilibrate@12@B 1004ffb4     operation.obj
 0003:00001fb8       ?none@solve_opts@arma@@3Uopts_none@12@B 1004ffb8     operation.obj
 0003:00001fbc       ?prob_dist@arma@@3Ugmm_dist_prob@1@B 1004ffbc     operation.obj
 0003:00001fc0       ?fast@solve_opts@arma@@3Uopts_fast@12@B 1004ffc0     operation.obj
 0003:00001fc4       ?eucl_dist@arma@@3Ugmm_dist_eucl@1@B 1004ffc4     operation.obj
 0003:00001fc8       ?static_subset@arma@@3Ugmm_seed_static_subset@1@B 1004ffc8     operation.obj
 0003:00001fcc       ?zeros@fill@arma@@3U?$fill_class@Ufill_zeros@fill@arma@@@12@B 1004ffcc     operation.obj
 0003:00001fcd       ?ones@fill@arma@@3U?$fill_class@Ufill_ones@fill@arma@@@12@B 1004ffcd     operation.obj
 0003:00001fce       ?eye@fill@arma@@3U?$fill_class@Ufill_eye@fill@arma@@@12@B 1004ffce     add.obj
 0003:00001fcf       ?randu@fill@arma@@3U?$fill_class@Ufill_randu@fill@arma@@@12@B 1004ffcf     add.obj
 0003:00001fd0       ?tril@solve_opts@arma@@3Uopts_tril@12@B 1004ffd0     add.obj
 0003:00001fd4       ?triu@solve_opts@arma@@3Uopts_triu@12@B 1004ffd4     add.obj
 0003:00001fd8       ?no_approx@solve_opts@arma@@3Uopts_no_approx@12@B 1004ffd8     add.obj
 0003:00001fdc       ?random_spread@arma@@3Ugmm_seed_random_spread@1@B 1004ffdc     add.obj
 0003:00001fe0       ?keep_existing@arma@@3Ugmm_seed_keep_existing@1@B 1004ffe0     add.obj
 0003:00001fe4       ?randn@fill@arma@@3U?$fill_class@Ufill_randn@fill@arma@@@12@B 1004ffe4     add.obj
 0003:00001fe5       ?endr@arma@@3U?$injector_end_of_row@H@1@B 1004ffe5     add.obj
 0003:00001fe6       ?none@fill@arma@@3U?$fill_class@Ufill_none@fill@arma@@@12@B 1004ffe6     add.obj
 0003:00001fe7       ?zeros@fill@arma@@3U?$fill_class@Ufill_zeros@fill@arma@@@12@B 1004ffe7     add.obj
 0003:00001fe8       ?random_subset@arma@@3Ugmm_seed_random_subset@1@B 1004ffe8     add.obj
 0003:00001fec       ?maha_dist@arma@@3Ugmm_dist_maha@1@B 1004ffec     add.obj
 0003:00001ff0       ?static_spread@arma@@3Ugmm_seed_static_spread@1@B 1004fff0     add.obj
 0003:00001ff4       ?equilibrate@solve_opts@arma@@3Uopts_equilibrate@12@B 1004fff4     add.obj
 0003:00001ff8       ?none@solve_opts@arma@@3Uopts_none@12@B 1004fff8     add.obj
 0003:00001ffc       ?prob_dist@arma@@3Ugmm_dist_prob@1@B 1004fffc     add.obj
 0003:00002000       ?fast@solve_opts@arma@@3Uopts_fast@12@B 10050000     add.obj
 0003:00002004       ?eucl_dist@arma@@3Ugmm_dist_eucl@1@B 10050004     add.obj
 0003:00002008       ?static_subset@arma@@3Ugmm_seed_static_subset@1@B 10050008     add.obj
 0003:0000200c       ?ones@fill@arma@@3U?$fill_class@Ufill_ones@fill@arma@@@12@B 1005000c     add.obj
 0003:0000200d       ?eye@fill@arma@@3U?$fill_class@Ufill_eye@fill@arma@@@12@B 1005000d     dot.obj
 0003:0000200e       ?randu@fill@arma@@3U?$fill_class@Ufill_randu@fill@arma@@@12@B 1005000e     dot.obj
 0003:0000200f       ?randn@fill@arma@@3U?$fill_class@Ufill_randn@fill@arma@@@12@B 1005000f     dot.obj
 0003:00002010       ?tril@solve_opts@arma@@3Uopts_tril@12@B 10050010     dot.obj
 0003:00002014       ?triu@solve_opts@arma@@3Uopts_triu@12@B 10050014     dot.obj
 0003:00002018       ?no_approx@solve_opts@arma@@3Uopts_no_approx@12@B 10050018     dot.obj
 0003:0000201c       ?random_spread@arma@@3Ugmm_seed_random_spread@1@B 1005001c     dot.obj
 0003:00002020       ?keep_existing@arma@@3Ugmm_seed_keep_existing@1@B 10050020     dot.obj
 0003:00002024       ?random_subset@arma@@3Ugmm_seed_random_subset@1@B 10050024     dot.obj
 0003:00002028       ?maha_dist@arma@@3Ugmm_dist_maha@1@B 10050028     dot.obj
 0003:0000202c       ?static_spread@arma@@3Ugmm_seed_static_spread@1@B 1005002c     dot.obj
 0003:00002030       ?endr@arma@@3U?$injector_end_of_row@H@1@B 10050030     dot.obj
 0003:00002031       ?none@fill@arma@@3U?$fill_class@Ufill_none@fill@arma@@@12@B 10050031     dot.obj
 0003:00002032       ?zeros@fill@arma@@3U?$fill_class@Ufill_zeros@fill@arma@@@12@B 10050032     dot.obj
 0003:00002033       ?ones@fill@arma@@3U?$fill_class@Ufill_ones@fill@arma@@@12@B 10050033     dot.obj
 0003:00002034       ?equilibrate@solve_opts@arma@@3Uopts_equilibrate@12@B 10050034     dot.obj
 0003:00002038       ?none@solve_opts@arma@@3Uopts_none@12@B 10050038     dot.obj
 0003:0000203c       ?prob_dist@arma@@3Ugmm_dist_prob@1@B 1005003c     dot.obj
 0003:00002040       ?fast@solve_opts@arma@@3Uopts_fast@12@B 10050040     dot.obj
 0003:00002044       ?eucl_dist@arma@@3Ugmm_dist_eucl@1@B 10050044     dot.obj
 0003:00002048       ?static_subset@arma@@3Ugmm_seed_static_subset@1@B 10050048     dot.obj
 0003:0000204c       ?tril@solve_opts@arma@@3Uopts_tril@12@B 1005004c     transpose.obj
 0003:00002050       ?triu@solve_opts@arma@@3Uopts_triu@12@B 10050050     transpose.obj
 0003:00002054       ?no_approx@solve_opts@arma@@3Uopts_no_approx@12@B 10050054     transpose.obj
 0003:00002058       ?eye@fill@arma@@3U?$fill_class@Ufill_eye@fill@arma@@@12@B 10050058     transpose.obj
 0003:00002059       ?randu@fill@arma@@3U?$fill_class@Ufill_randu@fill@arma@@@12@B 10050059     transpose.obj
 0003:0000205a       ?randn@fill@arma@@3U?$fill_class@Ufill_randn@fill@arma@@@12@B 1005005a     transpose.obj
 0003:0000205b       ?endr@arma@@3U?$injector_end_of_row@H@1@B 1005005b     transpose.obj
 0003:0000205c       ?random_spread@arma@@3Ugmm_seed_random_spread@1@B 1005005c     transpose.obj
 0003:00002060       ?keep_existing@arma@@3Ugmm_seed_keep_existing@1@B 10050060     transpose.obj
 0003:00002064       ?random_subset@arma@@3Ugmm_seed_random_subset@1@B 10050064     transpose.obj
 0003:00002068       ?maha_dist@arma@@3Ugmm_dist_maha@1@B 10050068     transpose.obj
 0003:0000206c       ?static_spread@arma@@3Ugmm_seed_static_spread@1@B 1005006c     transpose.obj
 0003:00002070       ?equilibrate@solve_opts@arma@@3Uopts_equilibrate@12@B 10050070     transpose.obj
 0003:00002074       ?none@fill@arma@@3U?$fill_class@Ufill_none@fill@arma@@@12@B 10050074     transpose.obj
 0003:00002075       ?zeros@fill@arma@@3U?$fill_class@Ufill_zeros@fill@arma@@@12@B 10050075     transpose.obj
 0003:00002076       ?ones@fill@arma@@3U?$fill_class@Ufill_ones@fill@arma@@@12@B 10050076     transpose.obj
 0003:00002077       ?eye@fill@arma@@3U?$fill_class@Ufill_eye@fill@arma@@@12@B 10050077     normalize.obj
 0003:00002078       ?none@solve_opts@arma@@3Uopts_none@12@B 10050078     transpose.obj
 0003:0000207c       ?prob_dist@arma@@3Ugmm_dist_prob@1@B 1005007c     transpose.obj
 0003:00002080       ?fast@solve_opts@arma@@3Uopts_fast@12@B 10050080     transpose.obj
 0003:00002084       ?eucl_dist@arma@@3Ugmm_dist_eucl@1@B 10050084     transpose.obj
 0003:00002088       ?static_subset@arma@@3Ugmm_seed_static_subset@1@B 10050088     transpose.obj
 0003:0000208c       ?tril@solve_opts@arma@@3Uopts_tril@12@B 1005008c     normalize.obj
 0003:00002090       ?triu@solve_opts@arma@@3Uopts_triu@12@B 10050090     normalize.obj
 0003:00002094       ?no_approx@solve_opts@arma@@3Uopts_no_approx@12@B 10050094     normalize.obj
 0003:00002098       ?random_spread@arma@@3Ugmm_seed_random_spread@1@B 10050098     normalize.obj
 0003:0000209c       ?randu@fill@arma@@3U?$fill_class@Ufill_randu@fill@arma@@@12@B 1005009c     normalize.obj
 0003:0000209d       ?randn@fill@arma@@3U?$fill_class@Ufill_randn@fill@arma@@@12@B 1005009d     normalize.obj
 0003:0000209e       ?endr@arma@@3U?$injector_end_of_row@H@1@B 1005009e     normalize.obj
 0003:0000209f       ?none@fill@arma@@3U?$fill_class@Ufill_none@fill@arma@@@12@B 1005009f     normalize.obj
 0003:000020a0       ?keep_existing@arma@@3Ugmm_seed_keep_existing@1@B 100500a0     normalize.obj
 0003:000020a4       ?random_subset@arma@@3Ugmm_seed_random_subset@1@B 100500a4     normalize.obj
 0003:000020a8       ?maha_dist@arma@@3Ugmm_dist_maha@1@B 100500a8     normalize.obj
 0003:000020ac       ?static_spread@arma@@3Ugmm_seed_static_spread@1@B 100500ac     normalize.obj
 0003:000020b0       ?equilibrate@solve_opts@arma@@3Uopts_equilibrate@12@B 100500b0     normalize.obj
 0003:000020b4       ?none@solve_opts@arma@@3Uopts_none@12@B 100500b4     normalize.obj
 0003:000020b8       ?prob_dist@arma@@3Ugmm_dist_prob@1@B 100500b8     normalize.obj
 0003:000020bc       ?fast@solve_opts@arma@@3Uopts_fast@12@B 100500bc     normalize.obj
 0003:000020c0       ?eucl_dist@arma@@3Ugmm_dist_eucl@1@B 100500c0     normalize.obj
 0003:000020c4       ?static_subset@arma@@3Ugmm_seed_static_subset@1@B 100500c4     normalize.obj
 0003:000020c8       ?zeros@fill@arma@@3U?$fill_class@Ufill_zeros@fill@arma@@@12@B 100500c8     normalize.obj
 0003:000020c9       ?ones@fill@arma@@3U?$fill_class@Ufill_ones@fill@arma@@@12@B 100500c9     normalize.obj
 0003:000020ca       ?eye@fill@arma@@3U?$fill_class@Ufill_eye@fill@arma@@@12@B 100500ca     sqrtdist.obj
 0003:000020cb       ?randu@fill@arma@@3U?$fill_class@Ufill_randu@fill@arma@@@12@B 100500cb     sqrtdist.obj
 0003:000020cc       ?tril@solve_opts@arma@@3Uopts_tril@12@B 100500cc     sqrtdist.obj
 0003:000020d0       ?triu@solve_opts@arma@@3Uopts_triu@12@B 100500d0     sqrtdist.obj
 0003:000020d4       ?no_approx@solve_opts@arma@@3Uopts_no_approx@12@B 100500d4     sqrtdist.obj
 0003:000020d8       ?random_spread@arma@@3Ugmm_seed_random_spread@1@B 100500d8     sqrtdist.obj
 0003:000020dc       ?keep_existing@arma@@3Ugmm_seed_keep_existing@1@B 100500dc     sqrtdist.obj
 0003:000020e0       ?randn@fill@arma@@3U?$fill_class@Ufill_randn@fill@arma@@@12@B 100500e0     sqrtdist.obj
 0003:000020e1       ?endr@arma@@3U?$injector_end_of_row@H@1@B 100500e1     sqrtdist.obj
 0003:000020e2       ?none@fill@arma@@3U?$fill_class@Ufill_none@fill@arma@@@12@B 100500e2     sqrtdist.obj
 0003:000020e3       ?zeros@fill@arma@@3U?$fill_class@Ufill_zeros@fill@arma@@@12@B 100500e3     sqrtdist.obj
 0003:000020e4       ?random_subset@arma@@3Ugmm_seed_random_subset@1@B 100500e4     sqrtdist.obj
 0003:000020e8       ?maha_dist@arma@@3Ugmm_dist_maha@1@B 100500e8     sqrtdist.obj
 0003:000020ec       ?static_spread@arma@@3Ugmm_seed_static_spread@1@B 100500ec     sqrtdist.obj
 0003:000020f0       ?equilibrate@solve_opts@arma@@3Uopts_equilibrate@12@B 100500f0     sqrtdist.obj
 0003:000020f4       ?none@solve_opts@arma@@3Uopts_none@12@B 100500f4     sqrtdist.obj
 0003:000020f8       ?prob_dist@arma@@3Ugmm_dist_prob@1@B 100500f8     sqrtdist.obj
 0003:000020fc       ?fast@solve_opts@arma@@3Uopts_fast@12@B 100500fc     sqrtdist.obj
 0003:00002100       ?eucl_dist@arma@@3Ugmm_dist_eucl@1@B 10050100     sqrtdist.obj
 0003:00002104       ?static_subset@arma@@3Ugmm_seed_static_subset@1@B 10050104     sqrtdist.obj
 0003:00002108       ?ones@fill@arma@@3U?$fill_class@Ufill_ones@fill@arma@@@12@B 10050108     sqrtdist.obj
 0004:00000000       __guard_fids____dcrt_uninitialize_environments_nolock 10051000     libucrt:environment_initialization.obj
 0004:00000008       __guard_fids__             10051008     libucrt:initialization.obj
 0004:00000068       __guard_fids____acrt_initialize_ptd 10051068     libucrt:per_thread_data.obj
 0004:0000006c       __guard_fids__             1005106c     libucrt:wsetlocale.obj
 0004:00000084       __guard_fids_??$common_show_message_box@_W@@YAHQB_W0I@Z 10051084     libucrt:crtmbox.obj
 0004:00000088       __guard_fids_??$?RV<lambda_9227be29367c048ad7fd93a717dcb1a1>@@AAV<lambda_a463b7b0560cfcaf9b17f27c6ef46564>@@V<lambda_ccea11b5727ccf69be64f5f5d9a08d9f>@@@?$__crt_seh_guarded_call@H@@QAEH$$QAV<lambda_9227be29367c048ad7fd93a717dcb1a1>@@AAV<lambda_a463b7b0560cfcaf9b17f27c6ef46564>@@$$QAV<lambda_ccea11b5727ccf69be64f5f5d9a08d9f>@@@Z 10051088     libucrt:winapi_thunks.obj
 0004:0000008c       __guard_fids__             1005108c     libucrt:stdio_initializer.obj
 0004:00000090       __guard_fids__             10051090     libucrt:stdio_initializer.obj
 0004:00000094       __guard_fids_??$expand_argument_wildcards@D@@YAHQAD0AAV?$argument_list@D@?A0xb0e4b824@@@Z 10051094     libucrt:argv_wildcards.obj
 0004:00000098       __guard_fids__             10051098     libucrt:locale_initializer.obj
 0004:0000009c       __guard_fids__GetLocaleNameFromLangCountry 1005109c     libucrt:get_qualified_locale.obj
 0004:000000a0       __guard_fids__GetLocaleNameFromLanguage 100510a0     libucrt:get_qualified_locale.obj
 0004:000000a4       __guard_fids__GetLcidFromLangCountry 100510a4     libucrt:getqloc_downlevel.obj
 0004:000000a8       __guard_fids__GetLcidFromLanguage 100510a8     libucrt:getqloc_downlevel.obj
 0004:000000ac       __guard_fids__GetLcidFromCountry 100510ac     libucrt:getqloc_downlevel.obj
 0004:000000b0       __guard_fids__             100510b0     libucrt:sse2_initializer.obj
 0004:000000b4       __guard_fids____libm_error_support 100510b4     libucrt:libm_error.obj
 0004:000000b8       __guard_fids__             100510b8     libucrt:timeset_initializer.obj
 0004:000000bc       __guard_fids__             100510bc     libucrt:multibyte_initializer.obj
 0004:000000c0       __guard_fids__             100510c0     libucrt:console_output_initializer.obj
 0004:000000c4       __guard_fids_??__Einitlocks@std@@YAXXZ 100510c4     libcpmt:xlock.obj
 0004:000000c8       __guard_fids__             100510c8     libcpmt:xlock.obj
 0004:000000cc       __guard_fids_??__Einitlocks@@YAXXZ 100510cc     libcpmt:cout.obj
 0004:000000d0       __guard_fids_??__Efout@std@@YAXXZ 100510d0     libcpmt:cout.obj
 0004:000000d4       __guard_fids_??__Ecout@std@@YAXXZ 100510d4     libcpmt:cout.obj
 0004:000000d8       __guard_fids__             100510d8     libcpmt:cout.obj
 0004:000000e0       __guard_fids__             100510e0     libcpmt:cout.obj
 0004:000000e8       __guard_fids__             100510e8     libcpmt:cout.obj
 0004:000000f0       __guard_fids__             100510f0     libcpmt:cout.obj
 0004:000000f4       __guard_fids__             100510f4     libcpmt:cout.obj
 0004:00000100       __guard_fids__             10051100     libcpmt:cout.obj
 0004:0000012c       __guard_fids__             1005112c     libcpmt:cout.obj
 0004:00000144       __guard_fids__             10051144     libcpmt:cout.obj
 0004:0000014c       __guard_fids__             1005114c     libcpmt:cout.obj
 0004:00000154       __guard_fids__             10051154     libcpmt:cout.obj
 0004:0000016c       __guard_fids__             1005116c     libcpmt:cout.obj
 0004:00000174       __guard_fids__             10051174     libcpmt:cout.obj
 0004:00000178       __guard_fids__             10051178     libcpmt:cout.obj
 0004:000001b4       __guard_fids__             100511b4     libcpmt:cout.obj
 0004:000001f0       __guard_fids__             100511f0     libcpmt:cout.obj
 0004:000001f4       __guard_fids__             100511f4     libcpmt:cout.obj
 0004:000001f8       __guard_fids__             100511f8     libcpmt:cout.obj
 0004:00000220       __guard_fids__             10051220     libcpmt:cout.obj
 0004:00000224       __guard_fids__             10051224     libcpmt:cout.obj
 0004:00000228       __guard_fids__             10051228     libcpmt:cout.obj
 0004:0000022c       __guard_fids__             1005122c     libcpmt:cout.obj
 0004:00000230       __guard_fids__             10051230     libcpmt:cout.obj
 0004:00000234       __guard_fids__             10051234     libcpmt:cout.obj
 0004:00000238       __guard_fids_??__E_Fac_tidy_reg@std@@YAXXZ 10051238     libcpmt:locale0.obj
 0004:0000023c       __guard_fids_?_Setgloballocale@locale@std@@CAXPAX@Z 1005123c     libcpmt:locale0.obj
 0004:00000240       __guard_fids_??__Eclassic_locale@std@@YAXXZ 10051240     libcpmt:locale0.obj
 0004:00000244       __guard_fids__             10051244     libcpmt:locale0.obj
 0004:00000250       __guard_fids__             10051250     libcpmt:locale0.obj
 0004:00000254       __guard_fids__             10051254     libcpmt:locale0.obj
 0004:00000258       __guard_fids__             10051258     libcpmt:xthrow.obj
 0004:00000260       __guard_fids__             10051260     libcpmt:xthrow.obj
 0004:00000268       __guard_fids__             10051268     libcpmt:xthrow.obj
 0004:00000270       __guard_fids__             10051270     libcpmt:xthrow.obj
 0004:00000278       __guard_fids__             10051278     libcpmt:xthrow.obj
 0004:0000027c       __guard_fids__             1005127c     libcpmt:xthrow.obj
 0004:00000280       __guard_fids__             10051280     libcpmt:xthrow.obj
 0004:00000284       __guard_fids__             10051284     libcpmt:xthrow.obj
 0004:00000288       __guard_fids__             10051288     libcpmt:xthrow.obj
 0004:0000028c       __guard_fids__             1005128c     libcpmt:xthrow.obj
 0004:00000290       __guard_fids__             10051290     libcpmt:xthrow.obj
 0004:00000294       __guard_fids_??__Einitlocks@std@@YAXXZ 10051294     libcpmt:iosptrs.obj
 0004:00000298       __guard_fids_??__Einit_atexit@@YAXXZ 10051298     libcpmt:iosptrs.obj
 0004:0000029c       __guard_fids__             1005129c     libcpmt:iosptrs.obj
 0004:000002a0       __guard_fids__             100512a0     libcpmt:iosptrs.obj
 0004:000002a4       __guard_fids__             100512a4     libcpmt:locale.obj
 0004:000002d0       __guard_fids__             100512d0     libcpmt:locale.obj
 0004:000002f0       __guard_fids__             100512f0     libcpmt:winapisupp.obj
 0004:000002f4       __guard_fids__             100512f4     LIBCMT:thread_safe_statics.obj
 0004:000002f8       __guard_fids_?__scrt_initialize_thread_safe_statics@@YAHXZ 100512f8     LIBCMT:thread_safe_statics.obj
 0004:000002fc       __guard_fids__             100512fc     LIBCMT:std_type_info_static.obj
 0004:00000300       __guard_fids_?dllmain_crt_process_attach@@YAHQAUHINSTANCE__@@QAX@Z 10051300     LIBCMT:dll_dllmain.obj
 0004:00000308       __guard_fids_?dllmain_dispatch@@YAHQAUHINSTANCE__@@KQAX@Z 10051308     LIBCMT:dll_dllmain.obj
 0004:0000030c       __guard_fids__             1005130c     LIBCMT:throw_bad_alloc.obj
 0004:00000314       __guard_fids__             10051314     LIBCMT:throw_bad_alloc.obj
 0004:00000318       __guard_fids__             10051318     LIBCMT:throw_bad_alloc.obj
 0004:0000031c       __guard_fids__             1005131c     LIBCMT:guard_support.obj
 0004:00000320       __guard_fids__             10051320     libvcruntime:frame.obj
 0004:00000324       __guard_fids__             10051324     libvcruntime:frame.obj
 0004:0000032c       __guard_fids__             1005132c     libvcruntime:frame.obj
 0004:00000330       __guard_fids__             10051330     libvcruntime:frame.obj
 0004:00000334       __guard_fids____vcrt_initialize_ptd 10051334     libvcruntime:per_thread_data.obj
 0006:00000060       $R000000                   10053060     * linker generated manifest res *

 Exports

  ordinal    name

        1    __register_pandamat_
               exported name: _register_pandamat_
