 pandamat

 Timestamp is 57d3ba70 (Sat Sep 10 15:46:56 2016)

 Preferred load address is 10000000

 Start         Length     Name                   Class
 0001:00000000 00000a20H .text$di                CODE
 0001:00000a20 00028e60H .text$mn                CODE
 0001:00029880 00000230H .text$x                 CODE
 0001:00029ab0 00000061H .text$yd                CODE
 0002:00000000 00000150H .idata$5                DATA
 0002:00000150 00000004H .00cfg                  DATA
 0002:00000154 00000004H .CRT$XCA                DATA
 0002:00000158 0000001cH .CRT$XCC                DATA
 0002:00000174 00000008H .CRT$XCL                DATA
 0002:0000017c 00000254H .CRT$XCU                DATA
 0002:000003d0 00000004H .CRT$XCZ                DATA
 0002:000003d4 00000004H .CRT$XIA                DATA
 0002:000003d8 00000018H .CRT$XIC                DATA
 0002:000003f0 00000004H .CRT$XIZ                DATA
 0002:000003f4 00000004H .CRT$XLA                DATA
 0002:000003f8 00000004H .CRT$XLZ                DATA
 0002:000003fc 00000004H .CRT$XPA                DATA
 0002:00000400 00000008H .CRT$XPX                DATA
 0002:00000408 00000004H .CRT$XPXA               DATA
 0002:0000040c 00000004H .CRT$XPZ                DATA
 0002:00000410 00000004H .CRT$XTA                DATA
 0002:00000414 0000000cH .CRT$XTZ                DATA
 0002:00000420 0000ca44H .rdata                  DATA
 0002:0000ce64 00000018H .rdata$T                DATA
 0002:0000ce7c 000009e4H .rdata$r                DATA
 0002:0000d860 0000004cH .rdata$sxdata           DATA
 0002:0000d8ac 00000480H .rdata$zzzdbg           DATA
 0002:0000dd2c 00000004H .rtc$IAA                DATA
 0002:0000dd30 00000004H .rtc$IZZ                DATA
 0002:0000dd34 00000004H .rtc$TAA                DATA
 0002:0000dd38 00000008H .rtc$TZZ                DATA
 0002:0000dd40 00000b54H .xdata$x                DATA
 0002:0000e894 00000020H .didat$2                DATA
 0002:0000e8b4 00000020H .didat$3                DATA
 0002:0000e8d4 000000a4H .didat$4                DATA
 0002:0000e978 000009a8H .didat$6                DATA
 0002:0000f320 000000b0H .didat$7                DATA
 0002:0000f3d0 00000054H .edata                  DATA
 0002:0000f424 00000014H .idata$2                DATA
 0002:0000f438 00000014H .idata$3                DATA
 0002:0000f44c 00000150H .idata$4                DATA
 0002:0000f59c 000005feH .idata$6                DATA
 0003:00000000 000009e0H .data                   DATA
 0003:000009e0 00000518H .data$r                 DATA
 0003:00000ef8 000000a8H .didat$5                DATA
 0003:00000fa0 00001080H .bss                    DATA
 0004:00000000 000000c4H .gfids$x                DATA
 0004:000000c4 0000026cH .gfids$y                DATA
 0005:00000000 00000004H .tls                    DATA
 0005:00000004 00000004H .tls$                   DATA
 0005:00000008 00000001H .tls$ZZZ                DATA
 0006:00000000 00000060H .rsrc$01                DATA
 0006:00000060 00000180H .rsrc$02                DATA

  Address         Publics by Value              Rva+Base       Lib:Object

 0000:00000000       ___guard_fids_count        00000000     <absolute>
 0000:00000000       ___guard_longjmp_table     00000000     <absolute>
 0000:00000000       ___guard_longjmp_count     00000000     <absolute>
 0000:00000000       ___guard_iat_table         00000000     <absolute>
 0000:00000000       ___guard_iat_count         00000000     <absolute>
 0000:00000000       __except_list              00000000     <absolute>
 0000:00000000       ___guard_fids_table        00000000     <absolute>
 0000:00000000       ___dynamic_value_reloc_table 00000000     <absolute>
 0000:00000013       ___safe_se_handler_count   00000013     <absolute>
 0000:0000002c       __tls_array                0000002c     <absolute>
 0000:00000100       ___guard_flags             00000100     <absolute>
 0000:00000000       ___ImageBase               10000000     <linker-defined>
 0001:00000a20       ?NODE_SET_METHOD@node@@YAXV?$Local@VObject@v8@@@v8@@PBDP6AXABV?$FunctionCallbackInfo@VValue@v8@@@3@@Z@Z 10001a20 f i addon.obj
 0001:00000ac0       ?PandaMat@@YAXABV?$FunctionCallbackInfo@VValue@v8@@@v8@@@Z 10001ac0 f   addon.obj
 0001:00000ad0       ?InitAll@@YAXV?$Local@VObject@v8@@@v8@@0@Z 10001ad0 f   addon.obj
 0001:00000b00       ___local_stdio_printf_options 10001b00 f i pandamat.obj
 0001:00000b10       _sprintf_s                 10001b10 f i pandamat.obj
 0001:00000b50       ??0exception@stdext@@QAE@ABV01@@Z 10001b50 f i pandamat.obj
 0001:00000b70       ?what@exception@stdext@@UBEPBDXZ 10001b70 f i pandamat.obj
 0001:00000b80       ?_Raise@exception@stdext@@QBEXXZ 10001b80 f i pandamat.obj
 0001:00000bb0       ?_Lock@?$basic_streambuf@DU?$char_traits@D@std@@@std@@UAEXXZ 10001bb0 f i add.obj
 0001:00000bb0       ?_Unlock@?$basic_streambuf@DU?$char_traits@D@std@@@std@@UAEXXZ 10001bb0 f i add.obj
 0001:00000bb0       ___except_validate_jump_buffer 10001bb0 f i libvcruntime:jbcxrval.obj
 0001:00000bb0       ___except_validate_context_record 10001bb0 f i libvcruntime:jbcxrval.obj
 0001:00000bb0       @_guard_check_icall_nop@4  10001bb0 f i LIBCMT:guard_support.obj
 0001:00000bb0       ?_Doraise@exception@stdext@@MBEXXZ 10001bb0 f i pandamat.obj
 0001:00000bc0       ??_Ebad_alloc@stdext@@UAEPAXI@Z 10001bc0 f i * CIL library *:* CIL module *
 0001:00000bc0       ??_Gbad_alloc@stdext@@UAEPAXI@Z 10001bc0 f i pandamat.obj
 0001:00000bc0       ??_Gexception@stdext@@UAEPAXI@Z 10001bc0 f i pandamat.obj
 0001:00000bc0       ??_Eexception@stdext@@UAEPAXI@Z 10001bc0 f i * CIL library *:* CIL module *
 0001:00000bc0       ??_Gruntime_error@std@@UAEPAXI@Z 10001bc0 f i pandamat.obj
 0001:00000bc0       ??_Eruntime_error@std@@UAEPAXI@Z 10001bc0 f i * CIL library *:* CIL module *
 0001:00000bc0       ??_Glogic_error@std@@UAEPAXI@Z 10001bc0 f i pandamat.obj
 0001:00000bc0       ??_Elogic_error@std@@UAEPAXI@Z 10001bc0 f i * CIL library *:* CIL module *
 0001:00000bf0       ??1logic_error@std@@UAE@XZ 10001bf0 f i pandamat.obj
 0001:00000bf0       ??1bad_alloc@stdext@@UAE@XZ 10001bf0 f i pandamat.obj
 0001:00000c00       ?_Doraise@bad_alloc@stdext@@MBEXXZ 10001c00 f i pandamat.obj
 0001:00000c10       ??0_Locinfo@std@@QAE@PBD@Z 10001c10 f i pandamat.obj
 0001:00000c90       ??1_Locinfo@std@@QAE@XZ    10001c90 f i pandamat.obj
 0001:00000d30       ??_G_Facet_base@std@@UAEPAXI@Z 10001d30 f i pandamat.obj
 0001:00000d30       ??_E_Facet_base@std@@UAEPAXI@Z 10001d30 f i * CIL library *:* CIL module *
 0001:00000d60       ??Bid@locale@std@@QAEIXZ   10001d60 f i pandamat.obj
 0001:00000da0       ?_Incref@facet@locale@std@@UAEXXZ 10001da0 f i pandamat.obj
 0001:00000db0       ?_Decref@facet@locale@std@@UAEPAV_Facet_base@3@XZ 10001db0 f i pandamat.obj
 0001:00000dd0       ??1locale@std@@QAE@XZ      10001dd0 f i pandamat.obj
 0001:00000df0       ?c_str@locale@std@@QBEPBDXZ 10001df0 f i pandamat.obj
 0001:00000e10       ?_Getfacet@locale@std@@QBEPBVfacet@12@I@Z 10001e10 f i pandamat.obj
 0001:00000e50       ?_Getcat@?$ctype@D@std@@SAIPAPBVfacet@locale@2@PBV42@@Z 10001e50 f i pandamat.obj
 0001:00000ee0       ?do_tolower@?$ctype@D@std@@MBEDD@Z 10001ee0 f i pandamat.obj
 0001:00000f00       ?do_tolower@?$ctype@D@std@@MBEPBDPADPBD@Z 10001f00 f i pandamat.obj
 0001:00000f40       ?do_toupper@?$ctype@D@std@@MBEDD@Z 10001f40 f i pandamat.obj
 0001:00000f60       ?do_toupper@?$ctype@D@std@@MBEPBDPADPBD@Z 10001f60 f i pandamat.obj
 0001:00000fa0       ?do_widen@?$ctype@D@std@@MBEDD@Z 10001fa0 f i pandamat.obj
 0001:00000fb0       ?do_widen@?$ctype@D@std@@MBEPBDPBD0PAD@Z 10001fb0 f i pandamat.obj
 0001:00000fd0       ?do_narrow@?$ctype@D@std@@MBEDDD@Z 10001fd0 f i pandamat.obj
 0001:00000fe0       ?do_narrow@?$ctype@D@std@@MBEPBDPBD0DPAD@Z 10001fe0 f i pandamat.obj
 0001:00001000       ??_G?$ctype@D@std@@MAEPAXI@Z 10002000 f i pandamat.obj
 0001:00001000       ??_E?$ctype@D@std@@MAEPAXI@Z 10002000 f i * CIL library *:* CIL module *
 0001:00001050       ??_Gerror_category@std@@UAEPAXI@Z 10002050 f i pandamat.obj
 0001:00001050       ??_Eerror_category@std@@UAEPAXI@Z 10002050 f i * CIL library *:* CIL module *
 0001:00001050       ??_G_Iostream_error_category@std@@UAEPAXI@Z 10002050 f i pandamat.obj
 0001:00001050       ??_E_Iostream_error_category@std@@UAEPAXI@Z 10002050 f i * CIL library *:* CIL module *
 0001:00001080       ?default_error_condition@error_category@std@@UBE?AVerror_condition@2@H@Z 10002080 f i pandamat.obj
 0001:00001090       ?equivalent@error_category@std@@UBE_NHABVerror_condition@2@@Z 10002090 f i pandamat.obj
 0001:000010f0       ?equivalent@error_category@std@@UBE_NABVerror_code@2@H@Z 100020f0 f i pandamat.obj
 0001:00001120       ??0_System_error@std@@IAE@Verror_code@1@ABV?$basic_string@DU?$char_traits@D@std@@V?$allocator@D@2@@1@@Z 10002120 f i pandamat.obj
 0001:00001210       ??_Gfailure@ios_base@std@@UAEPAXI@Z 10002210 f i pandamat.obj
 0001:00001210       ??_E_System_error@std@@UAEPAXI@Z 10002210 f i * CIL library *:* CIL module *
 0001:00001210       ??_G_System_error@std@@UAEPAXI@Z 10002210 f i pandamat.obj
 0001:00001210       ??_Efailure@ios_base@std@@UAEPAXI@Z 10002210 f i * CIL library *:* CIL module *
 0001:00001240       ?name@_Iostream_error_category@std@@UBEPBDXZ 10002240 f i pandamat.obj
 0001:00001250       ?message@_Iostream_error_category@std@@UBE?AV?$basic_string@DU?$char_traits@D@std@@V?$allocator@D@2@@2@H@Z 10002250 f i pandamat.obj
 0001:000012e0       ??0failure@ios_base@std@@QAE@PBDABVerror_code@2@@Z 100022e0 f i pandamat.obj
 0001:00001380       ?clear@ios_base@std@@QAEXH_N@Z 10002380 f i pandamat.obj
 0001:00001420       ?NODE_SET_PROTOTYPE_METHOD@node@@YAXV?$Local@VFunctionTemplate@v8@@@v8@@PBDP6AXABV?$FunctionCallbackInfo@VValue@v8@@@3@@Z@Z 10002420 f i pandamat.obj
 0001:000014e0       ?Wrap@ObjectWrap@node@@IAEXV?$Local@VObject@v8@@@v8@@@Z 100024e0 f i pandamat.obj
 0001:00001590       ?Ref@ObjectWrap@node@@MAEXXZ 10002590 f i pandamat.obj
 0001:000015c0       ?Unref@ObjectWrap@node@@MAEXXZ 100025c0 f i pandamat.obj
 0001:00001650       ?WeakCallback@ObjectWrap@node@@CAXABV?$WeakCallbackInfo@VObjectWrap@node@@@v8@@@Z 10002650 f i pandamat.obj
 0001:000016a0       ??_EObjectWrap@node@@UAEPAXI@Z 100026a0 f i * CIL library *:* CIL module *
 0001:000016a0       ??_GObjectWrap@node@@UAEPAXI@Z 100026a0 f i pandamat.obj
 0001:00001720       ??1Operation@@QAE@XZ       10002720 f i pandamat.obj
 0001:00001760       ??0PandaMat@@QAE@XZ        10002760 f   pandamat.obj
 0001:000018f0       ??_GPandaMat@@UAEPAXI@Z    100028f0 f i pandamat.obj
 0001:000018f0       ??_EPandaMat@@UAEPAXI@Z    100028f0 f i * CIL library *:* CIL module *
 0001:00001920       ??1PandaMat@@UAE@XZ        10002920 f i pandamat.obj
 0001:00001a00       ??0OperationCollection@@QAE@XZ 10002a00 f i pandamat.obj
 0001:00001ad0       ?unpackArray@PandaMat@@IAEXV?$Local@VValue@v8@@@v8@@AAW4parameterType@@AAV?$Mat@N@arma@@@Z 10002ad0 f   pandamat.obj
 0001:00001cd0       ?getOperation@PandaMat@@IAEPAVOperation@@PBD@Z 10002cd0 f   pandamat.obj
 0001:00001d90       ??1OperationResult@@QAE@XZ 10002d90 f i pandamat.obj
 0001:00001dc0       ?getResult@PandaMat@@IAE?AV?$Mat@N@arma@@PAVOperation@@@Z 10002dc0 f   pandamat.obj
 0001:00001ed0       ?getState@PandaMat@@IAE_NXZ 10002ed0 f   pandamat.obj
 0001:00001f80       ?packArray@PandaMat@@IAEXAAV?$Mat@N@arma@@@Z 10002f80 f   pandamat.obj
 0001:00002090       ?packResult@PandaMat@@IAE?AV?$Local@VObject@v8@@@v8@@AAV?$Mat@N@arma@@@Z 10003090 f   pandamat.obj
 0001:00002190       ?Operate@PandaMat@@CAXABV?$FunctionCallbackInfo@VValue@v8@@@v8@@@Z 10003190 f   pandamat.obj
 0001:00002690       ??1?$pair@V?$basic_string@DU?$char_traits@D@std@@V?$allocator@D@2@@std@@V?$Mat@N@arma@@@std@@QAE@XZ 10003690 f i pandamat.obj
 0001:000026c0       ?saveData@PandaMat@@CAXABV?$FunctionCallbackInfo@VValue@v8@@@v8@@@Z 100036c0 f   pandamat.obj
 0001:00002a30       ?getData@PandaMat@@CAXABV?$FunctionCallbackInfo@VValue@v8@@@v8@@@Z 10003a30 f   pandamat.obj
 0001:00002cd0       ?New@PandaMat@@CAXABV?$FunctionCallbackInfo@VValue@v8@@@v8@@@Z 10003cd0 f   pandamat.obj
 0001:00002da0       ?Init@PandaMat@@SAXPAVIsolate@v8@@@Z 10003da0 f   pandamat.obj
 0001:00002e90       ?NewInstance@PandaMat@@SAXABV?$FunctionCallbackInfo@VValue@v8@@@v8@@@Z 10003e90 f   pandamat.obj
 0001:00002f20       ?find@?$_Tree@V?$_Tmap_traits@V?$basic_string@DU?$char_traits@D@std@@V?$allocator@D@2@@std@@V?$Mat@N@arma@@U?$less@V?$basic_string@DU?$char_traits@D@std@@V?$allocator@D@2@@std@@@2@V?$allocator@U?$pair@$$CBV?$basic_string@DU?$char_traits@D@std@@V?$allocator@D@2@@std@@V?$Mat@N@arma@@@std@@@2@$0A@@std@@@std@@QAE?AV?$_Tree_iterator@V?$_Tree_val@U?$_Tree_simple_types@U?$pair@$$CBV?$basic_string@DU?$char_traits@D@std@@V?$allocator@D@2@@std@@V?$Mat@N@arma@@@std@@@std@@@std@@@2@ABV?$basic_string@DU?$char_traits@D@std@@V?$allocator@D@2@@2@@Z 10003f20 f i pandamat.obj
 0001:00002f80       ?at@?$map@V?$basic_string@DU?$char_traits@D@std@@V?$allocator@D@2@@std@@V?$Mat@N@arma@@U?$less@V?$basic_string@DU?$char_traits@D@std@@V?$allocator@D@2@@std@@@2@V?$allocator@U?$pair@$$CBV?$basic_string@DU?$char_traits@D@std@@V?$allocator@D@2@@std@@V?$Mat@N@arma@@@std@@@2@@std@@QAEAAV?$Mat@N@arma@@ABV?$basic_string@DU?$char_traits@D@std@@V?$allocator@D@2@@2@@Z 10003f80 f i pandamat.obj
 0001:00002fe0       ?insert@?$basic_string@DU?$char_traits@D@std@@V?$allocator@D@2@@std@@QAEAAV12@IPBD@Z 10003fe0 f i pandamat.obj
 0001:00003020       ??4?$basic_string@DU?$char_traits@D@std@@V?$allocator@D@2@@std@@QAEAAV01@PBD@Z 10004020 f i pandamat.obj
 0001:00003060       ??1?$basic_string@DU?$char_traits@D@std@@V?$allocator@D@2@@std@@QAE@XZ 10004060 f i pandamat.obj
 0001:000030d0       ?assign@?$basic_string@DU?$char_traits@D@std@@V?$allocator@D@2@@std@@QAEAAV12@$$QAV12@@Z 100040d0 f i pandamat.obj
 0001:000030d0       ??4?$basic_string@DU?$char_traits@D@std@@V?$allocator@D@2@@std@@QAEAAV01@$$QAV01@@Z 100040d0 f i pandamat.obj
 0001:00003170       ??0?$basic_string@DU?$char_traits@D@std@@V?$allocator@D@2@@std@@QAE@$$QAV01@@Z 10004170 f i pandamat.obj
 0001:000031f0       ??0?$basic_string@DU?$char_traits@D@std@@V?$allocator@D@2@@std@@QAE@PBD@Z 100041f0 f i pandamat.obj
 0001:00003240       ?flush@?$basic_ostream@DU?$char_traits@D@std@@@std@@QAEAAV12@XZ 10004240 f i pandamat.obj
 0001:000032b0       ?put@?$basic_ostream@DU?$char_traits@D@std@@@std@@QAEAAV12@D@Z 100042b0 f i pandamat.obj
 0001:000033a0       ??1sentry@?$basic_ostream@DU?$char_traits@D@std@@@std@@QAE@XZ 100043a0 f i pandamat.obj
 0001:00003420       ??0sentry@?$basic_ostream@DU?$char_traits@D@std@@@std@@QAE@AAV12@@Z 10004420 f i pandamat.obj
 0001:00003490       ?do_put@?$num_put@DV?$ostreambuf_iterator@DU?$char_traits@D@std@@@std@@@std@@MBE?AV?$ostreambuf_iterator@DU?$char_traits@D@std@@@2@V32@AAVios_base@2@DPBX@Z 10004490 f i pandamat.obj
 0001:00003500       ?do_put@?$num_put@DV?$ostreambuf_iterator@DU?$char_traits@D@std@@@std@@@std@@MBE?AV?$ostreambuf_iterator@DU?$char_traits@D@std@@@2@V32@AAVios_base@2@DO@Z 10004500 f i pandamat.obj
 0001:00003690       ?do_put@?$num_put@DV?$ostreambuf_iterator@DU?$char_traits@D@std@@@std@@@std@@MBE?AV?$ostreambuf_iterator@DU?$char_traits@D@std@@@2@V32@AAVios_base@2@DN@Z 10004690 f i pandamat.obj
 0001:00003820       ?do_put@?$num_put@DV?$ostreambuf_iterator@DU?$char_traits@D@std@@@std@@@std@@MBE?AV?$ostreambuf_iterator@DU?$char_traits@D@std@@@2@V32@AAVios_base@2@D_K@Z 10004820 f i pandamat.obj
 0001:000038a0       ?do_put@?$num_put@DV?$ostreambuf_iterator@DU?$char_traits@D@std@@@std@@@std@@MBE?AV?$ostreambuf_iterator@DU?$char_traits@D@std@@@2@V32@AAVios_base@2@D_J@Z 100048a0 f i pandamat.obj
 0001:00003920       ?do_put@?$num_put@DV?$ostreambuf_iterator@DU?$char_traits@D@std@@@std@@@std@@MBE?AV?$ostreambuf_iterator@DU?$char_traits@D@std@@@2@V32@AAVios_base@2@DK@Z 10004920 f i pandamat.obj
 0001:000039a0       ?do_put@?$num_put@DV?$ostreambuf_iterator@DU?$char_traits@D@std@@@std@@@std@@MBE?AV?$ostreambuf_iterator@DU?$char_traits@D@std@@@2@V32@AAVios_base@2@DJ@Z 100049a0 f i pandamat.obj
 0001:00003a20       ?do_put@?$num_put@DV?$ostreambuf_iterator@DU?$char_traits@D@std@@@std@@@std@@MBE?AV?$ostreambuf_iterator@DU?$char_traits@D@std@@@2@V32@AAVios_base@2@D_N@Z 10004a20 f i pandamat.obj
 0001:00003bc0       ?_Tidy@?$basic_string@DU?$char_traits@D@std@@V?$allocator@D@2@@std@@QAEX_NI@Z 10004bc0 f i pandamat.obj
 0001:00003c50       ?_Traits_compare@?$basic_string@DU?$char_traits@D@std@@V?$allocator@D@2@@std@@SAHQBDI0I@Z 10004c50 f i pandamat.obj
 0001:00003ce0       ?erase@?$basic_string@DU?$char_traits@D@std@@V?$allocator@D@2@@std@@QAEAAV12@II@Z 10004ce0 f i pandamat.obj
 0001:00003d80       ?insert@?$basic_string@DU?$char_traits@D@std@@V?$allocator@D@2@@std@@QAEAAV12@IPBDI@Z 10004d80 f i pandamat.obj
 0001:00003ed0       ?assign@?$basic_string@DU?$char_traits@D@std@@V?$allocator@D@2@@std@@QAEAAV12@ID@Z 10004ed0 f i pandamat.obj
 0001:00003fa0       ?assign@?$basic_string@DU?$char_traits@D@std@@V?$allocator@D@2@@std@@QAEAAV12@PBDI@Z 10004fa0 f i pandamat.obj
 0001:000040a0       ?assign@?$basic_string@DU?$char_traits@D@std@@V?$allocator@D@2@@std@@QAEAAV12@ABV12@II@Z 100050a0 f i pandamat.obj
 0001:000041b0       ?append@?$basic_string@DU?$char_traits@D@std@@V?$allocator@D@2@@std@@QAEAAV12@ID@Z 100051b0 f i pandamat.obj
 0001:00004250       ?append@?$basic_string@DU?$char_traits@D@std@@V?$allocator@D@2@@std@@QAEAAV12@PBDI@Z 10005250 f i pandamat.obj
 0001:00004380       ?append@?$basic_string@DU?$char_traits@D@std@@V?$allocator@D@2@@std@@QAEAAV12@ABV12@II@Z 10005380 f i pandamat.obj
 0001:00004480       ?_Assign_rv@?$basic_string@DU?$char_traits@D@std@@V?$allocator@D@2@@std@@QAEX$$QAV12@@Z 10005480 f i pandamat.obj
 0001:000044f0       ?allocate@?$allocator@D@std@@QAEPADI@Z 100054f0 f i pandamat.obj
 0001:00004540       ?deallocate@?$allocator@D@std@@QAEXPADI@Z 10005540 f i pandamat.obj
 0001:00004590       ?_Pnavail@?$basic_streambuf@DU?$char_traits@D@std@@@std@@IBE_JXZ 10005590 f i pandamat.obj
 0001:000045b0       ??_G?$num_put@DV?$ostreambuf_iterator@DU?$char_traits@D@std@@@std@@@std@@MAEPAXI@Z 100055b0 f i pandamat.obj
 0001:000045b0       ??_E?$num_put@DV?$ostreambuf_iterator@DU?$char_traits@D@std@@@std@@@std@@MAEPAXI@Z 100055b0 f i * CIL library *:* CIL module *
 0001:000045e0       ?do_truename@?$numpunct@D@std@@MBE?AV?$basic_string@DU?$char_traits@D@std@@V?$allocator@D@2@@2@XZ 100055e0 f i pandamat.obj
 0001:00004630       ?do_falsename@?$numpunct@D@std@@MBE?AV?$basic_string@DU?$char_traits@D@std@@V?$allocator@D@2@@2@XZ 10005630 f i pandamat.obj
 0001:00004680       ?do_grouping@?$numpunct@D@std@@MBE?AV?$basic_string@DU?$char_traits@D@std@@V?$allocator@D@2@@2@XZ 10005680 f i pandamat.obj
 0001:000046d0       ?do_thousands_sep@?$numpunct@D@std@@MBEDXZ 100056d0 f i pandamat.obj
 0001:000046e0       ?do_decimal_point@?$numpunct@D@std@@MBEDXZ 100056e0 f i pandamat.obj
 0001:000046f0       ?truename@?$numpunct@D@std@@QBE?AV?$basic_string@DU?$char_traits@D@std@@V?$allocator@D@2@@2@XZ 100056f0 f i pandamat.obj
 0001:00004760       ?falsename@?$numpunct@D@std@@QBE?AV?$basic_string@DU?$char_traits@D@std@@V?$allocator@D@2@@2@XZ 10005760 f i pandamat.obj
 0001:000047d0       ?erase@?$_Tree@V?$_Tmap_traits@V?$basic_string@DU?$char_traits@D@std@@V?$allocator@D@2@@std@@HU?$less@V?$basic_string@DU?$char_traits@D@std@@V?$allocator@D@2@@std@@@2@V?$allocator@U?$pair@$$CBV?$basic_string@DU?$char_traits@D@std@@V?$allocator@D@2@@std@@H@std@@@2@$0A@@std@@@std@@QAE?AV?$_Tree_iterator@V?$_Tree_val@U?$_Tree_simple_types@U?$pair@$$CBV?$basic_string@DU?$char_traits@D@std@@V?$allocator@D@2@@std@@H@std@@@std@@@std@@@2@V?$_Tree_const_iterator@V?$_Tree_val@U?$_Tree_simple_types@U?$pair@$$CBV?$basic_string@DU?$char_traits@D@std@@V?$allocator@D@2@@std@@H@std@@@std@@@std@@@2@0@Z 100057d0 f i pandamat.obj
 0001:00004890       ?erase@?$_Tree@V?$_Tmap_traits@V?$basic_string@DU?$char_traits@D@std@@V?$allocator@D@2@@std@@V?$Mat@N@arma@@U?$less@V?$basic_string@DU?$char_traits@D@std@@V?$allocator@D@2@@std@@@2@V?$allocator@U?$pair@$$CBV?$basic_string@DU?$char_traits@D@std@@V?$allocator@D@2@@std@@V?$Mat@N@arma@@@std@@@2@$0A@@std@@@std@@QAE?AV?$_Tree_iterator@V?$_Tree_val@U?$_Tree_simple_types@U?$pair@$$CBV?$basic_string@DU?$char_traits@D@std@@V?$allocator@D@2@@std@@V?$Mat@N@arma@@@std@@@std@@@std@@@2@V?$_Tree_const_iterator@V?$_Tree_val@U?$_Tree_simple_types@U?$pair@$$CBV?$basic_string@DU?$char_traits@D@std@@V?$allocator@D@2@@std@@V?$Mat@N@arma@@@std@@@std@@@std@@@2@0@Z 10005890 f i pandamat.obj
 0001:00004950       ?_Rep@?$num_put@DV?$ostreambuf_iterator@DU?$char_traits@D@std@@@std@@@std@@ABA?AV?$ostreambuf_iterator@DU?$char_traits@D@std@@@2@V32@DI@Z 10005950 f i pandamat.obj
 0001:000049c0       ?_Put@?$num_put@DV?$ostreambuf_iterator@DU?$char_traits@D@std@@@std@@@std@@ABA?AV?$ostreambuf_iterator@DU?$char_traits@D@std@@@2@V32@PBDI@Z 100059c0 f i pandamat.obj
 0001:00004a40       ?_Iput@?$num_put@DV?$ostreambuf_iterator@DU?$char_traits@D@std@@@std@@@std@@ABA?AV?$ostreambuf_iterator@DU?$char_traits@D@std@@@2@V32@AAVios_base@2@DPADI@Z 10005a40 f i pandamat.obj
 0001:00004df0       ?_Ifmt@?$num_put@DV?$ostreambuf_iterator@DU?$char_traits@D@std@@@std@@@std@@ABAPADPADPBDH@Z 10005df0 f i pandamat.obj
 0001:00004e80       ?_Fput@?$num_put@DV?$ostreambuf_iterator@DU?$char_traits@D@std@@@std@@@std@@ABA?AV?$ostreambuf_iterator@DU?$char_traits@D@std@@@2@V32@AAVios_base@2@DPBDI@Z 10005e80 f i pandamat.obj
 0001:000052b0       ?_Ffmt@?$num_put@DV?$ostreambuf_iterator@DU?$char_traits@D@std@@@std@@@std@@ABAPADPADDH@Z 100062b0 f i pandamat.obj
 0001:00005370       ?_Chassign@?$basic_string@DU?$char_traits@D@std@@V?$allocator@D@2@@std@@QAEXIID@Z 10006370 f i pandamat.obj
 0001:000053c0       ?insert@?$basic_string@DU?$char_traits@D@std@@V?$allocator@D@2@@std@@QAEAAV12@IABV12@II@Z 100063c0 f i pandamat.obj
 0001:00005520       ??_G?$numpunct@D@std@@MAEPAXI@Z 10006520 f i pandamat.obj
 0001:00005520       ??_E?$numpunct@D@std@@MAEPAXI@Z 10006520 f i * CIL library *:* CIL module *
 0001:00005570       ?erase@?$_Tree@V?$_Tmap_traits@V?$basic_string@DU?$char_traits@D@std@@V?$allocator@D@2@@std@@HU?$less@V?$basic_string@DU?$char_traits@D@std@@V?$allocator@D@2@@std@@@2@V?$allocator@U?$pair@$$CBV?$basic_string@DU?$char_traits@D@std@@V?$allocator@D@2@@std@@H@std@@@2@$0A@@std@@@std@@QAE?AV?$_Tree_iterator@V?$_Tree_val@U?$_Tree_simple_types@U?$pair@$$CBV?$basic_string@DU?$char_traits@D@std@@V?$allocator@D@2@@std@@H@std@@@std@@@std@@@2@V?$_Tree_const_iterator@V?$_Tree_val@U?$_Tree_simple_types@U?$pair@$$CBV?$basic_string@DU?$char_traits@D@std@@V?$allocator@D@2@@std@@H@std@@@std@@@std@@@2@@Z 10006570 f i pandamat.obj
 0001:000058c0       ?erase@?$_Tree@V?$_Tmap_traits@V?$basic_string@DU?$char_traits@D@std@@V?$allocator@D@2@@std@@V?$Mat@N@arma@@U?$less@V?$basic_string@DU?$char_traits@D@std@@V?$allocator@D@2@@std@@@2@V?$allocator@U?$pair@$$CBV?$basic_string@DU?$char_traits@D@std@@V?$allocator@D@2@@std@@V?$Mat@N@arma@@@std@@@2@$0A@@std@@@std@@QAE?AV?$_Tree_iterator@V?$_Tree_val@U?$_Tree_simple_types@U?$pair@$$CBV?$basic_string@DU?$char_traits@D@std@@V?$allocator@D@2@@std@@V?$Mat@N@arma@@@std@@@std@@@std@@@2@V?$_Tree_const_iterator@V?$_Tree_val@U?$_Tree_simple_types@U?$pair@$$CBV?$basic_string@DU?$char_traits@D@std@@V?$allocator@D@2@@std@@V?$Mat@N@arma@@@std@@@std@@@std@@@2@@Z 100068c0 f i pandamat.obj
 0001:00005c30       ?_Copy@?$basic_string@DU?$char_traits@D@std@@V?$allocator@D@2@@std@@QAEXII@Z 10006c30 f i pandamat.obj
 0001:00005d60       ?insert@?$basic_string@DU?$char_traits@D@std@@V?$allocator@D@2@@std@@QAEAAV12@IID@Z 10006d60 f i pandamat.obj
 0001:00005e60       ?_Rrotate@?$_Tree@V?$_Tmap_traits@V?$basic_string@DU?$char_traits@D@std@@V?$allocator@D@2@@std@@HU?$less@V?$basic_string@DU?$char_traits@D@std@@V?$allocator@D@2@@std@@@2@V?$allocator@U?$pair@$$CBV?$basic_string@DU?$char_traits@D@std@@V?$allocator@D@2@@std@@H@std@@@2@$0A@@std@@@std@@IAEXPAU?$_Tree_node@U?$pair@$$CBV?$basic_string@DU?$char_traits@D@std@@V?$allocator@D@2@@std@@H@std@@PAX@2@@Z 10006e60 f i pandamat.obj
 0001:00005e60       ?_Rrotate@?$_Tree@V?$_Tmap_traits@V?$basic_string@DU?$char_traits@D@std@@V?$allocator@D@2@@std@@V?$Mat@N@arma@@U?$less@V?$basic_string@DU?$char_traits@D@std@@V?$allocator@D@2@@std@@@2@V?$allocator@U?$pair@$$CBV?$basic_string@DU?$char_traits@D@std@@V?$allocator@D@2@@std@@V?$Mat@N@arma@@@std@@@2@$0A@@std@@@std@@IAEXPAU?$_Tree_node@U?$pair@$$CBV?$basic_string@DU?$char_traits@D@std@@V?$allocator@D@2@@std@@V?$Mat@N@arma@@@std@@PAX@2@@Z 10006e60 f i pandamat.obj
 0001:00005ec0       ?_Lrotate@?$_Tree@V?$_Tmap_traits@V?$basic_string@DU?$char_traits@D@std@@V?$allocator@D@2@@std@@HU?$less@V?$basic_string@DU?$char_traits@D@std@@V?$allocator@D@2@@std@@@2@V?$allocator@U?$pair@$$CBV?$basic_string@DU?$char_traits@D@std@@V?$allocator@D@2@@std@@H@std@@@2@$0A@@std@@@std@@IAEXPAU?$_Tree_node@U?$pair@$$CBV?$basic_string@DU?$char_traits@D@std@@V?$allocator@D@2@@std@@H@std@@PAX@2@@Z 10006ec0 f i pandamat.obj
 0001:00005ec0       ?_Lrotate@?$_Tree@V?$_Tmap_traits@V?$basic_string@DU?$char_traits@D@std@@V?$allocator@D@2@@std@@V?$Mat@N@arma@@U?$less@V?$basic_string@DU?$char_traits@D@std@@V?$allocator@D@2@@std@@@2@V?$allocator@U?$pair@$$CBV?$basic_string@DU?$char_traits@D@std@@V?$allocator@D@2@@std@@V?$Mat@N@arma@@@std@@@2@$0A@@std@@@std@@IAEXPAU?$_Tree_node@U?$pair@$$CBV?$basic_string@DU?$char_traits@D@std@@V?$allocator@D@2@@std@@V?$Mat@N@arma@@@std@@PAX@2@@Z 10006ec0 f i pandamat.obj
 0001:00005f10       ?_Erase@?$_Tree@V?$_Tmap_traits@V?$basic_string@DU?$char_traits@D@std@@V?$allocator@D@2@@std@@HU?$less@V?$basic_string@DU?$char_traits@D@std@@V?$allocator@D@2@@std@@@2@V?$allocator@U?$pair@$$CBV?$basic_string@DU?$char_traits@D@std@@V?$allocator@D@2@@std@@H@std@@@2@$0A@@std@@@std@@IAEXPAU?$_Tree_node@U?$pair@$$CBV?$basic_string@DU?$char_traits@D@std@@V?$allocator@D@2@@std@@H@std@@PAX@2@@Z 10006f10 f i pandamat.obj
 0001:00005fa0       ?_Erase@?$_Tree@V?$_Tmap_traits@V?$basic_string@DU?$char_traits@D@std@@V?$allocator@D@2@@std@@V?$Mat@N@arma@@U?$less@V?$basic_string@DU?$char_traits@D@std@@V?$allocator@D@2@@std@@@2@V?$allocator@U?$pair@$$CBV?$basic_string@DU?$char_traits@D@std@@V?$allocator@D@2@@std@@V?$Mat@N@arma@@@std@@@2@$0A@@std@@@std@@IAEXPAU?$_Tree_node@U?$pair@$$CBV?$basic_string@DU?$char_traits@D@std@@V?$allocator@D@2@@std@@V?$Mat@N@arma@@@std@@PAX@2@@Z 10006fa0 f i pandamat.obj
 0001:00006060       ??$use_facet@V?$ctype@D@std@@@std@@YAABV?$ctype@D@0@ABVlocale@0@@Z 10007060 f i pandamat.obj
 0001:00006160       ??$_Immortalize@V_Iostream_error_category@std@@@std@@YAAAV_Iostream_error_category@0@XZ 10007160 f i pandamat.obj
 0001:000061d0       ??1?$Mat@N@arma@@QAE@XZ    100071d0 f i pandamat.obj
 0001:00006200       ??0?$Mat@N@arma@@QAE@ABV01@@Z 10007200 f i pandamat.obj
 0001:00006270       ??0?$Mat@N@arma@@QAE@XZ    10007270 f i pandamat.obj
 0001:00006290       ??4?$Mat@N@arma@@QAEABV01@ABV01@@Z 10007290 f i pandamat.obj
 0001:000062f0       ??$?6U?$char_traits@D@std@@@std@@YAAAV?$basic_ostream@DU?$char_traits@D@std@@@0@AAV10@PBD@Z 100072f0 f i pandamat.obj
 0001:000065e0       ??$?6U?$char_traits@D@std@@@std@@YAAAV?$basic_ostream@DU?$char_traits@D@std@@@0@AAV10@D@Z 100075e0 f i pandamat.obj
 0001:00006940       ??$endl@DU?$char_traits@D@std@@@std@@YAAAV?$basic_ostream@DU?$char_traits@D@std@@@0@AAV10@@Z 10007940 f i pandamat.obj
 0001:000069c0       ??$?6DU?$char_traits@D@std@@V?$allocator@D@1@@std@@YAAAV?$basic_ostream@DU?$char_traits@D@std@@@0@AAV10@ABV?$basic_string@DU?$char_traits@D@std@@V?$allocator@D@2@@0@@Z 100079c0 f i pandamat.obj
 0001:00006cd0       ??$Set@VObject@v8@@@?$ReturnValue@VValue@v8@@@v8@@QAEXV?$Local@VObject@v8@@@1@@Z 10007cd0 f i pandamat.obj
 0001:00006cf0       ??$use_facet@V?$num_put@DV?$ostreambuf_iterator@DU?$char_traits@D@std@@@std@@@std@@@std@@YAABV?$num_put@DV?$ostreambuf_iterator@DU?$char_traits@D@std@@@std@@@0@ABVlocale@0@@Z 10007cf0 f i pandamat.obj
 0001:00006df0       ??$_Lbound@V?$basic_string@DU?$char_traits@D@std@@V?$allocator@D@2@@std@@@?$_Tree@V?$_Tmap_traits@V?$basic_string@DU?$char_traits@D@std@@V?$allocator@D@2@@std@@V?$Mat@N@arma@@U?$less@V?$basic_string@DU?$char_traits@D@std@@V?$allocator@D@2@@std@@@2@V?$allocator@U?$pair@$$CBV?$basic_string@DU?$char_traits@D@std@@V?$allocator@D@2@@std@@V?$Mat@N@arma@@@std@@@2@$0A@@std@@@std@@IBEPAU?$_Tree_node@U?$pair@$$CBV?$basic_string@DU?$char_traits@D@std@@V?$allocator@D@2@@std@@V?$Mat@N@arma@@@std@@PAX@1@ABV?$basic_string@DU?$char_traits@D@std@@V?$allocator@D@2@@1@@Z 10007df0 f i pandamat.obj
 0001:00006ec0       ??$use_facet@V?$numpunct@D@std@@@std@@YAABV?$numpunct@D@0@ABVlocale@0@@Z 10007ec0 f i pandamat.obj
 0001:00006fc0       ??0logic_error@std@@QAE@ABV01@@Z 10007fc0 f i pandamat.obj
 0001:00006fe0       ?_Getcat@?$numpunct@D@std@@SAIPAPBVfacet@locale@2@PBV42@@Z 10007fe0 f i pandamat.obj
 0001:00007060       ?_Getcat@?$num_put@DV?$ostreambuf_iterator@DU?$char_traits@D@std@@@std@@@std@@SAIPAPBVfacet@locale@2@PBV42@@Z 10008060 f i pandamat.obj
 0001:000070d0       ?_Init@?$numpunct@D@std@@IAEXABV_Locinfo@2@_N@Z 100080d0 f i pandamat.obj
 0001:00007210       ?init_cold@?$Mat@N@arma@@IAEXXZ 10008210 f i pandamat.obj
 0001:000072e0       ?init_warm@?$Mat@N@arma@@IAEXII@Z 100082e0 f i pandamat.obj
 0001:00007560       ??$emplace@U?$pair@V?$basic_string@DU?$char_traits@D@std@@V?$allocator@D@2@@std@@V?$Mat@N@arma@@@std@@@?$_Tree@V?$_Tmap_traits@V?$basic_string@DU?$char_traits@D@std@@V?$allocator@D@2@@std@@V?$Mat@N@arma@@U?$less@V?$basic_string@DU?$char_traits@D@std@@V?$allocator@D@2@@std@@@2@V?$allocator@U?$pair@$$CBV?$basic_string@DU?$char_traits@D@std@@V?$allocator@D@2@@std@@V?$Mat@N@arma@@@std@@@2@$0A@@std@@@std@@QAE?AU?$pair@V?$_Tree_iterator@V?$_Tree_val@U?$_Tree_simple_types@U?$pair@$$CBV?$basic_string@DU?$char_traits@D@std@@V?$allocator@D@2@@std@@V?$Mat@N@arma@@@std@@@std@@@std@@@std@@_N@1@$$QAU?$pair@V?$basic_string@DU?$char_traits@D@std@@V?$allocator@D@2@@std@@V?$Mat@N@arma@@@1@@Z 10008560 f i pandamat.obj
 0001:000075e0       ??$acquire@N@memory@arma@@SAPANI@Z 100085e0 f i pandamat.obj
 0001:00007630       ??$copy_small@N@arrayops@arma@@SAXPANPBNI@Z 10008630 f i pandamat.obj
 0001:00007730       ??$_Insert_nohint@AAU?$pair@$$CBV?$basic_string@DU?$char_traits@D@std@@V?$allocator@D@2@@std@@H@std@@PAU?$_Tree_node@U?$pair@$$CBV?$basic_string@DU?$char_traits@D@std@@V?$allocator@D@2@@std@@H@std@@PAX@2@@?$_Tree@V?$_Tmap_traits@V?$basic_string@DU?$char_traits@D@std@@V?$allocator@D@2@@std@@HU?$less@V?$basic_string@DU?$char_traits@D@std@@V?$allocator@D@2@@std@@@2@V?$allocator@U?$pair@$$CBV?$basic_string@DU?$char_traits@D@std@@V?$allocator@D@2@@std@@H@std@@@2@$0A@@std@@@std@@IAE?AU?$pair@V?$_Tree_iterator@V?$_Tree_val@U?$_Tree_simple_types@U?$pair@$$CBV?$basic_string@DU?$char_traits@D@std@@V?$allocator@D@2@@std@@H@std@@@std@@@std@@@std@@_N@1@_NAAU?$pair@$$CBV?$basic_string@DU?$char_traits@D@std@@V?$allocator@D@2@@std@@H@1@PAU?$_Tree_node@U?$pair@$$CBV?$basic_string@DU?$char_traits@D@std@@V?$allocator@D@2@@std@@H@std@@PAX@1@@Z 10008730 f i pandamat.obj
 0001:000078d0       ??$_Insert_nohint@AAU?$pair@$$CBV?$basic_string@DU?$char_traits@D@std@@V?$allocator@D@2@@std@@V?$Mat@N@arma@@@std@@PAU?$_Tree_node@U?$pair@$$CBV?$basic_string@DU?$char_traits@D@std@@V?$allocator@D@2@@std@@V?$Mat@N@arma@@@std@@PAX@2@@?$_Tree@V?$_Tmap_traits@V?$basic_string@DU?$char_traits@D@std@@V?$allocator@D@2@@std@@V?$Mat@N@arma@@U?$less@V?$basic_string@DU?$char_traits@D@std@@V?$allocator@D@2@@std@@@2@V?$allocator@U?$pair@$$CBV?$basic_string@DU?$char_traits@D@std@@V?$allocator@D@2@@std@@V?$Mat@N@arma@@@std@@@2@$0A@@std@@@std@@IAE?AU?$pair@V?$_Tree_iterator@V?$_Tree_val@U?$_Tree_simple_types@U?$pair@$$CBV?$basic_string@DU?$char_traits@D@std@@V?$allocator@D@2@@std@@V?$Mat@N@arma@@@std@@@std@@@std@@@std@@_N@1@_NAAU?$pair@$$CBV?$basic_string@DU?$char_traits@D@std@@V?$allocator@D@2@@std@@V?$Mat@N@arma@@@1@PAU?$_Tree_node@U?$pair@$$CBV?$basic_string@DU?$char_traits@D@std@@V?$allocator@D@2@@std@@V?$Mat@N@arma@@@std@@PAX@1@@Z 100088d0 f i pandamat.obj
 0001:00007a60       ?_Destroy_if_not_nil@?$_Tree@V?$_Tmap_traits@V?$basic_string@DU?$char_traits@D@std@@V?$allocator@D@2@@std@@V?$Mat@N@arma@@U?$less@V?$basic_string@DU?$char_traits@D@std@@V?$allocator@D@2@@std@@@2@V?$allocator@U?$pair@$$CBV?$basic_string@DU?$char_traits@D@std@@V?$allocator@D@2@@std@@V?$Mat@N@arma@@@std@@@2@$0A@@std@@@std@@IAEXPAU?$_Tree_node@U?$pair@$$CBV?$basic_string@DU?$char_traits@D@std@@V?$allocator@D@2@@std@@V?$Mat@N@arma@@@std@@PAX@2@@Z 10008a60 f i pandamat.obj
 0001:00007aa0       ??F?$_Tree_unchecked_const_iterator@V?$_Tree_val@U?$_Tree_simple_types@U?$pair@$$CBV?$basic_string@DU?$char_traits@D@std@@V?$allocator@D@2@@std@@H@std@@@std@@@std@@U_Iterator_base0@2@@std@@QAEAAV01@XZ 10008aa0 f i pandamat.obj
 0001:00007aa0       ??F?$_Tree_unchecked_const_iterator@V?$_Tree_val@U?$_Tree_simple_types@U?$pair@$$CBV?$basic_string@DU?$char_traits@D@std@@V?$allocator@D@2@@std@@V?$Mat@N@arma@@@std@@@std@@@std@@U_Iterator_base0@2@@std@@QAEAAV01@XZ 10008aa0 f i pandamat.obj
 0001:00007b50       ??$_Insert_at@AAU?$pair@$$CBV?$basic_string@DU?$char_traits@D@std@@V?$allocator@D@2@@std@@H@std@@PAU?$_Tree_node@U?$pair@$$CBV?$basic_string@DU?$char_traits@D@std@@V?$allocator@D@2@@std@@H@std@@PAX@2@@?$_Tree@V?$_Tmap_traits@V?$basic_string@DU?$char_traits@D@std@@V?$allocator@D@2@@std@@HU?$less@V?$basic_string@DU?$char_traits@D@std@@V?$allocator@D@2@@std@@@2@V?$allocator@U?$pair@$$CBV?$basic_string@DU?$char_traits@D@std@@V?$allocator@D@2@@std@@H@std@@@2@$0A@@std@@@std@@IAE?AV?$_Tree_iterator@V?$_Tree_val@U?$_Tree_simple_types@U?$pair@$$CBV?$basic_string@DU?$char_traits@D@std@@V?$allocator@D@2@@std@@H@std@@@std@@@std@@@1@_NPAU?$_Tree_node@U?$pair@$$CBV?$basic_string@DU?$char_traits@D@std@@V?$allocator@D@2@@std@@H@std@@PAX@1@AAU?$pair@$$CBV?$basic_string@DU?$char_traits@D@std@@V?$allocator@D@2@@std@@H@1@1@Z 10008b50 f i pandamat.obj
 0001:00007d30       ??$_Insert_at@AAU?$pair@$$CBV?$basic_string@DU?$char_traits@D@std@@V?$allocator@D@2@@std@@V?$Mat@N@arma@@@std@@PAU?$_Tree_node@U?$pair@$$CBV?$basic_string@DU?$char_traits@D@std@@V?$allocator@D@2@@std@@V?$Mat@N@arma@@@std@@PAX@2@@?$_Tree@V?$_Tmap_traits@V?$basic_string@DU?$char_traits@D@std@@V?$allocator@D@2@@std@@V?$Mat@N@arma@@U?$less@V?$basic_string@DU?$char_traits@D@std@@V?$allocator@D@2@@std@@@2@V?$allocator@U?$pair@$$CBV?$basic_string@DU?$char_traits@D@std@@V?$allocator@D@2@@std@@V?$Mat@N@arma@@@std@@@2@$0A@@std@@@std@@IAE?AV?$_Tree_iterator@V?$_Tree_val@U?$_Tree_simple_types@U?$pair@$$CBV?$basic_string@DU?$char_traits@D@std@@V?$allocator@D@2@@std@@V?$Mat@N@arma@@@std@@@std@@@std@@@1@_NPAU?$_Tree_node@U?$pair@$$CBV?$basic_string@DU?$char_traits@D@std@@V?$allocator@D@2@@std@@V?$Mat@N@arma@@@std@@PAX@1@AAU?$pair@$$CBV?$basic_string@DU?$char_traits@D@std@@V?$allocator@D@2@@std@@V?$Mat@N@arma@@@1@1@Z 10008d30 f i pandamat.obj
 0001:00007f40       ??0bad_alloc@stdext@@QAE@ABV01@@Z 10008f40 f i pandamat.obj
 0001:00007f60       ?find@OperationCollection@@QAE?AVOperationResult@@PBD@Z 10008f60 f   opercollection.obj
 0001:00008310       ??0OperationResult@@QAE@$$QAV0@@Z 10009310 f i opercollection.obj
 0001:000083a0       ??4Operation@@QAEAAV0@$$QAV0@@Z 100093a0 f i opercollection.obj
 0001:000085d0       ?_Init@ios_base@std@@IAEXXZ 100095d0 f i add.obj
 0001:00008650       ??_Gios_base@std@@UAEPAXI@Z 10009650 f i add.obj
 0001:00008650       ??_Eios_base@std@@UAEPAXI@Z 10009650 f i * CIL library *:* CIL module *
 0001:000087b0       ?operate@Add@@UAE?AVOperationResult@@XZ 100097b0 f   add.obj
 0001:00008990       ??1?$basic_stringstream@DU?$char_traits@D@std@@V?$allocator@D@2@@std@@UAE@XZ 10009990 f i add.obj
 0001:00008a50       ?seekpos@?$basic_stringbuf@DU?$char_traits@D@std@@V?$allocator@D@2@@std@@MAE?AV?$fpos@U_Mbstatet@@@2@V32@H@Z 10009a50 f i add.obj
 0001:00008b80       ?seekoff@?$basic_stringbuf@DU?$char_traits@D@std@@V?$allocator@D@2@@std@@MAE?AV?$fpos@U_Mbstatet@@@2@_JHH@Z 10009b80 f i add.obj
 0001:00008d60       ?underflow@?$basic_stringbuf@DU?$char_traits@D@std@@V?$allocator@D@2@@std@@MAEHXZ 10009d60 f i add.obj
 0001:00008dc0       ?pbackfail@?$basic_stringbuf@DU?$char_traits@D@std@@V?$allocator@D@2@@std@@MAEHH@Z 10009dc0 f i add.obj
 0001:00008e20       ?overflow@?$basic_stringbuf@DU?$char_traits@D@std@@V?$allocator@D@2@@std@@MAEHH@Z 10009e20 f i add.obj
 0001:00008fe0       ??6?$basic_ostream@DU?$char_traits@D@std@@@std@@QAEAAV01@I@Z 10009fe0 f i add.obj
 0001:000090f0       ?imbue@?$basic_streambuf@DU?$char_traits@D@std@@@std@@MAEXABVlocale@2@@Z 1000a0f0 f i add.obj
 0001:00009100       ?sync@?$basic_streambuf@DU?$char_traits@D@std@@@std@@MAEHXZ 1000a100 f i add.obj
 0001:00009110       ?setbuf@?$basic_streambuf@DU?$char_traits@D@std@@@std@@MAEPAV12@PAD_J@Z 1000a110 f i add.obj
 0001:00009120       ?seekpos@?$basic_streambuf@DU?$char_traits@D@std@@@std@@MAE?AV?$fpos@U_Mbstatet@@@2@V32@H@Z 1000a120 f i add.obj
 0001:00009150       ?seekoff@?$basic_streambuf@DU?$char_traits@D@std@@@std@@MAE?AV?$fpos@U_Mbstatet@@@2@_JHH@Z 1000a150 f i add.obj
 0001:00009180       ?xsputn@?$basic_streambuf@DU?$char_traits@D@std@@@std@@MAE_JPBD_J@Z 1000a180 f i add.obj
 0001:00009290       ?xsgetn@?$basic_streambuf@DU?$char_traits@D@std@@@std@@MAE_JPAD_J@Z 1000a290 f i add.obj
 0001:000093c0       ?uflow@?$basic_streambuf@DU?$char_traits@D@std@@@std@@MAEHXZ 1000a3c0 f i add.obj
 0001:000093f0       ?underflow@?$basic_streambuf@DU?$char_traits@D@std@@@std@@MAEHXZ 1000a3f0 f i add.obj
 0001:00009400       ?showmanyc@?$basic_streambuf@DU?$char_traits@D@std@@@std@@MAE_JXZ 1000a400 f i add.obj
 0001:00009410       ?pbackfail@?$basic_streambuf@DU?$char_traits@D@std@@@std@@MAEHH@Z 1000a410 f i add.obj
 0001:00009410       ?overflow@?$basic_streambuf@DU?$char_traits@D@std@@@std@@MAEHH@Z 1000a410 f i add.obj
 0001:00009420       ??1?$basic_streambuf@DU?$char_traits@D@std@@@std@@UAE@XZ 1000a420 f i add.obj
 0001:00009460       ??1?$basic_ios@DU?$char_traits@D@std@@@std@@UAE@XZ 1000a460 f i add.obj
 0001:00009470       ??_E?$basic_stringstream@DU?$char_traits@D@std@@V?$allocator@D@2@@std@@UAEPAXI@Z 1000a470 f i * CIL library *:* CIL module *
 0001:00009470       ??_G?$basic_stringstream@DU?$char_traits@D@std@@V?$allocator@D@2@@std@@UAEPAXI@Z 1000a470 f i add.obj
 0001:000094b0       ??_E?$basic_stringbuf@DU?$char_traits@D@std@@V?$allocator@D@2@@std@@UAEPAXI@Z 1000a4b0 f i * CIL library *:* CIL module *
 0001:000094b0       ??_G?$basic_stringbuf@DU?$char_traits@D@std@@V?$allocator@D@2@@std@@UAEPAXI@Z 1000a4b0 f i add.obj
 0001:00009510       ??_E?$basic_iostream@DU?$char_traits@D@std@@@std@@UAEPAXI@Z 1000a510 f i * CIL library *:* CIL module *
 0001:00009510       ??_G?$basic_iostream@DU?$char_traits@D@std@@@std@@UAEPAXI@Z 1000a510 f i add.obj
 0001:00009540       ??_E?$basic_ostream@DU?$char_traits@D@std@@@std@@UAEPAXI@Z 1000a540 f i * CIL library *:* CIL module *
 0001:00009540       ??_G?$basic_ostream@DU?$char_traits@D@std@@@std@@UAEPAXI@Z 1000a540 f i add.obj
 0001:00009590       ??_E?$basic_istream@DU?$char_traits@D@std@@@std@@UAEPAXI@Z 1000a590 f i * CIL library *:* CIL module *
 0001:00009590       ??_G?$basic_istream@DU?$char_traits@D@std@@@std@@UAEPAXI@Z 1000a590 f i add.obj
 0001:000095e0       ??_E?$basic_streambuf@DU?$char_traits@D@std@@@std@@UAEPAXI@Z 1000a5e0 f i * CIL library *:* CIL module *
 0001:000095e0       ??_G?$basic_streambuf@DU?$char_traits@D@std@@@std@@UAEPAXI@Z 1000a5e0 f i add.obj
 0001:00009630       ??_E?$basic_ios@DU?$char_traits@D@std@@@std@@UAEPAXI@Z 1000a630 f i * CIL library *:* CIL module *
 0001:00009630       ??_G?$basic_ios@DU?$char_traits@D@std@@@std@@UAEPAXI@Z 1000a630 f i add.obj
 0001:00009660       ??_D?$basic_iostream@DU?$char_traits@D@std@@@std@@QAEXXZ 1000a660 f i add.obj
 0001:000096d0       ??_D?$basic_ostream@DU?$char_traits@D@std@@@std@@QAEXXZ 1000a6d0 f i add.obj
 0001:00009700       ?_Tidy@?$basic_stringbuf@DU?$char_traits@D@std@@V?$allocator@D@2@@std@@IAEXXZ 1000a700 f i add.obj
 0001:000097b0       ?str@?$basic_stringbuf@DU?$char_traits@D@std@@V?$allocator@D@2@@std@@QBE?AV?$basic_string@DU?$char_traits@D@std@@V?$allocator@D@2@@2@XZ 1000a7b0 f i add.obj
 0001:00009890       ??0?$basic_iostream@DU?$char_traits@D@std@@@std@@QAE@PAV?$basic_streambuf@DU?$char_traits@D@std@@@1@@Z 1000a890 f i add.obj
 0001:00009990       ?_Gnavail@?$basic_streambuf@DU?$char_traits@D@std@@@std@@IBE_JXZ 1000a990 f i add.obj
 0001:000099b0       ?_Init@?$basic_streambuf@DU?$char_traits@D@std@@@std@@IAEXXZ 1000a9b0 f i add.obj
 0001:00009a10       ??0?$basic_streambuf@DU?$char_traits@D@std@@@std@@IAE@XZ 1000aa10 f i add.obj
 0001:00009a90       ?init@?$basic_ios@DU?$char_traits@D@std@@@std@@IAEXPAV?$basic_streambuf@DU?$char_traits@D@std@@@2@_N@Z 1000aa90 f i add.obj
 0001:00009bb0       ??$?HV?$Mat@N@arma@@V01@@arma@@YA?BV?$eGlue@V?$Mat@N@arma@@V12@Veglue_plus@2@@0@ABV?$Mat@N@0@0@Z 1000abb0 f i add.obj
 0001:00009c20       ?steal_mem@?$Mat@N@arma@@QAEXAAV12@@Z 1000ac20 f i add.obj
 0001:00009d60       ??$apply@V?$Mat@N@arma@@V12@V12@@?$eglue_core@Veglue_plus@arma@@@arma@@SAXAAV?$Mat@N@1@ABV?$eGlue@V?$Mat@N@arma@@V12@Veglue_plus@2@@1@@Z 1000ad60 f i add.obj
 0001:00009f1e       ??_E?$basic_ostream@DU?$char_traits@D@std@@@std@@$4PPPPPPPM@A@AEPAXI@Z 1000af1e f i add.obj
 0001:00009f26       ??_E?$basic_stringstream@DU?$char_traits@D@std@@V?$allocator@D@2@@std@@$4PPPPPPPM@A@AEPAXI@Z 1000af26 f i add.obj
 0001:00009f2e       ??_E?$basic_istream@DU?$char_traits@D@std@@@std@@$4PPPPPPPM@A@AEPAXI@Z 1000af2e f i add.obj
 0001:00009f36       ??_E?$basic_iostream@DU?$char_traits@D@std@@@std@@$4PPPPPPPM@A@AEPAXI@Z 1000af36 f i add.obj
 0001:00009f40       ??0Dot@@QAE@HPAW4parameterType@@@Z 1000af40 f   dot.obj
 0001:00009fa0       ?operate@Dot@@UAE?AVOperationResult@@XZ 1000afa0 f   dot.obj
 0001:0000a150       ??$inplace_set_small@N@arrayops@arma@@SAXPANNI@Z 1000b150 f i dot.obj
 0001:0000a1f0       ??$apply@V?$Mat@N@arma@@V12@@?$glue_times_redirect2_helper@$0A@@arma@@SAXAAV?$Mat@N@1@ABV?$Glue@V?$Mat@N@arma@@V12@Vglue_times@2@@1@@Z 1000b1f0 f i dot.obj
 0001:0000a290       ??$apply@N$0A@$0A@$0A@V?$Mat@N@arma@@V12@@glue_times@arma@@SAXAAV?$Mat@N@1@ABV21@1N@Z 1000b290 f i dot.obj
 0001:0000a430       ??$apply@NV?$Mat@N@arma@@V12@@?$gemm_emul_large@$0A@$0A@$0A@$0A@@arma@@SAXAAV?$Mat@N@1@ABV21@1NN@Z 1000b430 f i dot.obj
 0001:0000a5e0       ??$apply@V?$Mat@N@arma@@@?$gemv@$00$0A@$0A@@arma@@SAXPANABV?$Mat@N@1@PBNNN@Z 1000b5e0 f i dot.obj
 0001:0000a610       ?copy_row@?$podarray@N@arma@@QAEXABV?$Mat@N@2@I@Z 1000b610 f i dot.obj
 0001:0000a770       ??$apply_mat_noalias@NV?$Mat@N@arma@@@op_strans@arma@@SAXAAV?$Mat@N@1@ABV21@@Z 1000b770 f i dot.obj
 0001:0000a870       ??$apply_mat_noalias_tinysq@NV?$Mat@N@arma@@@op_strans@arma@@SAXAAV?$Mat@N@1@ABV21@@Z 1000b870 f i dot.obj
 0001:0000a9d0       ??$apply@NV?$Mat@N@arma@@@?$gemv_emul_tinysq@$00$0A@$0A@@arma@@SAXPANABV?$Mat@N@1@PBNNN@Z 1000b9d0 f i dot.obj
 0001:0000abe0       ??$apply@NV?$Mat@N@arma@@@?$gemv_emul@$00$0A@$0A@@arma@@SAXPANABV?$Mat@N@1@PBNNN@Z 1000bbe0 f i dot.obj
 0001:0000acb0       ??$apply@NV?$Mat@N@arma@@@?$gemv_emul_tinysq@$0A@$0A@$0A@@arma@@SAXPANABV?$Mat@N@1@PBNNN@Z 1000bcb0 f i dot.obj
 0001:0000aec0       ??$apply@NV?$Mat@N@arma@@@?$gemv_emul@$0A@$0A@$0A@@arma@@SAXPANABV?$Mat@N@1@PBNNN@Z 1000bec0 f i dot.obj
 0001:0000af90       ??$apply@NV?$Mat@N@arma@@V12@@?$gemm_emul_tinysq@$0A@$0A@$0A@@arma@@SAXAAV?$Mat@N@1@ABV21@1NN@Z 1000bf90 f i dot.obj
 0001:0000b030       ??$dot_row_col@NV?$Mat@N@arma@@@gemv_emul_helper@arma@@SANABV?$Mat@N@1@PBNII@Z 1000c030 f i dot.obj
 0001:0000b0e0       ??0Transpose@@QAE@HPAW4parameterType@@@Z 1000c0e0 f   transpose.obj
 0001:0000b140       ?operate@Transpose@@UAE?AVOperationResult@@XZ 1000c140 f   transpose.obj
 0001:0000b1b0       ??$apply_mat_inplace@N@op_strans@arma@@SAXAAV?$Mat@N@1@@Z 1000c1b0 f i transpose.obj
 0001:0000b33b       __imp_load_?GetCurrent@Isolate@v8@@SAPAV12@XZ 1000c33b f   node:node.exe
 0001:0000b345       __tailMerge_node_exe       1000c345 f i node:node.exe
 0001:0000b356       __imp_load_??1HandleScope@v8@@QAE@XZ 1000c356 f   node:node.exe
 0001:0000b360       __imp_load_??0HandleScope@v8@@QAE@PAVIsolate@1@@Z 1000c360 f   node:node.exe
 0001:0000b36a       __imp_load_?GetFunction@FunctionTemplate@v8@@QAE?AV?$Local@VFunction@v8@@@2@XZ 1000c36a f   node:node.exe
 0001:0000b374       __imp_load_?New@FunctionTemplate@v8@@SA?AV?$Local@VFunctionTemplate@v8@@@2@PAVIsolate@2@P6AXABV?$FunctionCallbackInfo@VValue@v8@@@2@@ZV?$Local@VValue@v8@@@2@V?$Local@VSignature@v8@@@2@H@Z 1000c374 f   node:node.exe
 0001:0000b37e       __imp_load_?NewFromUtf8@String@v8@@SA?AV?$Local@VString@v8@@@2@PAVIsolate@2@PBDW4NewStringType@12@H@Z 1000c37e f   node:node.exe
 0001:0000b388       __imp_load_?GetIsolate@Object@v8@@QAEPAVIsolate@2@XZ 1000c388 f   node:node.exe
 0001:0000b392       __imp_load_?Set@Object@v8@@QAE_NV?$Local@VValue@v8@@@2@0@Z 1000c392 f   node:node.exe
 0001:0000b39c       __imp_load_?SetName@Function@v8@@QAEXV?$Local@VString@v8@@@2@@Z 1000c39c f   node:node.exe
 0001:0000b3a6       __imp_load__node_module_register 1000c3a6 f   node:node.exe
 0001:0000b3b0       __imp_load_?New@Signature@v8@@SA?AV?$Local@VSignature@v8@@@2@PAVIsolate@2@V?$Local@VFunctionTemplate@v8@@@2@@Z 1000c3b0 f   node:node.exe
 0001:0000b3ba       __imp_load_?GetCurrentContext@Isolate@v8@@QAE?AV?$Local@VContext@v8@@@2@XZ 1000c3ba f   node:node.exe
 0001:0000b3c4       __imp_load_?CreateHandle@HandleScope@v8@@KAPAPAVObject@internal@2@PAVIsolate@42@PAV342@@Z 1000c3c4 f   node:node.exe
 0001:0000b3ce       __imp_load_?Set@Template@v8@@QAEXV?$Local@VName@v8@@@2@V?$Local@VData@v8@@@2@W4PropertyAttribute@2@@Z 1000c3ce f   node:node.exe
 0001:0000b3d8       __imp_load_?New@Array@v8@@SA?AV?$Local@VArray@v8@@@2@PAVIsolate@2@H@Z 1000c3d8 f   node:node.exe
 0001:0000b3e2       __imp_load_?Length@Array@v8@@QBEIXZ 1000c3e2 f   node:node.exe
 0001:0000b3ec       __imp_load_?SetClassName@FunctionTemplate@v8@@QAEXV?$Local@VString@v8@@@2@@Z 1000c3ec f   node:node.exe
 0001:0000b3f6       __imp_load_?PrototypeTemplate@FunctionTemplate@v8@@QAE?AV?$Local@VObjectTemplate@v8@@@2@XZ 1000c3f6 f   node:node.exe
 0001:0000b400       __imp_load_?InstanceTemplate@FunctionTemplate@v8@@QAE?AV?$Local@VObjectTemplate@v8@@@2@XZ 1000c400 f   node:node.exe
 0001:0000b40a       __imp_load_?ToLocalEmpty@V8@v8@@CAXXZ 1000c40a f   node:node.exe
 0001:0000b414       __imp_load_?ClearWeak@V8@v8@@CAPAXPAPAVObject@internal@2@@Z 1000c414 f   node:node.exe
 0001:0000b41e       __imp_load_?MakeWeak@V8@v8@@CAXPAPAVObject@internal@2@PAXP6AXABV?$WeakCallbackInfo@X@2@@ZW4WeakCallbackType@2@@Z 1000c41e f   node:node.exe
 0001:0000b428       __imp_load_?DisposeGlobal@V8@v8@@CAXPAPAVObject@internal@2@@Z 1000c428 f   node:node.exe
 0001:0000b432       __imp_load_?GlobalizeReference@V8@v8@@CAPAPAVObject@internal@2@PAVIsolate@42@PAPAV342@@Z 1000c432 f   node:node.exe
 0001:0000b43c       __imp_load_?NumberValue@Value@v8@@QBENXZ 1000c43c f   node:node.exe
 0001:0000b446       __imp_load_?IsObject@Value@v8@@QBE_NXZ 1000c446 f   node:node.exe
 0001:0000b450       __imp_load_?IsArray@Value@v8@@QBE_NXZ 1000c450 f   node:node.exe
 0001:0000b45a       __imp_load_??1Utf8Value@String@v8@@QAE@XZ 1000c45a f   node:node.exe
 0001:0000b464       __imp_load_??0Utf8Value@String@v8@@QAE@V?$Local@VValue@v8@@@2@@Z 1000c464 f   node:node.exe
 0001:0000b46e       __imp_load_?New@Number@v8@@SA?AV?$Local@VNumber@v8@@@2@PAVIsolate@2@N@Z 1000c46e f   node:node.exe
 0001:0000b478       __imp_load_?SlowGetAlignedPointerFromInternalField@Object@v8@@AAEPAXH@Z 1000c478 f   node:node.exe
 0001:0000b482       __imp_load_?New@Object@v8@@SA?AV?$Local@VObject@v8@@@2@PAVIsolate@2@@Z 1000c482 f   node:node.exe
 0001:0000b48c       __imp_load_?SetAlignedPointerInInternalField@Object@v8@@QAEXHPAX@Z 1000c48c f   node:node.exe
 0001:0000b496       __imp_load_?InternalFieldCount@Object@v8@@QAEHXZ 1000c496 f   node:node.exe
 0001:0000b4a0       __imp_load_?GetOwnPropertyNames@Object@v8@@QAE?AV?$Local@VArray@v8@@@2@XZ 1000c4a0 f   node:node.exe
 0001:0000b4aa       __imp_load_?Get@Object@v8@@QAE?AV?$Local@VValue@v8@@@2@V32@@Z 1000c4aa f   node:node.exe
 0001:0000b4b4       __imp_load_?Get@Object@v8@@QAE?AV?$Local@VValue@v8@@@2@I@Z 1000c4b4 f   node:node.exe
 0001:0000b4be       __imp_load_?Set@Object@v8@@QAE_NIV?$Local@VValue@v8@@@2@@Z 1000c4be f   node:node.exe
 0001:0000b4c8       __imp_load_?NewInstance@Function@v8@@QBE?AV?$MaybeLocal@VObject@v8@@@2@V?$Local@VContext@v8@@@2@HQAV?$Local@VValue@v8@@@2@@Z 1000c4c8 f   node:node.exe
 0001:0000b4d2       __imp_load_?SetInternalFieldCount@ObjectTemplate@v8@@QAEXH@Z 1000c4d2 f   node:node.exe
 0001:0000b4dc       ??0_Init_locks@std@@QAE@XZ 1000c4dc f   libcpmt:xlock.obj
 0001:0000b509       ??0_Lockit@std@@QAE@H@Z    1000c509 f   libcpmt:xlock.obj
 0001:0000b53a       ??1_Init_locks@std@@QAE@XZ 1000c53a f   libcpmt:xlock.obj
 0001:0000b561       ??1_Lockit@std@@QAE@XZ     1000c561 f   libcpmt:xlock.obj
 0001:0000b580       ??$_Fgetc@D@std@@YA_NAADPAU_iobuf@@@Z 1000c580 f i libcpmt:cout.obj
 0001:0000b5a0       ??$_Fputc@D@std@@YA_NDPAU_iobuf@@@Z 1000c5a0 f i libcpmt:cout.obj
 0001:0000b5bc       ??$_Ungetc@D@std@@YA_NABDPAU_iobuf@@@Z 1000c5bc f i libcpmt:cout.obj
 0001:0000b5da       ??$use_facet@V?$codecvt@DDU_Mbstatet@@@std@@@std@@YAABV?$codecvt@DDU_Mbstatet@@@0@ABVlocale@0@@Z 1000c5da f i libcpmt:cout.obj
 0001:0000b677       ??0?$basic_ostream@DU?$char_traits@D@std@@@std@@QAE@PAV?$basic_streambuf@DU?$char_traits@D@std@@@1@_N@Z 1000c677 f i libcpmt:cout.obj
 0001:0000b6de       ??0?$fpos@U_Mbstatet@@@std@@QAE@U_Mbstatet@@_J@Z 1000c6de f i libcpmt:cout.obj
 0001:0000b706       ??0_Init_cout@std@@QAE@XZ  1000c706 f i libcpmt:cout.obj
 0001:0000b75f       ??0bad_cast@std@@QAE@ABV01@@Z 1000c75f f i libcpmt:cout.obj
 0001:0000b77a       ??0bad_cast@std@@QAE@XZ    1000c77a f i libcpmt:cout.obj
 0001:0000b792       ??0exception@std@@QAE@ABV01@@Z 1000c792 f i libcpmt:cout.obj
 0001:0000b7be       ??0exception@std@@QAE@QBD@Z 1000c7be f i libcpmt:cout.obj
 0001:0000b7f5       ??1?$basic_filebuf@DU?$char_traits@D@std@@@std@@UAE@XZ 1000c7f5 f i libcpmt:cout.obj
 0001:0000b84f       ??_G?$basic_filebuf@DU?$char_traits@D@std@@@std@@UAEPAXI@Z 1000c84f f i libcpmt:cout.obj
 0001:0000b84f       ??_E?$basic_filebuf@DU?$char_traits@D@std@@@std@@UAEPAXI@Z 1000c84f f i libcpmt:cout.obj
 0001:0000b871       ??_E?$codecvt@DDU_Mbstatet@@@std@@MAEPAXI@Z 1000c871 f i libcpmt:cout.obj
 0001:0000b871       ??_G?$codecvt@DDU_Mbstatet@@@std@@MAEPAXI@Z 1000c871 f i libcpmt:cout.obj
 0001:0000b894       ?_Endwrite@?$basic_filebuf@DU?$char_traits@D@std@@@std@@IAE_NXZ 1000c894 f i libcpmt:cout.obj
 0001:0000b9b2       ?_Getcat@?$codecvt@DDU_Mbstatet@@@std@@SAIPAPBVfacet@locale@2@PBV42@@Z 1000c9b2 f i libcpmt:cout.obj
 0001:0000ba1a       ?_Init@?$basic_filebuf@DU?$char_traits@D@std@@@std@@IAEXPAU_iobuf@@W4_Initfl@12@@Z 1000ca1a f i libcpmt:cout.obj
 0001:0000ba98       ?_Initcvt@?$basic_filebuf@DU?$char_traits@D@std@@@std@@IAEXPBV?$codecvt@DDU_Mbstatet@@@2@@Z 1000ca98 f i libcpmt:cout.obj
 0001:0000bace       ?_Lock@?$basic_filebuf@DU?$char_traits@D@std@@@std@@UAEXXZ 1000cace f i libcpmt:cout.obj
 0001:0000bade       ?_Reset_back@?$basic_filebuf@DU?$char_traits@D@std@@@std@@AAEXXZ 1000cade f i libcpmt:cout.obj
 0001:0000bb01       ?_Set_back@?$basic_filebuf@DU?$char_traits@D@std@@@std@@AAEXXZ 1000cb01 f i libcpmt:cout.obj
 0001:0000bb37       ?_Unlock@?$basic_filebuf@DU?$char_traits@D@std@@@std@@UAEXXZ 1000cb37 f i libcpmt:cout.obj
 0001:0000bb47       ?close@?$basic_filebuf@DU?$char_traits@D@std@@@std@@QAEPAV12@XZ 1000cb47 f i libcpmt:cout.obj
 0001:0000bba6       ___acrt_uninitialize_command_line 1000cba6 f i libucrt:argv_data.obj
 0001:0000bba6       ?do_always_noconv@?$codecvt@DDU_Mbstatet@@@std@@MBE_NXZ 1000cba6 f i libcpmt:cout.obj
 0001:0000bba9       ?do_max_length@codecvt_base@std@@MBEHXZ 1000cba9 f i libcpmt:cout.obj
 0001:0000bba9       ?do_encoding@codecvt_base@std@@MBEHXZ 1000cba9 f i libcpmt:cout.obj
 0001:0000bba9       __get_startup_argv_mode    1000cba9 f i LIBCMT:argv_mode.obj
 0001:0000bbad       ?do_length@?$codecvt@DDU_Mbstatet@@@std@@MBEHAAU_Mbstatet@@PBD1I@Z 1000cbad f i libcpmt:cout.obj
 0001:0000bbc5       ?do_in@?$codecvt@DDU_Mbstatet@@@std@@MBEHAAU_Mbstatet@@PBD1AAPBDPAD3AAPAD@Z 1000cbc5 f i libcpmt:cout.obj
 0001:0000bbc5       ?do_out@?$codecvt@DDU_Mbstatet@@@std@@MBEHAAU_Mbstatet@@PBD1AAPBDPAD3AAPAD@Z 1000cbc5 f i libcpmt:cout.obj
 0001:0000bbdf       ?do_unshift@?$codecvt@DDU_Mbstatet@@@std@@MBEHAAU_Mbstatet@@PAD1AAPAD@Z 1000cbdf f i libcpmt:cout.obj
 0001:0000bbf0       ?imbue@?$basic_filebuf@DU?$char_traits@D@std@@@std@@MAEXABVlocale@2@@Z 1000cbf0 f i libcpmt:cout.obj
 0001:0000bc0c       ?overflow@?$basic_filebuf@DU?$char_traits@D@std@@@std@@MAEHH@Z 1000cc0c f i libcpmt:cout.obj
 0001:0000bdaa       ?pbackfail@?$basic_filebuf@DU?$char_traits@D@std@@@std@@MAEHH@Z 1000cdaa f i libcpmt:cout.obj
 0001:0000be31       ?seekoff@?$basic_filebuf@DU?$char_traits@D@std@@@std@@MAE?AV?$fpos@U_Mbstatet@@@2@_JHH@Z 1000ce31 f i libcpmt:cout.obj
 0001:0000bef2       ?seekpos@?$basic_filebuf@DU?$char_traits@D@std@@@std@@MAE?AV?$fpos@U_Mbstatet@@@2@V32@H@Z 1000cef2 f i libcpmt:cout.obj
 0001:0000bfb2       ?setbuf@?$basic_filebuf@DU?$char_traits@D@std@@@std@@MAEPAV?$basic_streambuf@DU?$char_traits@D@std@@@2@PAD_J@Z 1000cfb2 f i libcpmt:cout.obj
 0001:0000c000       ?sync@?$basic_filebuf@DU?$char_traits@D@std@@@std@@MAEHXZ 1000d000 f i libcpmt:cout.obj
 0001:0000c038       ?uflow@?$basic_filebuf@DU?$char_traits@D@std@@@std@@MAEHXZ 1000d038 f i libcpmt:cout.obj
 0001:0000c1d7       ?underflow@?$basic_filebuf@DU?$char_traits@D@std@@@std@@MAEHXZ 1000d1d7 f i libcpmt:cout.obj
 0001:0000c225       ?what@exception@std@@UBEPBDXZ 1000d225 f i libcpmt:cout.obj
 0001:0000c2b1       ??0_Locimp@locale@std@@AAE@_N@Z 1000d2b1 f i libcpmt:locale0.obj
 0001:0000c2f4       ??1_Fac_node@std@@QAE@XZ   1000d2f4 f i libcpmt:locale0.obj
 0001:0000c353       ??1_Fac_tidy_reg_t@std@@QAE@XZ 1000d353 f i libcpmt:locale0.obj
 0001:0000c37a       ??1_Locimp@locale@std@@MAE@XZ 1000d37a f i libcpmt:locale0.obj
 0001:0000c3d5       ??4?$_Yarn@D@std@@QAEAAV01@PBD@Z 1000d3d5 f i libcpmt:locale0.obj
 0001:0000c429       ??_G_Locimp@locale@std@@MAEPAXI@Z 1000d429 f i libcpmt:locale0.obj
 0001:0000c429       ??_E_Locimp@locale@std@@MAEPAXI@Z 1000d429 f i libcpmt:locale0.obj
 0001:0000c44b       ?_Facet_Register@std@@YAXPAV_Facet_base@1@@Z 1000d44b f   libcpmt:locale0.obj
 0001:0000c479       ?_Getgloballocale@locale@std@@CAPAV_Locimp@12@XZ 1000d479 f   libcpmt:locale0.obj
 0001:0000c47f       ?_Init@locale@std@@CAPAV_Locimp@12@_N@Z 1000d47f f   libcpmt:locale0.obj
 0001:0000c50d       ?_Locimp_dtor@_Locimp@locale@std@@CAXPAV123@@Z 1000d50d f   libcpmt:locale0.obj
 0001:0000c582       ?_Locinfo_ctor@_Locinfo@std@@SAXPAV12@PBD@Z 1000d582 f   libcpmt:locale0.obj
 0001:0000c5cd       ?_Locinfo_dtor@_Locinfo@std@@SAXPAV12@@Z 1000d5cd f   libcpmt:locale0.obj
 0001:0000c5ef       ?_New_Locimp@_Locimp@locale@std@@CAPAV123@_N@Z 1000d5ef f   libcpmt:locale0.obj
 0001:0000c614       ?_Setgloballocale@locale@std@@CAXPAX@Z 1000d614 f   libcpmt:locale0.obj
 0001:0000c63c       __Deletegloballocale       1000d63c f   libcpmt:locale0.obj
 0001:0000c6a1       ??0bad_alloc@std@@QAE@ABV01@@Z 1000d6a1 f i libcpmt:xthrow.obj
 0001:0000c6bc       ??0bad_alloc@std@@QAE@XZ   1000d6bc f i libcpmt:xthrow.obj
 0001:0000c6d4       ??0length_error@std@@QAE@ABV01@@Z 1000d6d4 f i libcpmt:xthrow.obj
 0001:0000c6ef       ??0length_error@std@@QAE@PBD@Z 1000d6ef f i libcpmt:xthrow.obj
 0001:0000c710       ??0out_of_range@std@@QAE@ABV01@@Z 1000d710 f i libcpmt:xthrow.obj
 0001:0000c72b       ??0out_of_range@std@@QAE@PBD@Z 1000d72b f i libcpmt:xthrow.obj
 0001:0000c74c       ??_Eexception@std@@UAEPAXI@Z 1000d74c f i libcpmt:cout.obj
 0001:0000c74c       ??_Gbad_array_new_length@std@@UAEPAXI@Z 1000d74c f i LIBCMT:throw_bad_alloc.obj
 0001:0000c74c       ??_Glength_error@std@@UAEPAXI@Z 1000d74c f i libcpmt:xthrow.obj
 0001:0000c74c       ??_Elength_error@std@@UAEPAXI@Z 1000d74c f i libcpmt:xthrow.obj
 0001:0000c74c       ??_Eout_of_range@std@@UAEPAXI@Z 1000d74c f i libcpmt:xthrow.obj
 0001:0000c74c       ??_Gbad_exception@std@@UAEPAXI@Z 1000d74c f i libvcruntime:frame.obj
 0001:0000c74c       ??_Gbad_cast@std@@UAEPAXI@Z 1000d74c f i libcpmt:cout.obj
 0001:0000c74c       ??_Gout_of_range@std@@UAEPAXI@Z 1000d74c f i libcpmt:xthrow.obj
 0001:0000c74c       ??_Ebad_array_new_length@std@@UAEPAXI@Z 1000d74c f i LIBCMT:throw_bad_alloc.obj
 0001:0000c74c       ??_Gbad_alloc@std@@UAEPAXI@Z 1000d74c f i libcpmt:xthrow.obj
 0001:0000c74c       ??_Ebad_exception@std@@UAEPAXI@Z 1000d74c f i libvcruntime:frame.obj
 0001:0000c74c       ??_Ebad_cast@std@@UAEPAXI@Z 1000d74c f i libcpmt:cout.obj
 0001:0000c74c       ??_Ebad_alloc@std@@UAEPAXI@Z 1000d74c f i libcpmt:xthrow.obj
 0001:0000c74c       ??_Gexception@std@@UAEPAXI@Z 1000d74c f i libcpmt:cout.obj
 0001:0000c779       ?__scrt_throw_std_bad_alloc@@YAXXZ 1000d779 f   LIBCMT:throw_bad_alloc.obj
 0001:0000c779       ?_Xbad_alloc@std@@YAXXZ    1000d779 f   libcpmt:xthrow.obj
 0001:0000c796       ?_Xlength_error@std@@YAXPBD@Z 1000d796 f   libcpmt:xthrow.obj
 0001:0000c7b6       ?_Xout_of_range@std@@YAXPBD@Z 1000d7b6 f   libcpmt:xthrow.obj
 0001:0000c7d6       ?_Syserror_map@std@@YAPBDH@Z 1000d7d6 f   libcpmt:syserror.obj
 0001:0000c7fb       __Getctype                 1000d7fb f   libcpmt:_tolower.obj
 0001:0000c866       __Tolower                  1000d866 f   libcpmt:_tolower.obj
 0001:0000c960       __Getcvt                   1000d960 f   libcpmt:xwctomb.obj
 0001:0000c9cd       __Toupper                  1000d9cd f   libcpmt:_toupper.obj
 0001:0000cac7       ?_Addstd@ios_base@std@@SAXPAV12@@Z 1000dac7 f   libcpmt:ios.obj
 0001:0000cb18       ?_Callfns@ios_base@std@@AAEXW4event@12@@Z 1000db18 f i libcpmt:ios.obj
 0001:0000cb4a       ?_Ios_base_dtor@ios_base@std@@CAXPAV12@@Z 1000db4a f   libcpmt:ios.obj
 0001:0000cb8a       ?_Tidy@ios_base@std@@AAEXXZ 1000db8a f i libcpmt:ios.obj
 0001:0000cbd2       __Mtxdst                   1000dbd2 f   libcpmt:xmtx.obj
 0001:0000cbe0       __Mtxinit                  1000dbe0 f   libcpmt:xmtx.obj
 0001:0000cbf7       __Mtxlock                  1000dbf7 f   libcpmt:xmtx.obj
 0001:0000cc05       __Mtxunlock                1000dc05 f   libcpmt:xmtx.obj
 0001:0000cc13       ??1_Init_atexit@@QAE@XZ    1000dc13 f i libcpmt:iosptrs.obj
 0001:0000cc77       ?_Atexit@@YAXP6AXXZ@Z      1000dc77 f   libcpmt:iosptrs.obj
 0001:0000cca5       ___crtLCMapStringA         1000dca5 f   libcpmt:StlLCMapStringA.obj
 0001:0000cea8       __freea_crt                1000dea8 f i libcpmt:StlLCMapStringA.obj
 0001:0000d270       ___crtInitializeCriticalSectionEx 1000e270 f   libcpmt:winapisupp.obj
 0001:0000d2a8       _GetTableIndexFromLocaleName 1000e2a8 f   libcpmt:winapinls.obj
 0001:0000d2f6       ___crtDownlevelLocaleNameToLCID 1000e2f6 f   libcpmt:winapinls.obj
 0001:0000d320       ___crtLCMapStringEx        1000e320 f   libcpmt:winapinls.obj
 0001:0000d376       ___wcsnicmp_ascii          1000e376 f   libcpmt:winapinls.obj
 0001:0000d3e9       @__security_check_cookie@4 1000e3e9 f   LIBCMT:_secchk_.obj
 0001:0000d3fa       ??_V@YAXPAX@Z              1000e3fa f   LIBCMT:delete_array.obj
 0001:0000d4db       __Init_thread_footer       1000e4db f   LIBCMT:thread_safe_statics.obj
 0001:0000d51a       __Init_thread_header       1000e51a f   LIBCMT:thread_safe_statics.obj
 0001:0000d560       __Init_thread_lock         1000e560 f   LIBCMT:thread_safe_statics.obj
 0001:0000d56c       __Init_thread_notify       1000e56c f   LIBCMT:thread_safe_statics.obj
 0001:0000d5ad       __Init_thread_unlock       1000e5ad f   LIBCMT:thread_safe_statics.obj
 0001:0000d5b9       __Init_thread_wait         1000e5b9 f   LIBCMT:thread_safe_statics.obj
 0001:0000d61e       ??2@YAPAXI@Z               1000e61e f   LIBCMT:new_scalar.obj
 0001:0000d651       ??$__crt_fast_encode_pointer@PAX@@YAPAXQAX@Z 1000e651 f i libvcruntime:winapi_downlevel.obj
 0001:0000d651       ??$__crt_fast_encode_pointer@P6GHPAU_RTL_CONDITION_VARIABLE@@PAU_RTL_CRITICAL_SECTION@@K@Z@@YAP6GHPAU_RTL_CONDITION_VARIABLE@@PAU_RTL_CRITICAL_SECTION@@K@ZQ6GH01K@Z@Z 1000e651 f i LIBCMT:thread_safe_statics.obj
 0001:0000d651       ??$__crt_fast_encode_pointer@P6GXPAU_RTL_CONDITION_VARIABLE@@@Z@@YAP6GXPAU_RTL_CONDITION_VARIABLE@@@ZQ6GX0@Z@Z 1000e651 f i LIBCMT:thread_safe_statics.obj
 0001:0000d651       ??$__crt_fast_encode_pointer@PAP6AXXZ@@YAPAP6AXXZQAP6AXXZ@Z 1000e651 f i LIBCMT:utility.obj
 0001:0000d6b2       ___scrt_acquire_startup_lock 1000e6b2 f   LIBCMT:utility.obj
 0001:0000d6e7       ___scrt_dllmain_after_initialize_c 1000e6e7 f   LIBCMT:utility.obj
 0001:0000d712       ___scrt_dllmain_before_initialize_c 1000e712 f   LIBCMT:utility.obj
 0001:0000d720       ___scrt_dllmain_crt_thread_attach 1000e720 f   LIBCMT:utility.obj
 0001:0000d73f       ___scrt_dllmain_crt_thread_detach 1000e73f f   LIBCMT:utility.obj
 0001:0000d74c       ___scrt_dllmain_exception_filter 1000e74c f   LIBCMT:utility.obj
 0001:0000d77f       ___scrt_dllmain_uninitialize_c 1000e77f f   LIBCMT:utility.obj
 0001:0000d7a2       ___scrt_dllmain_uninitialize_critical 1000e7a2 f   LIBCMT:utility.obj
 0001:0000d7af       ___scrt_initialize_crt     1000e7af f   LIBCMT:utility.obj
 0001:0000d7e8       ___scrt_initialize_onexit_tables 1000e7e8 f   LIBCMT:utility.obj
 0001:0000d87f       ___scrt_is_nonwritable_in_current_image 1000e87f f   LIBCMT:utility.obj
 0001:0000d909       ___scrt_release_startup_lock 1000e909 f   LIBCMT:utility.obj
 0001:0000d926       ___scrt_uninitialize_crt   1000e926 f   LIBCMT:utility.obj
 0001:0000d94e       __onexit                   1000e94e f   LIBCMT:utility.obj
 0001:0000d989       _atexit                    1000e989 f   LIBCMT:utility.obj
 0001:0000d99e       ??3@YAXPAX@Z               1000e99e f   LIBCMT:delete_scalar.obj
 0001:0000d9a3       ??3@YAXPAXI@Z              1000e9a3 f   LIBCMT:delete_scalar_size.obj
 0001:0000d9b1       ??_Gtype_info@@UAEPAXI@Z   1000e9b1 f i LIBCMT:std_type_info_static.obj
 0001:0000d9b1       ??_Etype_info@@UAEPAXI@Z   1000e9b1 f i LIBCMT:std_type_info_static.obj
 0001:0000dcdc       __DllMainCRTStartup@12     1000ecdc f   LIBCMT:dll_dllmain.obj
 0001:0000dcff       @_guard_check_icall@4      1000ecff f i LIBCMT:checkcfg.obj
 0001:0000dd05       __EH_epilog3               1000ed05 f   LIBCMT:ehprolg3.obj
 0001:0000dd1a       __EH_epilog3_GS            1000ed1a f   LIBCMT:ehprolg3.obj
 0001:0000dd2b       __EH_prolog3               1000ed2b f   LIBCMT:ehprolg3.obj
 0001:0000dd5f       __EH_prolog3_GS            1000ed5f f   LIBCMT:ehprolg3.obj
 0001:0000dd96       __EH_prolog3_catch         1000ed96 f   LIBCMT:ehprolg3.obj
 0001:0000ddd0       __alloca_probe_16          1000edd0 f   LIBCMT:alloca16.obj
 0001:0000dde6       __alloca_probe_8           1000ede6     LIBCMT:alloca16.obj
 0001:0000de00       __allmul                   1000ee00 f   LIBCMT:llmul.obj
 0001:0000de40       __aulldiv                  1000ee40 f   LIBCMT:ulldiv.obj
 0001:0000dea8       ___raise_securityfailure   1000eea8 f   LIBCMT:gs_report.obj
 0001:0000ded0       ___report_gsfailure        1000eed0 f   LIBCMT:gs_report.obj
 0001:0000dfcb       ___report_rangecheckfailure 1000efcb f   LIBCMT:gs_report.obj
 0001:0000dfda       ___report_securityfailure  1000efda f   LIBCMT:gs_report.obj
 0001:0000e0aa       ___scrt_fastfail           1000f0aa f   LIBCMT:utility_desktop.obj
 0001:0000e1c5       __crt_debugger_hook        1000f1c5 f   LIBCMT:utility_desktop.obj
 0001:0000e1cd       ??0bad_array_new_length@std@@QAE@ABV01@@Z 1000f1cd f i LIBCMT:throw_bad_alloc.obj
 0001:0000e1e8       ??0bad_array_new_length@std@@QAE@XZ 1000f1e8 f i LIBCMT:throw_bad_alloc.obj
 0001:0000e200       ??1length_error@std@@UAE@XZ 1000f200 f i libcpmt:xthrow.obj
 0001:0000e200       ??1bad_array_new_length@std@@UAE@XZ 1000f200 f i LIBCMT:throw_bad_alloc.obj
 0001:0000e200       ??1out_of_range@std@@UAE@XZ 1000f200 f i libcpmt:xthrow.obj
 0001:0000e200       ??1bad_exception@std@@UAE@XZ 1000f200 f i libvcruntime:frame.obj
 0001:0000e200       ??1bad_alloc@std@@UAE@XZ   1000f200 f i libcpmt:xthrow.obj
 0001:0000e200       ??1bad_cast@std@@UAE@XZ    1000f200 f i libcpmt:cout.obj
 0001:0000e211       ?__scrt_throw_std_bad_array_new_length@@YAXXZ 1000f211 f   LIBCMT:throw_bad_alloc.obj
 0001:0000e22e       ___isa_available_init      1000f22e f   LIBCMT:_cpu_disp_.obj
 0001:0000e3c8       ___scrt_is_ucrt_dll_in_use 1000f3c8 f   LIBCMT:ucrt_detection.obj
 0001:0000e3e0       __SEH_prolog4              1000f3e0 f   LIBCMT:_sehprolg4_.obj
 0001:0000e426       __SEH_epilog4              1000f426 f   LIBCMT:_sehprolg4_.obj
 0001:0000e43b       ___security_init_cookie    1000f43b f   LIBCMT:gs_support.obj
 0001:0000e4d7       _DllMain@12                1000f4d7 f   LIBCMT:dll_dllmain_stub.obj
 0001:0000e4dd       ?__scrt_initialize_type_info@@YAXXZ 1000f4dd f   LIBCMT:tncleanup.obj
 0001:0000e4e9       ?__scrt_uninitialize_type_info@@YAXXZ 1000f4e9 f   LIBCMT:tncleanup.obj
 0001:0000e4f5       ___local_stdio_scanf_options 1000f4f5 f i LIBCMT:default_local_stdio_options.obj
 0001:0000e4fb       ___scrt_initialize_default_local_stdio_options 1000f4fb f   LIBCMT:default_local_stdio_options.obj
 0001:0000e518       ___scrt_get_dyn_tls_init_callback 1000f518 f   LIBCMT:dyn_tls_init.obj
 0001:0000e51e       __RTC_Initialize           1000f51e f   LIBCMT:_initsect_.obj
 0001:0000e549       __RTC_Terminate            1000f549 f   LIBCMT:_initsect_.obj
 0001:0000e580       __alloca_probe             1000f580 f   LIBCMT:chkstk.obj
 0001:0000e580       __chkstk                   1000f580 f   LIBCMT:chkstk.obj
 0001:0000e5b0       _memmove                   1000f5b0 f   libvcruntime:memmove.obj
 0001:0000eb24       __get_purecall_handler     1000fb24 f   libvcruntime:purevirt.obj
 0001:0000eb43       __purecall                 1000fb43 f   libvcruntime:purevirt.obj
 0001:0000eb5e       ___DestructExceptionObject 1000fb5e f   libvcruntime:frame.obj
 0001:0000ebf2       ??0bad_exception@std@@QAE@ABV01@@Z 1000fbf2 f i libvcruntime:frame.obj
 0001:0000ec0d       ??0bad_exception@std@@QAE@XZ 1000fc0d f i libvcruntime:frame.obj
 0001:0000f43e       ?_CallMemberFunction0@@YGXQAX0@Z 1001043e f i libvcruntime:frame.obj
 0001:0000f43e       ?_CallMemberFunction2@@YGXQAX00H@Z 1001043e f i libvcruntime:frame.obj
 0001:0000f43e       ?_CallMemberFunction1@@YGXQAX00@Z 1001043e f i libvcruntime:frame.obj
 0001:0000f445       ___AdjustPointer           10010445 f   libvcruntime:frame.obj
 0001:0000f46a       ___BuildCatchObject        1001046a f   libvcruntime:frame.obj
 0001:0000f4f9       ___BuildCatchObjectHelper  100104f9 f   libvcruntime:frame.obj
 0001:0000f627       ___FrameUnwindFilter       10010627 f   libvcruntime:frame.obj
 0001:0000f66c       ___FrameUnwindToState      1001066c f   libvcruntime:frame.obj
 0001:0000f734       ___InternalCxxFrameHandler 10010734 f   libvcruntime:frame.obj
 0001:0000f830       ___TypeMatch               10010830 f   libvcruntime:frame.obj
 0001:0000f8be       ___std_exception_copy      100108be f   libvcruntime:std_exception.obj
 0001:0000f921       ___std_exception_destroy   10010921 f   libvcruntime:std_exception.obj
 0001:0000f940       __CxxThrowException@8      10010940 f   libvcruntime:throw.obj
 0001:0000f9ae       ?_CallCatchBlock2@@YAPAXPAUEHRegistrationNode@@PBU_s_FuncInfo@@PAXHK@Z 100109ae f   libvcruntime:trnsctrl.obj
 0001:0000fa0e       ?_CallSETranslator@@YAHPAUEHExceptionRecord@@PAUEHRegistrationNode@@PAX2PBU_s_FuncInfo@@H1@Z 10010a0e f   libvcruntime:trnsctrl.obj
 0001:0000faeb       ?_GetRangeOfTrysToCheck@@YAPBU_s_TryBlockMapEntry@@PBU_s_FuncInfo@@HHPAI1@Z 10010aeb f   libvcruntime:trnsctrl.obj
 0001:0000fb63       ?_JumpToContinuation@@YGXPAXPAUEHRegistrationNode@@@Z 10010b63 f   libvcruntime:trnsctrl.obj
 0001:0000fb95       ?_UnwindNestedFrames@@YGXPAUEHRegistrationNode@@PAUEHExceptionRecord@@@Z 10010b95 f   libvcruntime:trnsctrl.obj
 0001:0000fbea       __CatchGuardHandler        10010bea f   libvcruntime:trnsctrl.obj
 0001:0000fc1b       __CreateFrameInfo          10010c1b f   libvcruntime:trnsctrl.obj
 0001:0000fc3f       __FindAndUnlinkFrame       10010c3f f   libvcruntime:trnsctrl.obj
 0001:0000fc89       __IsExceptionObjectToBeDestroyed 10010c89 f   libvcruntime:trnsctrl.obj
 0001:0000fcaf       __TranslatorGuardHandler   10010caf f   libvcruntime:trnsctrl.obj
 0001:0000fd4e       ___CxxFrameHandler3        10010d4e f   libvcruntime:trnsctrl.obj
 0001:0000fd90       _memcpy                    10010d90 f   libvcruntime:memcpy.obj
 0001:00010310       _memset                    10011310 f   libvcruntime:memset.obj
 0001:00010470       _memchr                    10011470 f   libvcruntime:memchr.obj
 0001:0001051d       _memcmp                    1001151d f   libvcruntime:_memcmp_.obj
 0001:00011dbe       ___vcrt_FlsAlloc           10012dbe f   libvcruntime:winapi_downlevel.obj
 0001:00011df8       ___vcrt_FlsFree            10012df8 f   libvcruntime:winapi_downlevel.obj
 0001:00011e32       ___vcrt_FlsGetValue        10012e32 f   libvcruntime:winapi_downlevel.obj
 0001:00011e6c       ___vcrt_FlsSetValue        10012e6c f   libvcruntime:winapi_downlevel.obj
 0001:00011ea9       ___vcrt_InitializeCriticalSectionEx 10012ea9 f   libvcruntime:winapi_downlevel.obj
 0001:00011eef       ___vcrt_initialize_winapi_thunks 10012eef f   libvcruntime:winapi_downlevel.obj
 0001:00011f29       ___vcrt_uninitialize_winapi_thunks 10012f29 f   libvcruntime:winapi_downlevel.obj
 0001:00011f5b       ___vcrt_initialize         10012f5b f   libvcruntime:initialization.obj
 0001:00011f84       ___vcrt_thread_attach      10012f84 f   libvcruntime:initialization.obj
 0001:00011f8f       ___vcrt_thread_detach      10012f8f f   libvcruntime:initialization.obj
 0001:00011f9a       ___vcrt_uninitialize       10012f9a f   libvcruntime:initialization.obj
 0001:00011fb9       ___vcrt_uninitialize_critical 10012fb9 f   libvcruntime:initialization.obj
 0001:00012010       __except_handler4          10013010 f   libvcruntime:_chandler4_.obj
 0001:00012176       ___std_type_info_compare   10013176 f   libvcruntime:std_type_info.obj
 0001:000121b2       ___std_type_info_destroy_list 100131b2 f   libvcruntime:std_type_info.obj
 0001:000121d5       ___vcrt_initialize_pure_virtual_call_handler 100131d5 f   libvcruntime:purevirt_data.obj
 0001:000121f2       _unexpected                100131f2 f   libvcruntime:unexpected.obj
 0001:0001220e       ___vcrt_freefls@4          1001320e f   libvcruntime:per_thread_data.obj
 0001:0001222a       ___vcrt_freeptd            1001322a f   libvcruntime:per_thread_data.obj
 0001:00012260       ___vcrt_getptd             10013260 f   libvcruntime:per_thread_data.obj
 0001:0001226e       ___vcrt_getptd_noexit      1001326e f   libvcruntime:per_thread_data.obj
 0001:00012300       ___vcrt_initialize_ptd     10013300 f   libvcruntime:per_thread_data.obj
 0001:00012333       ___vcrt_uninitialize_ptd   10013333 f   libvcruntime:per_thread_data.obj
 0001:00012350       __CallSettingFrame@12      10013350 f   libvcruntime:lowhelpr.obj
 0001:00012377       __NLG_Return               10013377     libvcruntime:lowhelpr.obj
 0001:0001239c       ___vcrt_initialize_locks   1001339c f   libvcruntime:locks.obj
 0001:000123d8       ___vcrt_uninitialize_locks 100133d8 f   libvcruntime:locks.obj
 0001:00012410       __local_unwind4            10013410 f   libvcruntime:_exsup4_.obj
 0001:000124e6       __seh_longjmp_unwind4@4    100134e6 f   libvcruntime:_exsup4_.obj
 0001:0001250e       @_EH4_CallFilterFunc@8     1001350e f   libvcruntime:_exsup4_.obj
 0001:00012525       @_EH4_TransferToHandler@8  10013525 f   libvcruntime:_exsup4_.obj
 0001:0001253e       @_EH4_GlobalUnwind2@8      1001353e f   libvcruntime:_exsup4_.obj
 0001:00012557       @_EH4_LocalUnwind@16       10013557 f   libvcruntime:_exsup4_.obj
 0001:00012570       __global_unwind2           10013570 f   libvcruntime:_exsup_.obj
 0001:000125d5       __local_unwind2            100135d5 f   libvcruntime:_exsup_.obj
 0001:00012659       __abnormal_termination     10013659 f   libvcruntime:_exsup_.obj
 0001:0001267c       __NLG_Notify1              1001367c f   libvcruntime:_exsup_.obj
 0001:00012685       __NLG_Notify               10013685 f   libvcruntime:_exsup_.obj
 0001:0001269c       __NLG_Dispatch2            1001369c     libvcruntime:_exsup_.obj
 0001:0001269c       __NLG_Dispatch             1001369c     libvcruntime:_exsup_.obj
 0001:000126a4       __NLG_Call                 100136a4 f   libvcruntime:_exsup_.obj
 0001:000126a6       __NLG_Return2              100136a6     libvcruntime:_exsup_.obj
 0001:000126a7       __aligned_free             100136a7 f   libucrt:align.obj
 0001:000126ac       __aligned_free_base        100136ac f   libucrt:align.obj
 0001:000126c6       __aligned_malloc           100136c6 f   libucrt:align.obj
 0001:000126d1       __aligned_malloc_base      100136d1 f   libucrt:align.obj
 0001:000126e8       __aligned_offset_malloc_base 100136e8 f   libucrt:align.obj
 0001:00012772       _abort                     10013772 f   libucrt:abort.obj
 0001:000127b5       _calloc                    100137b5 f   libucrt:calloc.obj
 0001:000127c0       ___acrt_call_reportfault   100137c0 f   libucrt:invalid_parameter.obj
 0001:000128fb       ___acrt_initialize_invalid_parameter_handler 100138fb f   libucrt:invalid_parameter.obj
 0001:0001290f       __invalid_parameter        1001390f f   libucrt:invalid_parameter.obj
 0001:0001298a       __invalid_parameter_noinfo 1001398a f   libucrt:invalid_parameter.obj
 0001:0001299a       __invalid_parameter_noinfo_noreturn 1001399a f   libucrt:invalid_parameter.obj
 0001:000129b7       __invoke_watson            100139b7 f   libucrt:invalid_parameter.obj
 0001:000129f0       _strcspn                   100139f0 f   libucrt:strcspn.obj
 0001:00012a36       ??$?RV<lambda_ab9923ffb5d694ec0d78876dd103e44f>@@AAV<lambda_481dd5778c961fbcd3b60b650e9b9dc4>@@V<lambda_7923d86c9e3f319b415918ec4b39749c>@@@?$__crt_seh_guarded_call@H@@QAEH$$QAV<lambda_ab9923ffb5d694ec0d78876dd103e44f>@@AAV<lambda_481dd5778c961fbcd3b60b650e9b9dc4>@@$$QAV<lambda_7923d86c9e3f319b415918ec4b39749c>@@@Z 10013a36 f i libucrt:output.obj
 0001:00012a87       ??$__acrt_lock_stream_and_call@V<lambda_481dd5778c961fbcd3b60b650e9b9dc4>@@@@YAHQAU_iobuf@@$$QAV<lambda_481dd5778c961fbcd3b60b650e9b9dc4>@@@Z 10013a87 f i libucrt:output.obj
 0001:00012e28       ??$count@D@formatting_buffer@__crt_stdio_output@@QBEIXZ 10013e28 f i libucrt:output.obj
 0001:00012e40       ??$ensure_buffer_is_big_enough@D@formatting_buffer@__crt_stdio_output@@QAE_NI@Z 10013e40 f i libucrt:output.obj
 0001:00012ec6       ??$is_wide_character_specifier@D@__crt_stdio_output@@YA_N_KDW4length_modifier@0@@Z 10013ec6 f i libucrt:output.obj
 0001:00012f06       ??$is_wide_character_specifier@_W@__crt_stdio_output@@YA_N_K_WW4length_modifier@0@@Z 10013f06 f i libucrt:output.obj
 0001:00012f55       ??$scratch_data@D@formatting_buffer@__crt_stdio_output@@QAEPADXZ 10013f55 f i libucrt:output.obj
 0001:00012f73       ??$type_case_integer_parse_into_buffer@I@?$output_processor@_WV?$stream_output_adapter@_W@__crt_stdio_output@@V?$standard_base@_WV?$stream_output_adapter@_W@__crt_stdio_output@@@2@@__crt_stdio_output@@AAEXII_N@Z 10013f73 f i libucrt:output.obj
 0001:00012f73       ??$type_case_integer_parse_into_buffer@I@?$output_processor@_WV?$string_output_adapter@_W@__crt_stdio_output@@V?$standard_base@_WV?$string_output_adapter@_W@__crt_stdio_output@@@2@@__crt_stdio_output@@AAEXII_N@Z 10013f73 f i libucrt:output.obj
 0001:00012f73       ??$type_case_integer_parse_into_buffer@I@?$output_processor@DV?$string_output_adapter@D@__crt_stdio_output@@V?$format_validation_base@DV?$string_output_adapter@D@__crt_stdio_output@@@2@@__crt_stdio_output@@AAEXII_N@Z 10013f73 f i libucrt:output.obj
 0001:00012fe8       ??$type_case_integer_parse_into_buffer@_K@?$output_processor@DV?$string_output_adapter@D@__crt_stdio_output@@V?$format_validation_base@DV?$string_output_adapter@D@__crt_stdio_output@@@2@@__crt_stdio_output@@AAEX_KI_N@Z 10013fe8 f i libucrt:output.obj
 0001:00012fe8       ??$type_case_integer_parse_into_buffer@_K@?$output_processor@_WV?$string_output_adapter@_W@__crt_stdio_output@@V?$standard_base@_WV?$string_output_adapter@_W@__crt_stdio_output@@@2@@__crt_stdio_output@@AAEX_KI_N@Z 10013fe8 f i libucrt:output.obj
 0001:00012fe8       ??$type_case_integer_parse_into_buffer@_K@?$output_processor@_WV?$stream_output_adapter@_W@__crt_stdio_output@@V?$standard_base@_WV?$stream_output_adapter@_W@__crt_stdio_output@@@2@@__crt_stdio_output@@AAEX_KI_N@Z 10013fe8 f i libucrt:output.obj
 0001:00013070       ??$write_multiple_characters@V?$stream_output_adapter@_W@__crt_stdio_output@@D@__crt_stdio_output@@YAXABV?$stream_output_adapter@_W@0@DHQAH@Z 10014070 f i libucrt:output.obj
 0001:000130a1       ??$write_multiple_characters@V?$string_output_adapter@D@__crt_stdio_output@@D@__crt_stdio_output@@YAXABV?$string_output_adapter@D@0@DHQAH@Z 100140a1 f i libucrt:output.obj
 0001:000130cd       ??$write_multiple_characters@V?$string_output_adapter@_W@__crt_stdio_output@@D@__crt_stdio_output@@YAXABV?$string_output_adapter@_W@0@DHQAH@Z 100140cd f i libucrt:output.obj
 0001:000130fe       ??0?$common_data@D@__crt_stdio_output@@IAE@XZ 100140fe f i libucrt:output.obj
 0001:00013145       ??0?$common_data@_W@__crt_stdio_output@@IAE@XZ 10014145 f i libucrt:output.obj
 0001:00013191       ??0?$output_adapter_data@DV?$string_output_adapter@D@__crt_stdio_output@@@__crt_stdio_output@@IAE@ABV?$string_output_adapter@D@1@_KQBDQAU__crt_locale_pointers@@QAD@Z 10014191 f i libucrt:output.obj
 0001:000131cd       ??0?$output_adapter_data@_WV?$stream_output_adapter@_W@__crt_stdio_output@@@__crt_stdio_output@@IAE@ABV?$stream_output_adapter@_W@1@_KQB_WQAU__crt_locale_pointers@@QAD@Z 100141cd f i libucrt:output.obj
 0001:000131cd       ??0?$output_adapter_data@_WV?$string_output_adapter@_W@__crt_stdio_output@@@__crt_stdio_output@@IAE@ABV?$string_output_adapter@_W@1@_KQB_WQAU__crt_locale_pointers@@QAD@Z 100141cd f i libucrt:output.obj
 0001:00013209       ??0?$output_processor@DV?$string_output_adapter@D@__crt_stdio_output@@V?$format_validation_base@DV?$string_output_adapter@D@__crt_stdio_output@@@2@@__crt_stdio_output@@QAE@ABV?$string_output_adapter@D@1@_KQBDQAU__crt_locale_pointers@@QAD@Z 10014209 f i libucrt:output.obj
 0001:0001323e       ??0?$output_processor@_WV?$stream_output_adapter@_W@__crt_stdio_output@@V?$standard_base@_WV?$stream_output_adapter@_W@__crt_stdio_output@@@2@@__crt_stdio_output@@QAE@ABV?$stream_output_adapter@_W@1@_KQB_WQAU__crt_locale_pointers@@QAD@Z 1001423e f i libucrt:output.obj
 0001:0001323e       ??0?$output_processor@_WV?$string_output_adapter@_W@__crt_stdio_output@@V?$standard_base@_WV?$string_output_adapter@_W@__crt_stdio_output@@@2@@__crt_stdio_output@@QAE@ABV?$string_output_adapter@_W@1@_KQB_WQAU__crt_locale_pointers@@QAD@Z 1001423e f i libucrt:output.obj
 0001:00013273       ??0_LocaleUpdate@@QAE@QAU__crt_locale_pointers@@@Z 10014273 f i libucrt:output.obj
 0001:000132f6       ??1formatting_buffer@__crt_stdio_output@@QAE@XZ 100142f6 f i libucrt:output.obj
 0001:00013310       ??4?$__crt_unique_heap_ptr@DU__crt_internal_free_policy@@@@QAEAAV0@$$QAV0@@Z 10014310 f i libucrt:output.obj
 0001:000133f1       ?crop_zeroes@__crt_stdio_output@@YAXPADQAU__crt_locale_pointers@@@Z 100143f1 f i libucrt:output.obj
 0001:00013448       ?find_next_state@?$output_processor@DV?$string_output_adapter@D@__crt_stdio_output@@V?$format_validation_base@DV?$string_output_adapter@D@__crt_stdio_output@@@2@@__crt_stdio_output@@ABE?AW4state@2@DW432@@Z 10014448 f i libucrt:output.obj
[...]
 0003:00001e88       ?tril@solve_opts@arma@@3Uopts_tril@12@B 1003ce88     pandamat.obj
 0003:00001e8c       ?triu@solve_opts@arma@@3Uopts_triu@12@B 1003ce8c     pandamat.obj
 0003:00001e90       ?no_approx@solve_opts@arma@@3Uopts_no_approx@12@B 1003ce90     pandamat.obj
 0003:00001e94       ?random_spread@arma@@3Ugmm_seed_random_spread@1@B 1003ce94     pandamat.obj
 0003:00001e98       ?randu@fill@arma@@3U?$fill_class@Ufill_randu@fill@arma@@@12@B 1003ce98     pandamat.obj
 0003:00001e99       ?randn@fill@arma@@3U?$fill_class@Ufill_randn@fill@arma@@@12@B 1003ce99     pandamat.obj
 0003:00001e9a       ?endr@arma@@3U?$injector_end_of_row@H@1@B 1003ce9a     pandamat.obj
 0003:00001e9b       ?none@fill@arma@@3U?$fill_class@Ufill_none@fill@arma@@@12@B 1003ce9b     pandamat.obj
 0003:00001e9c       ?keep_existing@arma@@3Ugmm_seed_keep_existing@1@B 1003ce9c     pandamat.obj
 0003:00001ea0       ?random_subset@arma@@3Ugmm_seed_random_subset@1@B 1003cea0     pandamat.obj
 0003:00001ea4       ?maha_dist@arma@@3Ugmm_dist_maha@1@B 1003cea4     pandamat.obj
 0003:00001ea8       ?static_spread@arma@@3Ugmm_seed_static_spread@1@B 1003cea8     pandamat.obj
 0003:00001eb0       ?equilibrate@solve_opts@arma@@3Uopts_equilibrate@12@B 1003ceb0     pandamat.obj
 0003:00001eb4       ?none@solve_opts@arma@@3Uopts_none@12@B 1003ceb4     pandamat.obj
 0003:00001eb8       ?prob_dist@arma@@3Ugmm_dist_prob@1@B 1003ceb8     pandamat.obj
 0003:00001ebc       ?fast@solve_opts@arma@@3Uopts_fast@12@B 1003cebc     pandamat.obj
 0003:00001ec0       ?eucl_dist@arma@@3Ugmm_dist_eucl@1@B 1003cec0     pandamat.obj
 0003:00001ec4       ?static_subset@arma@@3Ugmm_seed_static_subset@1@B 1003cec4     pandamat.obj
 0003:00001ec8       ?zeros@fill@arma@@3U?$fill_class@Ufill_zeros@fill@arma@@@12@B 1003cec8     pandamat.obj
 0003:00001ec9       ?ones@fill@arma@@3U?$fill_class@Ufill_ones@fill@arma@@@12@B 1003cec9     pandamat.obj
 0003:00001eca       ?eye@fill@arma@@3U?$fill_class@Ufill_eye@fill@arma@@@12@B 1003ceca     opercollection.obj
 0003:00001ecb       ?randu@fill@arma@@3U?$fill_class@Ufill_randu@fill@arma@@@12@B 1003cecb     opercollection.obj
 0003:00001ecc       ?tril@solve_opts@arma@@3Uopts_tril@12@B 1003cecc     opercollection.obj
 0003:00001ed0       ?triu@solve_opts@arma@@3Uopts_triu@12@B 1003ced0     opercollection.obj
 0003:00001ed4       ?no_approx@solve_opts@arma@@3Uopts_no_approx@12@B 1003ced4     opercollection.obj
 0003:00001ed8       ?random_spread@arma@@3Ugmm_seed_random_spread@1@B 1003ced8     opercollection.obj
 0003:00001edc       ?keep_existing@arma@@3Ugmm_seed_keep_existing@1@B 1003cedc     opercollection.obj
 0003:00001ee0       ?randn@fill@arma@@3U?$fill_class@Ufill_randn@fill@arma@@@12@B 1003cee0     opercollection.obj
 0003:00001ee1       ?endr@arma@@3U?$injector_end_of_row@H@1@B 1003cee1     opercollection.obj
 0003:00001ee2       ?none@fill@arma@@3U?$fill_class@Ufill_none@fill@arma@@@12@B 1003cee2     opercollection.obj
 0003:00001ee3       ?zeros@fill@arma@@3U?$fill_class@Ufill_zeros@fill@arma@@@12@B 1003cee3     opercollection.obj
 0003:00001ee4       ?random_subset@arma@@3Ugmm_seed_random_subset@1@B 1003cee4     opercollection.obj
 0003:00001ee8       ?maha_dist@arma@@3Ugmm_dist_maha@1@B 1003cee8     opercollection.obj
 0003:00001eec       ?static_spread@arma@@3Ugmm_seed_static_spread@1@B 1003ceec     opercollection.obj
 0003:00001ef0       ?equilibrate@solve_opts@arma@@3Uopts_equilibrate@12@B 1003cef0     opercollection.obj
 0003:00001ef4       ?none@solve_opts@arma@@3Uopts_none@12@B 1003cef4     opercollection.obj
 0003:00001ef8       ?prob_dist@arma@@3Ugmm_dist_prob@1@B 1003cef8     opercollection.obj
 0003:00001efc       ?fast@solve_opts@arma@@3Uopts_fast@12@B 1003cefc     opercollection.obj
 0003:00001f00       ?eucl_dist@arma@@3Ugmm_dist_eucl@1@B 1003cf00     opercollection.obj
 0003:00001f04       ?static_subset@arma@@3Ugmm_seed_static_subset@1@B 1003cf04     opercollection.obj
 0003:00001f08       ?ones@fill@arma@@3U?$fill_class@Ufill_ones@fill@arma@@@12@B 1003cf08     opercollection.obj
 0003:00001f09       ?eye@fill@arma@@3U?$fill_class@Ufill_eye@fill@arma@@@12@B 1003cf09     operation.obj
 0003:00001f0a       ?randu@fill@arma@@3U?$fill_class@Ufill_randu@fill@arma@@@12@B 1003cf0a     operation.obj
 0003:00001f0b       ?randn@fill@arma@@3U?$fill_class@Ufill_randn@fill@arma@@@12@B 1003cf0b     operation.obj
 0003:00001f0c       ?tril@solve_opts@arma@@3Uopts_tril@12@B 1003cf0c     operation.obj
 0003:00001f10       ?triu@solve_opts@arma@@3Uopts_triu@12@B 1003cf10     operation.obj
 0003:00001f14       ?no_approx@solve_opts@arma@@3Uopts_no_approx@12@B 1003cf14     operation.obj
 0003:00001f18       ?random_spread@arma@@3Ugmm_seed_random_spread@1@B 1003cf18     operation.obj
 0003:00001f1c       ?keep_existing@arma@@3Ugmm_seed_keep_existing@1@B 1003cf1c     operation.obj
 0003:00001f20       ?random_subset@arma@@3Ugmm_seed_random_subset@1@B 1003cf20     operation.obj
 0003:00001f24       ?maha_dist@arma@@3Ugmm_dist_maha@1@B 1003cf24     operation.obj
 0003:00001f28       ?static_spread@arma@@3Ugmm_seed_static_spread@1@B 1003cf28     operation.obj
 0003:00001f2c       ?endr@arma@@3U?$injector_end_of_row@H@1@B 1003cf2c     operation.obj
 0003:00001f2d       ?none@fill@arma@@3U?$fill_class@Ufill_none@fill@arma@@@12@B 1003cf2d     operation.obj
 0003:00001f2e       ?zeros@fill@arma@@3U?$fill_class@Ufill_zeros@fill@arma@@@12@B 1003cf2e     operation.obj
 0003:00001f2f       ?ones@fill@arma@@3U?$fill_class@Ufill_ones@fill@arma@@@12@B 1003cf2f     operation.obj
 0003:00001f30       ?equilibrate@solve_opts@arma@@3Uopts_equilibrate@12@B 1003cf30     operation.obj
 0003:00001f34       ?none@solve_opts@arma@@3Uopts_none@12@B 1003cf34     operation.obj
 0003:00001f38       ?prob_dist@arma@@3Ugmm_dist_prob@1@B 1003cf38     operation.obj
 0003:00001f3c       ?fast@solve_opts@arma@@3Uopts_fast@12@B 1003cf3c     operation.obj
 0003:00001f40       ?eucl_dist@arma@@3Ugmm_dist_eucl@1@B 1003cf40     operation.obj
 0003:00001f44       ?static_subset@arma@@3Ugmm_seed_static_subset@1@B 1003cf44     operation.obj
 0003:00001f48       ?tril@solve_opts@arma@@3Uopts_tril@12@B 1003cf48     add.obj
 0003:00001f4c       ?triu@solve_opts@arma@@3Uopts_triu@12@B 1003cf4c     add.obj
 0003:00001f50       ?no_approx@solve_opts@arma@@3Uopts_no_approx@12@B 1003cf50     add.obj
 0003:00001f54       ?eye@fill@arma@@3U?$fill_class@Ufill_eye@fill@arma@@@12@B 1003cf54     add.obj
 0003:00001f55       ?randu@fill@arma@@3U?$fill_class@Ufill_randu@fill@arma@@@12@B 1003cf55     add.obj
 0003:00001f56       ?randn@fill@arma@@3U?$fill_class@Ufill_randn@fill@arma@@@12@B 1003cf56     add.obj
 0003:00001f57       ?endr@arma@@3U?$injector_end_of_row@H@1@B 1003cf57     add.obj
 0003:00001f58       ?random_spread@arma@@3Ugmm_seed_random_spread@1@B 1003cf58     add.obj
 0003:00001f5c       ?keep_existing@arma@@3Ugmm_seed_keep_existing@1@B 1003cf5c     add.obj
 0003:00001f60       ?random_subset@arma@@3Ugmm_seed_random_subset@1@B 1003cf60     add.obj
 0003:00001f64       ?maha_dist@arma@@3Ugmm_dist_maha@1@B 1003cf64     add.obj
 0003:00001f68       ?static_spread@arma@@3Ugmm_seed_static_spread@1@B 1003cf68     add.obj
 0003:00001f6c       ?equilibrate@solve_opts@arma@@3Uopts_equilibrate@12@B 1003cf6c     add.obj
 0003:00001f70       ?none@fill@arma@@3U?$fill_class@Ufill_none@fill@arma@@@12@B 1003cf70     add.obj
 0003:00001f71       ?zeros@fill@arma@@3U?$fill_class@Ufill_zeros@fill@arma@@@12@B 1003cf71     add.obj
 0003:00001f72       ?ones@fill@arma@@3U?$fill_class@Ufill_ones@fill@arma@@@12@B 1003cf72     add.obj
 0003:00001f73       ?eye@fill@arma@@3U?$fill_class@Ufill_eye@fill@arma@@@12@B 1003cf73     dot.obj
 0003:00001f74       ?none@solve_opts@arma@@3Uopts_none@12@B 1003cf74     add.obj
 0003:00001f78       ?prob_dist@arma@@3Ugmm_dist_prob@1@B 1003cf78     add.obj
 0003:00001f7c       ?fast@solve_opts@arma@@3Uopts_fast@12@B 1003cf7c     add.obj
 0003:00001f80       ?eucl_dist@arma@@3Ugmm_dist_eucl@1@B 1003cf80     add.obj
 0003:00001f84       ?static_subset@arma@@3Ugmm_seed_static_subset@1@B 1003cf84     add.obj
 0003:00001f88       ?tril@solve_opts@arma@@3Uopts_tril@12@B 1003cf88     dot.obj
 0003:00001f8c       ?triu@solve_opts@arma@@3Uopts_triu@12@B 1003cf8c     dot.obj
 0003:00001f90       ?no_approx@solve_opts@arma@@3Uopts_no_approx@12@B 1003cf90     dot.obj
 0003:00001f94       ?random_spread@arma@@3Ugmm_seed_random_spread@1@B 1003cf94     dot.obj
 0003:00001f98       ?randu@fill@arma@@3U?$fill_class@Ufill_randu@fill@arma@@@12@B 1003cf98     dot.obj
 0003:00001f99       ?randn@fill@arma@@3U?$fill_class@Ufill_randn@fill@arma@@@12@B 1003cf99     dot.obj
 0003:00001f9a       ?endr@arma@@3U?$injector_end_of_row@H@1@B 1003cf9a     dot.obj
 0003:00001f9b       ?none@fill@arma@@3U?$fill_class@Ufill_none@fill@arma@@@12@B 1003cf9b     dot.obj
 0003:00001f9c       ?keep_existing@arma@@3Ugmm_seed_keep_existing@1@B 1003cf9c     dot.obj
 0003:00001fa0       ?random_subset@arma@@3Ugmm_seed_random_subset@1@B 1003cfa0     dot.obj
 0003:00001fa4       ?maha_dist@arma@@3Ugmm_dist_maha@1@B 1003cfa4     dot.obj
 0003:00001fa8       ?static_spread@arma@@3Ugmm_seed_static_spread@1@B 1003cfa8     dot.obj
 0003:00001fac       ?equilibrate@solve_opts@arma@@3Uopts_equilibrate@12@B 1003cfac     dot.obj
 0003:00001fb0       ?none@solve_opts@arma@@3Uopts_none@12@B 1003cfb0     dot.obj
 0003:00001fb4       ?prob_dist@arma@@3Ugmm_dist_prob@1@B 1003cfb4     dot.obj
 0003:00001fb8       ?fast@solve_opts@arma@@3Uopts_fast@12@B 1003cfb8     dot.obj
 0003:00001fbc       ?eucl_dist@arma@@3Ugmm_dist_eucl@1@B 1003cfbc     dot.obj
 0003:00001fc0       ?static_subset@arma@@3Ugmm_seed_static_subset@1@B 1003cfc0     dot.obj
 0003:00001fc4       ?zeros@fill@arma@@3U?$fill_class@Ufill_zeros@fill@arma@@@12@B 1003cfc4     dot.obj
 0003:00001fc5       ?ones@fill@arma@@3U?$fill_class@Ufill_ones@fill@arma@@@12@B 1003cfc5     dot.obj
 0003:00001fc6       ?eye@fill@arma@@3U?$fill_class@Ufill_eye@fill@arma@@@12@B 1003cfc6     transpose.obj
 0003:00001fc7       ?randu@fill@arma@@3U?$fill_class@Ufill_randu@fill@arma@@@12@B 1003cfc7     transpose.obj
 0003:00001fc8       ?tril@solve_opts@arma@@3Uopts_tril@12@B 1003cfc8     transpose.obj
 0003:00001fcc       ?triu@solve_opts@arma@@3Uopts_triu@12@B 1003cfcc     transpose.obj
 0003:00001fd0       ?no_approx@solve_opts@arma@@3Uopts_no_approx@12@B 1003cfd0     transpose.obj
 0003:00001fd4       ?random_spread@arma@@3Ugmm_seed_random_spread@1@B 1003cfd4     transpose.obj
 0003:00001fd8       ?keep_existing@arma@@3Ugmm_seed_keep_existing@1@B 1003cfd8     transpose.obj
 0003:00001fdc       ?randn@fill@arma@@3U?$fill_class@Ufill_randn@fill@arma@@@12@B 1003cfdc     transpose.obj
 0003:00001fdd       ?endr@arma@@3U?$injector_end_of_row@H@1@B 1003cfdd     transpose.obj
 0003:00001fde       ?none@fill@arma@@3U?$fill_class@Ufill_none@fill@arma@@@12@B 1003cfde     transpose.obj
 0003:00001fdf       ?zeros@fill@arma@@3U?$fill_class@Ufill_zeros@fill@arma@@@12@B 1003cfdf     transpose.obj
 0003:00001fe0       ?random_subset@arma@@3Ugmm_seed_random_subset@1@B 1003cfe0     transpose.obj
 0003:00001fe4       ?maha_dist@arma@@3Ugmm_dist_maha@1@B 1003cfe4     transpose.obj
 0003:00001fe8       ?static_spread@arma@@3Ugmm_seed_static_spread@1@B 1003cfe8     transpose.obj
 0003:00001fec       ?equilibrate@solve_opts@arma@@3Uopts_equilibrate@12@B 1003cfec     transpose.obj
 0003:00001ff0       ?none@solve_opts@arma@@3Uopts_none@12@B 1003cff0     transpose.obj
 0003:00001ff4       ?prob_dist@arma@@3Ugmm_dist_prob@1@B 1003cff4     transpose.obj
 0003:00001ff8       ?fast@solve_opts@arma@@3Uopts_fast@12@B 1003cff8     transpose.obj
 0003:00001ffc       ?eucl_dist@arma@@3Ugmm_dist_eucl@1@B 1003cffc     transpose.obj
 0003:00002000       ?static_subset@arma@@3Ugmm_seed_static_subset@1@B 1003d000     transpose.obj
 0003:00002004       ?ones@fill@arma@@3U?$fill_class@Ufill_ones@fill@arma@@@12@B 1003d004     transpose.obj
 0004:00000000       __guard_fids____dcrt_uninitialize_environments_nolock 1003e000     libucrt:environment_initialization.obj
 0004:00000008       __guard_fids__             1003e008     libucrt:initialization.obj
 0004:00000068       __guard_fids____acrt_initialize_ptd 1003e068     libucrt:per_thread_data.obj
 0004:0000006c       __guard_fids__             1003e06c     libucrt:wsetlocale.obj
 0004:00000084       __guard_fids_??$common_show_message_box@_W@@YAHQB_W0I@Z 1003e084     libucrt:crtmbox.obj
 0004:00000088       __guard_fids_??$?RV<lambda_9227be29367c048ad7fd93a717dcb1a1>@@AAV<lambda_a463b7b0560cfcaf9b17f27c6ef46564>@@V<lambda_ccea11b5727ccf69be64f5f5d9a08d9f>@@@?$__crt_seh_guarded_call@H@@QAEH$$QAV<lambda_9227be29367c048ad7fd93a717dcb1a1>@@AAV<lambda_a463b7b0560cfcaf9b17f27c6ef46564>@@$$QAV<lambda_ccea11b5727ccf69be64f5f5d9a08d9f>@@@Z 1003e088     libucrt:winapi_thunks.obj
 0004:0000008c       __guard_fids__             1003e08c     libucrt:stdio_initializer.obj
 0004:00000090       __guard_fids__             1003e090     libucrt:stdio_initializer.obj
 0004:00000094       __guard_fids_??$expand_argument_wildcards@D@@YAHQAD0AAV?$argument_list@D@?A0xb0e4b824@@@Z 1003e094     libucrt:argv_wildcards.obj
 0004:00000098       __guard_fids__             1003e098     libucrt:locale_initializer.obj
 0004:0000009c       __guard_fids__GetLocaleNameFromLangCountry 1003e09c     libucrt:get_qualified_locale.obj
 0004:000000a0       __guard_fids__GetLocaleNameFromLanguage 1003e0a0     libucrt:get_qualified_locale.obj
 0004:000000a4       __guard_fids__GetLcidFromLangCountry 1003e0a4     libucrt:getqloc_downlevel.obj
 0004:000000a8       __guard_fids__GetLcidFromLanguage 1003e0a8     libucrt:getqloc_downlevel.obj
 0004:000000ac       __guard_fids__GetLcidFromCountry 1003e0ac     libucrt:getqloc_downlevel.obj
 0004:000000b0       __guard_fids__             1003e0b0     libucrt:sse2_initializer.obj
 0004:000000b4       __guard_fids____libm_error_support 1003e0b4     libucrt:libm_error.obj
 0004:000000b8       __guard_fids__             1003e0b8     libucrt:timeset_initializer.obj
 0004:000000bc       __guard_fids__             1003e0bc     libucrt:multibyte_initializer.obj
 0004:000000c0       __guard_fids__             1003e0c0     libucrt:console_output_initializer.obj
 0004:000000c4       __guard_fids_??__Einitlocks@std@@YAXXZ 1003e0c4     libcpmt:xlock.obj
 0004:000000c8       __guard_fids__             1003e0c8     libcpmt:xlock.obj
 0004:000000cc       __guard_fids_??__Einitlocks@@YAXXZ 1003e0cc     libcpmt:cout.obj
 0004:000000d0       __guard_fids_??__Efout@std@@YAXXZ 1003e0d0     libcpmt:cout.obj
 0004:000000d4       __guard_fids_??__Ecout@std@@YAXXZ 1003e0d4     libcpmt:cout.obj
 0004:000000d8       __guard_fids__             1003e0d8     libcpmt:cout.obj
 0004:000000e0       __guard_fids__             1003e0e0     libcpmt:cout.obj
 0004:000000e8       __guard_fids__             1003e0e8     libcpmt:cout.obj
 0004:000000f0       __guard_fids__             1003e0f0     libcpmt:cout.obj
 0004:000000f4       __guard_fids__             1003e0f4     libcpmt:cout.obj
 0004:00000100       __guard_fids__             1003e100     libcpmt:cout.obj
 0004:0000012c       __guard_fids__             1003e12c     libcpmt:cout.obj
 0004:00000144       __guard_fids__             1003e144     libcpmt:cout.obj
 0004:0000014c       __guard_fids__             1003e14c     libcpmt:cout.obj
 0004:00000164       __guard_fids__             1003e164     libcpmt:cout.obj
 0004:0000016c       __guard_fids__             1003e16c     libcpmt:cout.obj
 0004:00000170       __guard_fids__             1003e170     libcpmt:cout.obj
 0004:000001ac       __guard_fids__             1003e1ac     libcpmt:cout.obj
 0004:000001e8       __guard_fids__             1003e1e8     libcpmt:cout.obj
 0004:000001ec       __guard_fids__             1003e1ec     libcpmt:cout.obj
 0004:000001f0       __guard_fids__             1003e1f0     libcpmt:cout.obj
 0004:00000218       __guard_fids__             1003e218     libcpmt:cout.obj
 0004:0000021c       __guard_fids__             1003e21c     libcpmt:cout.obj
 0004:00000220       __guard_fids__             1003e220     libcpmt:cout.obj
 0004:00000224       __guard_fids__             1003e224     libcpmt:cout.obj
 0004:00000228       __guard_fids__             1003e228     libcpmt:cout.obj
 0004:0000022c       __guard_fids__             1003e22c     libcpmt:cout.obj
 0004:00000230       __guard_fids_??__E_Fac_tidy_reg@std@@YAXXZ 1003e230     libcpmt:locale0.obj
 0004:00000234       __guard_fids_?_Setgloballocale@locale@std@@CAXPAX@Z 1003e234     libcpmt:locale0.obj
 0004:00000238       __guard_fids_??__Eclassic_locale@std@@YAXXZ 1003e238     libcpmt:locale0.obj
 0004:0000023c       __guard_fids__             1003e23c     libcpmt:locale0.obj
 0004:00000248       __guard_fids__             1003e248     libcpmt:locale0.obj
 0004:0000024c       __guard_fids__             1003e24c     libcpmt:locale0.obj
 0004:00000250       __guard_fids__             1003e250     libcpmt:xthrow.obj
 0004:00000258       __guard_fids__             1003e258     libcpmt:xthrow.obj
 0004:00000260       __guard_fids__             1003e260     libcpmt:xthrow.obj
 0004:00000268       __guard_fids__             1003e268     libcpmt:xthrow.obj
 0004:00000270       __guard_fids__             1003e270     libcpmt:xthrow.obj
 0004:00000274       __guard_fids__             1003e274     libcpmt:xthrow.obj
 0004:00000278       __guard_fids__             1003e278     libcpmt:xthrow.obj
 0004:0000027c       __guard_fids__             1003e27c     libcpmt:xthrow.obj
 0004:00000280       __guard_fids__             1003e280     libcpmt:xthrow.obj
 0004:00000284       __guard_fids__             1003e284     libcpmt:xthrow.obj
 0004:00000288       __guard_fids__             1003e288     libcpmt:xthrow.obj
 0004:0000028c       __guard_fids_??__Einitlocks@std@@YAXXZ 1003e28c     libcpmt:iosptrs.obj
 0004:00000290       __guard_fids_??__Einit_atexit@@YAXXZ 1003e290     libcpmt:iosptrs.obj
 0004:00000294       __guard_fids__             1003e294     libcpmt:iosptrs.obj
 0004:00000298       __guard_fids__             1003e298     libcpmt:iosptrs.obj
 0004:0000029c       __guard_fids__             1003e29c     libcpmt:locale.obj
 0004:000002c8       __guard_fids__             1003e2c8     libcpmt:locale.obj
 0004:000002e8       __guard_fids__             1003e2e8     libcpmt:winapisupp.obj
 0004:000002ec       __guard_fids__             1003e2ec     LIBCMT:thread_safe_statics.obj
 0004:000002f0       __guard_fids_?__scrt_initialize_thread_safe_statics@@YAHXZ 1003e2f0     LIBCMT:thread_safe_statics.obj
 0004:000002f4       __guard_fids__             1003e2f4     LIBCMT:std_type_info_static.obj
 0004:000002f8       __guard_fids_?dllmain_crt_process_attach@@YAHQAUHINSTANCE__@@QAX@Z 1003e2f8     LIBCMT:dll_dllmain.obj
 0004:00000300       __guard_fids_?dllmain_dispatch@@YAHQAUHINSTANCE__@@KQAX@Z 1003e300     LIBCMT:dll_dllmain.obj
 0004:00000304       __guard_fids__             1003e304     LIBCMT:throw_bad_alloc.obj
 0004:0000030c       __guard_fids__             1003e30c     LIBCMT:throw_bad_alloc.obj
 0004:00000310       __guard_fids__             1003e310     LIBCMT:throw_bad_alloc.obj
 0004:00000314       __guard_fids__             1003e314     LIBCMT:guard_support.obj
 0004:00000318       __guard_fids__             1003e318     libvcruntime:frame.obj
 0004:0000031c       __guard_fids__             1003e31c     libvcruntime:frame.obj
 0004:00000324       __guard_fids__             1003e324     libvcruntime:frame.obj
 0004:00000328       __guard_fids__             1003e328     libvcruntime:frame.obj
 0004:0000032c       __guard_fids____vcrt_initialize_ptd 1003e32c     libvcruntime:per_thread_data.obj
 0006:00000060       $R000000                   10040060     * linker generated manifest res *

 Exports

  ordinal    name

        1    __register_pandamat_
               exported name: _register_pandamat_
